Archive member included to satisfy reference by file (symbol)

app/libapp.a(zephyr_platform.c.obj)
                              (--whole-archive)
app/libapp.a(zephyr_thread.c.obj)
                              (--whole-archive)
app/libapp.a(zephyr_time.c.obj)
                              (--whole-archive)
app/libapp.a(ems_alloc.c.obj)
                              (--whole-archive)
app/libapp.a(ems_gc.c.obj)    (--whole-archive)
app/libapp.a(ems_hmu.c.obj)   (--whole-archive)
app/libapp.a(ems_kfc.c.obj)   (--whole-archive)
app/libapp.a(mem_alloc.c.obj)
                              (--whole-archive)
app/libapp.a(bh_assert.c.obj)
                              (--whole-archive)
app/libapp.a(bh_bitmap.c.obj)
                              (--whole-archive)
app/libapp.a(bh_common.c.obj)
                              (--whole-archive)
app/libapp.a(bh_hashmap.c.obj)
                              (--whole-archive)
app/libapp.a(bh_leb128.c.obj)
                              (--whole-archive)
app/libapp.a(bh_list.c.obj)   (--whole-archive)
app/libapp.a(bh_log.c.obj)    (--whole-archive)
app/libapp.a(bh_queue.c.obj)  (--whole-archive)
app/libapp.a(bh_vector.c.obj)
                              (--whole-archive)
app/libapp.a(runtime_timer.c.obj)
                              (--whole-archive)
app/libapp.a(libc_builtin_wrapper.c.obj)
                              (--whole-archive)
app/libapp.a(wasm_application.c.obj)
                              (--whole-archive)
app/libapp.a(wasm_blocking_op.c.obj)
                              (--whole-archive)
app/libapp.a(wasm_c_api.c.obj)
                              (--whole-archive)
app/libapp.a(wasm_exec_env.c.obj)
                              (--whole-archive)
app/libapp.a(wasm_loader_common.c.obj)
                              (--whole-archive)
app/libapp.a(wasm_memory.c.obj)
                              (--whole-archive)
app/libapp.a(wasm_native.c.obj)
                              (--whole-archive)
app/libapp.a(wasm_runtime_common.c.obj)
                              (--whole-archive)
app/libapp.a(wasm_shared_memory.c.obj)
                              (--whole-archive)
app/libapp.a(invokeNative_thumb.s.obj)
                              (--whole-archive)
app/libapp.a(wasm_interp_classic.c.obj)
                              (--whole-archive)
app/libapp.a(wasm_loader.c.obj)
                              (--whole-archive)
app/libapp.a(wasm_runtime.c.obj)
                              (--whole-archive)
app/libapp.a(aot_intrinsic.c.obj)
                              (--whole-archive)
app/libapp.a(aot_loader.c.obj)
                              (--whole-archive)
app/libapp.a(aot_runtime.c.obj)
                              (--whole-archive)
app/libapp.a(aot_reloc_thumb.c.obj)
                              (--whole-archive)
app/libapp.a(main.c.obj)      (--whole-archive)
zephyr/libzephyr.a(validate_libc.c.obj)
                              (--whole-archive)
zephyr/libzephyr.a(heap.c.obj)
                              (--whole-archive)
zephyr/libzephyr.a(heap_stats.c.obj)
                              (--whole-archive)
zephyr/libzephyr.a(cbprintf_packaged.c.obj)
                              (--whole-archive)
zephyr/libzephyr.a(clock.c.obj)
                              (--whole-archive)
zephyr/libzephyr.a(printk.c.obj)
                              (--whole-archive)
zephyr/libzephyr.a(sem.c.obj)
                              (--whole-archive)
zephyr/libzephyr.a(thread_entry.c.obj)
                              (--whole-archive)
zephyr/libzephyr.a(cbprintf_complete.c.obj)
                              (--whole-archive)
zephyr/libzephyr.a(assert.c.obj)
                              (--whole-archive)
zephyr/libzephyr.a(dec.c.obj)
                              (--whole-archive)
zephyr/libzephyr.a(hex.c.obj)
                              (--whole-archive)
zephyr/libzephyr.a(rb.c.obj)  (--whole-archive)
zephyr/libzephyr.a(timeutil.c.obj)
                              (--whole-archive)
zephyr/libzephyr.a(bitarray.c.obj)
                              (--whole-archive)
zephyr/libzephyr.a(bitmask.c.obj)
                              (--whole-archive)
zephyr/libzephyr.a(ring_buffer.c.obj)
                              (--whole-archive)
zephyr/libzephyr.a(last_section_id.c.obj)
                              (--whole-archive)
zephyr/libzephyr.a(configs.c.obj)
                              (--whole-archive)
zephyr/libzephyr.a(stm32cube_hal.c.obj)
                              (--whole-archive)
zephyr/libzephyr.a(soc_config.c.obj)
                              (--whole-archive)
zephyr/libzephyr.a(stm32_backup_sram.c.obj)
                              (--whole-archive)
zephyr/libzephyr.a(stm32_backup_domain.c.obj)
                              (--whole-archive)
zephyr/libzephyr.a(soc.c.obj)
                              (--whole-archive)
zephyr/libzephyr.a(mem_attr.c.obj)
                              (--whole-archive)
zephyr/libzephyr.a(tracing_none.c.obj)
[...]
Memory Configuration

Name             Origin             Length             Attributes
FLASH            0x0000000008000000 0x0000000000080000 xr
RAM              0x0000000020000000 0x0000000000020000 xw
BACKUP_SRAM      0x0000000040024000 0x0000000000001000 rw
SRAM0            0x0000000020000000 0x0000000000020000 rw
IDT_LIST         0x00000000ffff7fff 0x0000000000008000 xw
*default*        0x0000000000000000 0xffffffffffffffff

Linker script and memory map

                0x0000000008014688                vfprintf = __l_vfprintf
                0x0000000000000000                vfscanf = __l_vfscanf
LOAD zephyr/CMakeFiles/zephyr_final.dir/misc/empty_file.c.obj
LOAD zephyr/CMakeFiles/zephyr_final.dir/isr_tables.c.obj
LOAD zephyr/CMakeFiles/offsets.dir/./arch/arm/core/offsets/offsets.c.obj
LOAD app/libapp.a
LOAD zephyr/libzephyr.a
LOAD zephyr/arch/common/libarch__common.a
LOAD zephyr/arch/arch/arm/core/libarch__arm__core.a
LOAD zephyr/arch/arch/arm/core/cortex_m/libarch__arm__core__cortex_m.a
LOAD zephyr/arch/arch/arm/core/mpu/libarch__arm__core__mpu.a
LOAD zephyr/lib/libc/picolibc/liblib__libc__picolibc.a
LOAD zephyr/lib/libc/common/liblib__libc__common.a
LOAD zephyr/lib/posix/c_lib_ext/liblib__posix__c_lib_ext.a
LOAD zephyr/drivers/interrupt_controller/libdrivers__interrupt_controller.a
LOAD zephyr/drivers/clock_control/libdrivers__clock_control.a
LOAD zephyr/drivers/console/libdrivers__console.a
LOAD zephyr/drivers/gpio/libdrivers__gpio.a
LOAD zephyr/drivers/pinctrl/libdrivers__pinctrl.a
LOAD zephyr/drivers/reset/libdrivers__reset.a
LOAD zephyr/drivers/serial/libdrivers__serial.a
LOAD zephyr/drivers/timer/libdrivers__timer.a
LOAD modules/hal_stm32/stm32cube/lib..__modules__hal__stm32__stm32cube.a
LOAD zephyr/kernel/libkernel.a
LOAD zephyr/arch/common/libisr_tables.a
LOAD c:\users\salvo\zephyr-sdk-0.17.4\arm-zephyr-eabi\bin\../lib/gcc/../../picolibc/arm-zephyr-eabi/lib/thumb/v7e-m/nofp\libc.a
LOAD c:/users/salvo/zephyr-sdk-0.17.4/arm-zephyr-eabi/bin/../lib/gcc/arm-zephyr-eabi/12.2.0/thumb/v7e-m/nofp\libgcc.a
                0x0000000000000020                _region_min_align = 0x20

.rel.plt        0x0000000008000000        0x0
 *(SORT_BY_ALIGNMENT(.rel.plt))
                [!provide]                        PROVIDE (__rel_iplt_start = .)
 *(SORT_BY_ALIGNMENT(.rel.iplt))
 .rel.iplt      0x0000000008000000        0x0 zephyr/CMakeFiles/zephyr_final.dir/isr_tables.c.obj
                [!provide]                        PROVIDE (__rel_iplt_end = .)

.rela.plt       0x0000000000000000        0x0
 *(SORT_BY_ALIGNMENT(.rela.plt))
                [!provide]                        PROVIDE (__rela_iplt_start = .)
 *(SORT_BY_ALIGNMENT(.rela.iplt))
                [!provide]                        PROVIDE (__rela_iplt_end = .)

.rel.dyn
 *(SORT_BY_ALIGNMENT(.rel.*))

.rela.dyn
 *(SORT_BY_ALIGNMENT(.rela.*))

/DISCARD/
 *(SORT_BY_ALIGNMENT(.plt))

/DISCARD/
 *(SORT_BY_ALIGNMENT(.iplt))
                0x0000000008000000                __rom_region_start = 0x8000000

rom_start       0x0000000008000000      0x1c4
                0x0000000008000000                __rom_start_address = .
 FILL mask 0x00
                0x0000000008000000                . = (. + (0x0 - (. - __rom_start_address)))
                0x0000000008000000                . = ALIGN (0x4)
                0x0000000008000000                . = ALIGN (0x80)
                0x0000000008000000                . = ALIGN (0x200)
                0x0000000008000000                _vector_start = .
 *(SORT_BY_ALIGNMENT(.exc_vector_table))
 *(SORT_BY_ALIGNMENT(.exc_vector_table.*))
 .exc_vector_table._vector_table_section
                0x0000000008000000       0x40 zephyr/arch/arch/arm/core/cortex_m/libarch__arm__core__cortex_m.a(vector_table.S.obj)
                0x0000000008000000                _vector_table
 *(SORT_BY_ALIGNMENT(.vectors))
                0x00000000080001c4                _vector_end = .
                0x0000000008000040                . = ALIGN (0x4)
 *(SORT_BY_ALIGNMENT(.gnu.linkonce.irq_vector_table*))
 .gnu.linkonce.irq_vector_table
                0x0000000008000040      0x184 zephyr/CMakeFiles/zephyr_final.dir/isr_tables.c.obj
                0x0000000008000040                _irq_vector_table
                0x00000000080001c4                _vector_end = .

text            0x00000000080001d0    0x1a0d8
                0x00000000080001d0                __text_region_start = .
 *(SORT_BY_ALIGNMENT(.text))
 .text          0x00000000080001d0       0xa0 c:\users\salvo\zephyr-sdk-0.17.4\arm-zephyr-eabi\bin\../lib/gcc/../../picolibc/arm-zephyr-eabi/lib/thumb/v7e-m/nofp\libc.a(memchr.S.o)
                0x00000000080001d0                memchr
 .text          0x0000000008000270       0x68 app/libapp.a(invokeNative_thumb.s.obj)
                0x0000000008000270                invokeNative
 .text          0x00000000080002d8       0x24 c:/users/salvo/zephyr-sdk-0.17.4/arm-zephyr-eabi/bin/../lib/gcc/arm-zephyr-eabi/12.2.0/thumb/v7e-m/nofp\libgcc.a(_udivsi3.o)
                0x00000000080002d8                __aeabi_uidiv
                0x00000000080002d8                __udivsi3
                0x00000000080002ec                __aeabi_uidivmod
 .text          0x00000000080002fc       0x2c c:/users/salvo/zephyr-sdk-0.17.4/arm-zephyr-eabi/bin/../lib/gcc/arm-zephyr-eabi/12.2.0/thumb/v7e-m/nofp\libgcc.a(_divsi3.o)
                0x00000000080002fc                __divsi3
                0x00000000080002fc                __aeabi_idiv
                0x0000000008000318                __aeabi_idivmod
 .text          0x0000000008000328       0x18 c:/users/salvo/zephyr-sdk-0.17.4/arm-zephyr-eabi/bin/../lib/gcc/arm-zephyr-eabi/12.2.0/thumb/v7e-m/nofp\libgcc.a(_umodsi3.o)
                0x0000000008000328                __umodsi3
 .text          0x0000000008000340       0x20 c:/users/salvo/zephyr-sdk-0.17.4/arm-zephyr-eabi/bin/../lib/gcc/arm-zephyr-eabi/12.2.0/thumb/v7e-m/nofp\libgcc.a(_modsi3.o)
                0x0000000008000340                __modsi3
 .text          0x0000000008000360        0x4 c:/users/salvo/zephyr-sdk-0.17.4/arm-zephyr-eabi/bin/../lib/gcc/arm-zephyr-eabi/12.2.0/thumb/v7e-m/nofp\libgcc.a(_dvmd_tls.o)
                0x0000000008000360                __aeabi_idiv0
                0x0000000008000360                __aeabi_ldiv0
 .text          0x0000000008000364       0x18 c:/users/salvo/zephyr-sdk-0.17.4/arm-zephyr-eabi/bin/../lib/gcc/arm-zephyr-eabi/12.2.0/thumb/v7e-m/nofp\libgcc.a(_lshrdi3.o)
                0x0000000008000364                __lshrdi3
                0x0000000008000364                __aeabi_llsr
 .text          0x000000000800037c       0x18 c:/users/salvo/zephyr-sdk-0.17.4/arm-zephyr-eabi/bin/../lib/gcc/arm-zephyr-eabi/12.2.0/thumb/v7e-m/nofp\libgcc.a(_ashldi3.o)
                0x000000000800037c                __aeabi_llsl
                0x000000000800037c                __ashldi3
 .text          0x0000000008000394      0x378 c:/users/salvo/zephyr-sdk-0.17.4/arm-zephyr-eabi/bin/../lib/gcc/arm-zephyr-eabi/12.2.0/thumb/v7e-m/nofp\libgcc.a(_arm_addsubdf3.o)
                0x0000000008000394                __aeabi_drsub
                0x000000000800039c                __aeabi_dsub
                0x000000000800039c                __subdf3
                0x00000000080003a0                __aeabi_dadd
                0x00000000080003a0                __adddf3
                0x0000000008000618                __floatunsidf
                0x0000000008000618                __aeabi_ui2d
                0x0000000008000638                __floatsidf
                0x0000000008000638                __aeabi_i2d
                0x000000000800065c                __aeabi_f2d
                0x000000000800065c                __extendsfdf2
                0x00000000080006a0                __floatundidf
                0x00000000080006a0                __aeabi_ul2d
                0x00000000080006b0                __floatdidf
                0x00000000080006b0                __aeabi_l2d
 .text          0x000000000800070c      0x424 c:/users/salvo/zephyr-sdk-0.17.4/arm-zephyr-eabi/bin/../lib/gcc/arm-zephyr-eabi/12.2.0/thumb/v7e-m/nofp\libgcc.a(_arm_muldivdf3.o)
                0x000000000800070c                __aeabi_dmul
                0x000000000800070c                __muldf3
                0x0000000008000960                __divdf3
                0x0000000008000960                __aeabi_ddiv
 .text          0x0000000008000b30      0x110 c:/users/salvo/zephyr-sdk-0.17.4/arm-zephyr-eabi/bin/../lib/gcc/arm-zephyr-eabi/12.2.0/thumb/v7e-m/nofp\libgcc.a(_arm_cmpdf2.o)
                0x0000000008000b30                __gtdf2
                0x0000000008000b30                __gedf2
                0x0000000008000b38                __ltdf2
                0x0000000008000b38                __ledf2
                0x0000000008000b40                __nedf2
                0x0000000008000b40                __eqdf2
                0x0000000008000b40                __cmpdf2
                0x0000000008000bbc                __aeabi_cdrcmple
                0x0000000008000bcc                __aeabi_cdcmpeq
                0x0000000008000bcc                __aeabi_cdcmple
                0x0000000008000bdc                __aeabi_dcmpeq
                0x0000000008000bf0                __aeabi_dcmplt
                0x0000000008000c04                __aeabi_dcmple
                0x0000000008000c18                __aeabi_dcmpge
                0x0000000008000c2c                __aeabi_dcmpgt
 .text          0x0000000008000c40       0x2c c:/users/salvo/zephyr-sdk-0.17.4/arm-zephyr-eabi/bin/../lib/gcc/arm-zephyr-eabi/12.2.0/thumb/v7e-m/nofp\libgcc.a(_arm_unorddf2.o)
                0x0000000008000c40                __unorddf2
                0x0000000008000c40                __aeabi_dcmpun
 .text          0x0000000008000c6c       0x50 c:/users/salvo/zephyr-sdk-0.17.4/arm-zephyr-eabi/bin/../lib/gcc/arm-zephyr-eabi/12.2.0/thumb/v7e-m/nofp\libgcc.a(_arm_fixdfsi.o)
                0x0000000008000c6c                __aeabi_d2iz
                0x0000000008000c6c                __fixdfsi
 .text          0x0000000008000cbc       0x40 c:/users/salvo/zephyr-sdk-0.17.4/arm-zephyr-eabi/bin/../lib/gcc/arm-zephyr-eabi/12.2.0/thumb/v7e-m/nofp\libgcc.a(_arm_fixunsdfsi.o)
                0x0000000008000cbc                __aeabi_d2uiz
                0x0000000008000cbc                __fixunsdfsi
 .text          0x0000000008000cfc       0xa0 c:/users/salvo/zephyr-sdk-0.17.4/arm-zephyr-eabi/bin/../lib/gcc/arm-zephyr-eabi/12.2.0/thumb/v7e-m/nofp\libgcc.a(_arm_truncdfsf2.o)
                0x0000000008000cfc                __truncdfsf2
                0x0000000008000cfc                __aeabi_d2f
 .text          0x0000000008000d9c      0x21c c:/users/salvo/zephyr-sdk-0.17.4/arm-zephyr-eabi/bin/../lib/gcc/arm-zephyr-eabi/12.2.0/thumb/v7e-m/nofp\libgcc.a(_arm_addsubsf3.o)
                0x0000000008000d9c                __aeabi_frsub
                0x0000000008000da4                __subsf3
                0x0000000008000da4                __aeabi_fsub
                0x0000000008000da8                __aeabi_fadd
                0x0000000008000da8                __addsf3
                0x0000000008000f08                __aeabi_ui2f
                0x0000000008000f08                __floatunsisf
                0x0000000008000f10                __aeabi_i2f
                0x0000000008000f10                __floatsisf
                0x0000000008000f2c                __aeabi_ul2f
                0x0000000008000f2c                __floatundisf
                0x0000000008000f3c                __aeabi_l2f
                0x0000000008000f3c                __floatdisf
 .text          0x0000000008000fb8      0x2a0 c:/users/salvo/zephyr-sdk-0.17.4/arm-zephyr-eabi/bin/../lib/gcc/arm-zephyr-eabi/12.2.0/thumb/v7e-m/nofp\libgcc.a(_arm_muldivsf3.o)
                0x0000000008000fb8                __mulsf3
                0x0000000008000fb8                __aeabi_fmul
                0x0000000008001120                __aeabi_fdiv
                0x0000000008001120                __divsf3
 .text          0x0000000008001258       0xec c:/users/salvo/zephyr-sdk-0.17.4/arm-zephyr-eabi/bin/../lib/gcc/arm-zephyr-eabi/12.2.0/thumb/v7e-m/nofp\libgcc.a(_arm_cmpsf2.o)
                0x0000000008001258                __gesf2
                0x0000000008001258                __gtsf2
                0x0000000008001260                __lesf2
                0x0000000008001260                __ltsf2
                0x0000000008001268                __nesf2
                0x0000000008001268                __eqsf2
                0x0000000008001268                __cmpsf2
                0x00000000080012c8                __aeabi_cfrcmple
                0x00000000080012d0                __aeabi_cfcmpeq
                0x00000000080012d0                __aeabi_cfcmple
                0x00000000080012e0                __aeabi_fcmpeq
                0x00000000080012f4                __aeabi_fcmplt
                0x0000000008001308                __aeabi_fcmple
                0x000000000800131c                __aeabi_fcmpge
                0x0000000008001330                __aeabi_fcmpgt
 .text          0x0000000008001344       0x2c c:/users/salvo/zephyr-sdk-0.17.4/arm-zephyr-eabi/bin/../lib/gcc/arm-zephyr-eabi/12.2.0/thumb/v7e-m/nofp\libgcc.a(_arm_unordsf2.o)
                0x0000000008001344                __unordsf2
                0x0000000008001344                __aeabi_fcmpun
 .text          0x0000000008001370       0x4c c:/users/salvo/zephyr-sdk-0.17.4/arm-zephyr-eabi/bin/../lib/gcc/arm-zephyr-eabi/12.2.0/thumb/v7e-m/nofp\libgcc.a(_arm_fixsfsi.o)
                0x0000000008001370                __aeabi_f2iz
                0x0000000008001370                __fixsfsi
 .text          0x00000000080013bc       0x40 c:/users/salvo/zephyr-sdk-0.17.4/arm-zephyr-eabi/bin/../lib/gcc/arm-zephyr-eabi/12.2.0/thumb/v7e-m/nofp\libgcc.a(_arm_fixunssfsi.o)
                0x00000000080013bc                __fixunssfsi
                0x00000000080013bc                __aeabi_f2uiz
 .text          0x00000000080013fc        0x8 c:/users/salvo/zephyr-sdk-0.17.4/arm-zephyr-eabi/bin/../lib/gcc/arm-zephyr-eabi/12.2.0/thumb/v7e-m/nofp\libgcc.a(_clzsi2.o)
                0x00000000080013fc                __clzsi2
 .text          0x0000000008001404       0xa0 c:/users/salvo/zephyr-sdk-0.17.4/arm-zephyr-eabi/bin/../lib/gcc/arm-zephyr-eabi/12.2.0/thumb/v7e-m/nofp\libgcc.a(_aeabi_ldivmod.o)
                0x0000000008001404                __aeabi_ldivmod
 .text          0x00000000080014a4       0x30 c:/users/salvo/zephyr-sdk-0.17.4/arm-zephyr-eabi/bin/../lib/gcc/arm-zephyr-eabi/12.2.0/thumb/v7e-m/nofp\libgcc.a(_aeabi_uldivmod.o)
                0x00000000080014a4                __aeabi_uldivmod
 .text          0x00000000080014d4       0x40 c:/users/salvo/zephyr-sdk-0.17.4/arm-zephyr-eabi/bin/../lib/gcc/arm-zephyr-eabi/12.2.0/thumb/v7e-m/nofp\libgcc.a(_fixunssfdi.o)
                0x00000000080014d4                __fixunssfdi
                0x00000000080014d4                __aeabi_f2ulz
 .text          0x0000000008001514       0x3c c:/users/salvo/zephyr-sdk-0.17.4/arm-zephyr-eabi/bin/../lib/gcc/arm-zephyr-eabi/12.2.0/thumb/v7e-m/nofp\libgcc.a(_fixunsdfdi.o)
                0x0000000008001514                __fixunsdfdi
                0x0000000008001514                __aeabi_d2ulz
 .text          0x0000000008001550       0x14 c:\users\salvo\zephyr-sdk-0.17.4\arm-zephyr-eabi\bin\../lib/gcc/../../picolibc/arm-zephyr-eabi/lib/thumb/v7e-m/nofp\libc.a(strcmp.S.o)
                0x0000000008001550                strcmp
 .text          0x0000000008001564       0x10 c:\users\salvo\zephyr-sdk-0.17.4\arm-zephyr-eabi\bin\../lib/gcc/../../picolibc/arm-zephyr-eabi/lib/thumb/v7e-m/nofp\libc.a(strcpy.S.o)
                0x0000000008001564                strcpy
 .text          0x0000000008001574       0x10 c:\users\salvo\zephyr-sdk-0.17.4\arm-zephyr-eabi\bin\../lib/gcc/../../picolibc/arm-zephyr-eabi/lib/thumb/v7e-m/nofp\libc.a(strlen.S.o)
                0x0000000008001574                strlen
 .text          0x0000000008001584       0x12 c:/users/salvo/zephyr-sdk-0.17.4/arm-zephyr-eabi/bin/../lib/gcc/arm-zephyr-eabi/12.2.0/thumb/v7e-m/nofp\libgcc.a(_muldi3.o)
                0x0000000008001584                __muldi3
                0x0000000008001584                __aeabi_lmul
 .text          0x0000000008001596       0x26 c:/users/salvo/zephyr-sdk-0.17.4/arm-zephyr-eabi/bin/../lib/gcc/arm-zephyr-eabi/12.2.0/thumb/v7e-m/nofp\libgcc.a(_fixsfdi.o)
                0x0000000008001596                __fixsfdi
                0x0000000008001596                __aeabi_f2lz
 .text          0x00000000080015bc       0x2e c:/users/salvo/zephyr-sdk-0.17.4/arm-zephyr-eabi/bin/../lib/gcc/arm-zephyr-eabi/12.2.0/thumb/v7e-m/nofp\libgcc.a(_fixdfdi.o)
                0x00000000080015bc                __fixdfdi
                0x00000000080015bc                __aeabi_d2lz
 .text          0x00000000080015ea      0x254 c:/users/salvo/zephyr-sdk-0.17.4/arm-zephyr-eabi/bin/../lib/gcc/arm-zephyr-eabi/12.2.0/thumb/v7e-m/nofp\libgcc.a(_divdi3.o)
                0x00000000080015ea                __divdi3
 .text          0x000000000800183e      0x206 c:/users/salvo/zephyr-sdk-0.17.4/arm-zephyr-eabi/bin/../lib/gcc/arm-zephyr-eabi/12.2.0/thumb/v7e-m/nofp\libgcc.a(_moddi3.o)
                0x000000000800183e                __moddi3
 .text          0x0000000008001a44      0x21e c:/users/salvo/zephyr-sdk-0.17.4/arm-zephyr-eabi/bin/../lib/gcc/arm-zephyr-eabi/12.2.0/thumb/v7e-m/nofp\libgcc.a(_udivdi3.o)
                0x0000000008001a44                __udivdi3
 .text          0x0000000008001c62      0x1ec c:/users/salvo/zephyr-sdk-0.17.4/arm-zephyr-eabi/bin/../lib/gcc/arm-zephyr-eabi/12.2.0/thumb/v7e-m/nofp\libgcc.a(_umoddi3.o)
                0x0000000008001c62                __umoddi3
 .text          0x0000000008001e4e      0x2a0 c:/users/salvo/zephyr-sdk-0.17.4/arm-zephyr-eabi/bin/../lib/gcc/arm-zephyr-eabi/12.2.0/thumb/v7e-m/nofp\libgcc.a(_udivmoddi4.o)
                0x0000000008001e4e                __udivmoddi4
 *(SORT_BY_ALIGNMENT(.text.*))
 *fill*         0x00000000080020ee        0x2 
 .text._stdout_hook_iwasm
                0x00000000080020f0       0x14 app/libapp.a(zephyr_platform.c.obj)
 .text.bh_platform_init
                0x0000000008002104       0x40 app/libapp.a(zephyr_platform.c.obj)
                0x0000000008002104                bh_platform_init
 .text.os_mmap  0x0000000008002144       0x34 app/libapp.a(zephyr_platform.c.obj)
                0x0000000008002144                os_mmap
 .text.os_munmap
                0x0000000008002178       0x10 app/libapp.a(zephyr_platform.c.obj)
                0x0000000008002178                os_munmap
 .text.os_thread_sys_init
                0x0000000008002188       0x5c app/libapp.a(zephyr_thread.c.obj)
                0x0000000008002188                os_thread_sys_init
 .text.os_thread_sys_destroy
                0x00000000080021e4       0x10 app/libapp.a(zephyr_thread.c.obj)
                0x00000000080021e4                os_thread_sys_destroy
 .text.os_self_thread
                0x00000000080021f4       0x14 app/libapp.a(zephyr_thread.c.obj)
                0x00000000080021f4                os_self_thread
 .text.os_thread_get_stack_boundary
                0x0000000008002208       0x14 app/libapp.a(zephyr_thread.c.obj)
                0x0000000008002208                os_thread_get_stack_boundary
 .text.unlink_hmu
                0x000000000800221c       0x84 app/libapp.a(ems_alloc.c.obj)
 .text.gci_add_fc
                0x00000000080022a0       0x88 app/libapp.a(ems_alloc.c.obj)
                0x00000000080022a0                gci_add_fc
 .text.gc_alloc_vo
                0x0000000008002328       0x78 app/libapp.a(ems_alloc.c.obj)
                0x0000000008002328                gc_alloc_vo
 .text.gc_free_vo
                0x00000000080023a0       0xfc app/libapp.a(ems_alloc.c.obj)
                0x00000000080023a0                gc_free_vo
 .text.gc_realloc_vo
                0x000000000800249c      0x14c app/libapp.a(ems_alloc.c.obj)
                0x000000000800249c                gc_realloc_vo
 .text.gc_init_internal
                0x00000000080025e8       0xa0 app/libapp.a(ems_kfc.c.obj)
 .text.gc_init_with_pool
                0x0000000008002688       0x48 app/libapp.a(ems_kfc.c.obj)
                0x0000000008002688                gc_init_with_pool
 .text.gc_init_with_struct_and_pool
                0x00000000080026d0       0x70 app/libapp.a(ems_kfc.c.obj)
                0x00000000080026d0                gc_init_with_struct_and_pool
 .text.gc_migrate
                0x0000000008002740       0xe4 app/libapp.a(ems_kfc.c.obj)
                0x0000000008002740                gc_migrate
 .text.bh_hash_map_create
                0x0000000008002824       0xac app/libapp.a(bh_hashmap.c.obj)
                0x0000000008002824                bh_hash_map_create
 .text.bh_hash_map_insert
                0x00000000080028d0       0xa0 app/libapp.a(bh_hashmap.c.obj)
                0x00000000080028d0                bh_hash_map_insert
 .text.bh_hash_map_find
                0x0000000008002970       0x68 app/libapp.a(bh_hashmap.c.obj)
                0x0000000008002970                bh_hash_map_find
 .text.bh_hash_map_destroy
                0x00000000080029d8       0x74 app/libapp.a(bh_hashmap.c.obj)
                0x00000000080029d8                bh_hash_map_destroy
 .text.bh_log_set_verbose_level
                0x0000000008002a4c        0xc app/libapp.a(bh_log.c.obj)
                0x0000000008002a4c                bh_log_set_verbose_level
 .text.bh_log   0x0000000008002a58       0xc4 app/libapp.a(bh_log.c.obj)
                0x0000000008002a58                bh_log
 .text.bh_vector_destroy
                0x0000000008002b1c       0x40 app/libapp.a(bh_vector.c.obj)
                0x0000000008002b1c                bh_vector_destroy
 .text.__cxa_throw_wrapper
                0x0000000008002b5c       0x24 app/libapp.a(libc_builtin_wrapper.c.obj)
 .text.nullFunc_X_wrapper
                0x0000000008002b80       0x28 app/libapp.a(libc_builtin_wrapper.c.obj)
 .text.abortStackOverflow_wrapper
                0x0000000008002ba8       0x28 app/libapp.a(libc_builtin_wrapper.c.obj)
 .text.abort_wrapper
                0x0000000008002bd0       0x28 app/libapp.a(libc_builtin_wrapper.c.obj)
 .text.exit_wrapper
                0x0000000008002bf8       0x28 app/libapp.a(libc_builtin_wrapper.c.obj)
 .text.putchar_wrapper
                0x0000000008002c20       0x10 app/libapp.a(libc_builtin_wrapper.c.obj)
 .text.puts_wrapper
                0x0000000008002c30        0xc app/libapp.a(libc_builtin_wrapper.c.obj)
 .text.printf_out
                0x0000000008002c3c       0x1c app/libapp.a(libc_builtin_wrapper.c.obj)
 .text._vprintf_wa
                0x0000000008002c58      0x3d8 app/libapp.a(libc_builtin_wrapper.c.obj)
 .text.snprintf_wrapper
                0x0000000008003030       0x54 app/libapp.a(libc_builtin_wrapper.c.obj)
 .text.sprintf_wrapper
                0x0000000008003084       0x74 app/libapp.a(libc_builtin_wrapper.c.obj)
 .text.printf_wrapper
                0x00000000080030f8       0x44 app/libapp.a(libc_builtin_wrapper.c.obj)
 .text.clock_gettime_wrapper
                0x000000000800313c       0x3c app/libapp.a(libc_builtin_wrapper.c.obj)
 .text.get_libc_builtin_export_apis
                0x0000000008003178        0xc app/libapp.a(libc_builtin_wrapper.c.obj)
                0x0000000008003178                get_libc_builtin_export_apis
 .text.wasm_native_lookup_libc_builtin_global
                0x0000000008003184       0x60 app/libapp.a(libc_builtin_wrapper.c.obj)
                0x0000000008003184                wasm_native_lookup_libc_builtin_global
 .text.wasm_loader_set_error_buf
                0x00000000080031e4       0x28 app/libapp.a(wasm_loader_common.c.obj)
                0x00000000080031e4                wasm_loader_set_error_buf
 .text.wasm_memory_check_flags
                0x000000000800320c       0x5c app/libapp.a(wasm_loader_common.c.obj)
                0x000000000800320c                wasm_memory_check_flags
 .text.wasm_table_check_flags
                0x0000000008003268       0x4c app/libapp.a(wasm_loader_common.c.obj)
                0x0000000008003268                wasm_table_check_flags
 .text.is_indices_overflow
                0x00000000080032b4       0x28 app/libapp.a(wasm_loader_common.c.obj)
                0x00000000080032b4                is_indices_overflow
 .text.read_leb
                0x00000000080032dc       0x5c app/libapp.a(wasm_loader_common.c.obj)
                0x00000000080032dc                read_leb
 .text.wasm_mremap_linear_memory
                0x0000000008003338       0x5c app/libapp.a(wasm_memory.c.obj)
 .text.wasm_runtime_memory_init
                0x0000000008003394       0xa4 app/libapp.a(wasm_memory.c.obj)
                0x0000000008003394                wasm_runtime_memory_init
 .text.wasm_runtime_memory_destroy
                0x0000000008003438       0x20 app/libapp.a(wasm_memory.c.obj)
                0x0000000008003438                wasm_runtime_memory_destroy
 .text.wasm_runtime_malloc
                0x0000000008003458       0x64 app/libapp.a(wasm_memory.c.obj)
                0x0000000008003458                wasm_runtime_malloc
 .text.wasm_runtime_realloc
                0x00000000080034bc       0x58 app/libapp.a(wasm_memory.c.obj)
                0x00000000080034bc                wasm_runtime_realloc
 .text.wasm_runtime_free
                0x0000000008003514       0x48 app/libapp.a(wasm_memory.c.obj)
                0x0000000008003514                wasm_runtime_free
 .text.wasm_runtime_get_mem_alloc_info
                0x000000000800355c       0x20 app/libapp.a(wasm_memory.c.obj)
                0x000000000800355c                wasm_runtime_get_mem_alloc_info
 .text.wasm_runtime_validate_app_addr
                0x000000000800357c       0x4c app/libapp.a(wasm_memory.c.obj)
                0x000000000800357c                wasm_runtime_validate_app_addr
 .text.wasm_runtime_validate_native_addr
                0x00000000080035c8       0x44 app/libapp.a(wasm_memory.c.obj)
                0x00000000080035c8                wasm_runtime_validate_native_addr
 .text.wasm_runtime_validate_app_str_addr
                0x000000000800360c       0x74 app/libapp.a(wasm_memory.c.obj)
                0x000000000800360c                wasm_runtime_validate_app_str_addr
 .text.wasm_check_app_addr_and_convert
                0x0000000008003680       0x68 app/libapp.a(wasm_memory.c.obj)
                0x0000000008003680                wasm_check_app_addr_and_convert
 .text.wasm_enlarge_memory_internal
                0x00000000080036e8      0x110 app/libapp.a(wasm_memory.c.obj)
 .text.register_natives
                0x00000000080037f8       0x3c app/libapp.a(wasm_native.c.obj)
 .text.wasm_native_resolve_symbol
                0x0000000008003834      0x1e0 app/libapp.a(wasm_native.c.obj)
                0x0000000008003834                wasm_native_resolve_symbol
 .text.wasm_native_destroy
                0x0000000008003a14       0x1c app/libapp.a(wasm_native.c.obj)
                0x0000000008003a14                wasm_native_destroy
 .text.wasm_native_init
                0x0000000008003a30       0x3c app/libapp.a(wasm_native.c.obj)
                0x0000000008003a30                wasm_native_init
 .text.wasm_native_lookup_quick_aot_entry
                0x0000000008003a6c       0xa4 app/libapp.a(wasm_native.c.obj)
                0x0000000008003a6c                wasm_native_lookup_quick_aot_entry
 .text.wasm_set_exception_local
                0x0000000008003b10       0x18 app/libapp.a(wasm_runtime_common.c.obj)
 .text.set_error_buf
                0x0000000008003b28       0x10 app/libapp.a(wasm_runtime_common.c.obj)
 .text.runtime_malloc.constprop.0
                0x0000000008003b38       0x2c app/libapp.a(wasm_runtime_common.c.obj)
 .text.wasm_runtime_destroy
                0x0000000008003b64       0x24 app/libapp.a(wasm_runtime_common.c.obj)
                0x0000000008003b64                wasm_runtime_destroy
 .text.wasm_runtime_get_default_running_mode
                0x0000000008003b88        0xc app/libapp.a(wasm_runtime_common.c.obj)
                0x0000000008003b88                wasm_runtime_get_default_running_mode
 .text.wasm_runtime_set_default_running_mode
                0x0000000008003b94       0x14 app/libapp.a(wasm_runtime_common.c.obj)
                0x0000000008003b94                wasm_runtime_set_default_running_mode
 .text.wasm_runtime_full_init
                0x0000000008003ba8       0x6c app/libapp.a(wasm_runtime_common.c.obj)
                0x0000000008003ba8                wasm_runtime_full_init
 .text.wasm_runtime_is_built_in_module
                0x0000000008003c14       0x3c app/libapp.a(wasm_runtime_common.c.obj)
                0x0000000008003c14                wasm_runtime_is_built_in_module
 .text.wasm_runtime_load_ex
                0x0000000008003c50       0x6c app/libapp.a(wasm_runtime_common.c.obj)
                0x0000000008003c50                wasm_runtime_load_ex
 .text.wasm_runtime_load
                0x0000000008003cbc       0x1c app/libapp.a(wasm_runtime_common.c.obj)
                0x0000000008003cbc                wasm_runtime_load
 .text.wasm_runtime_get_max_mem
                0x0000000008003cd8       0x38 app/libapp.a(wasm_runtime_common.c.obj)
                0x0000000008003cd8                wasm_runtime_get_max_mem
 .text.wasm_runtime_instantiate_internal
                0x0000000008003d10       0x30 app/libapp.a(wasm_runtime_common.c.obj)
                0x0000000008003d10                wasm_runtime_instantiate_internal
 .text.wasm_runtime_call_wasm
                0x0000000008003d40       0x58 app/libapp.a(wasm_runtime_common.c.obj)
                0x0000000008003d40                wasm_runtime_call_wasm
 .text.wasm_set_exception_with_id
                0x0000000008003d98       0x18 app/libapp.a(wasm_runtime_common.c.obj)
                0x0000000008003d98                wasm_set_exception_with_id
 .text.wasm_runtime_terminate
                0x0000000008003db0        0xc app/libapp.a(wasm_runtime_common.c.obj)
                0x0000000008003db0                wasm_runtime_terminate
 .text.wasm_runtime_invoke_native
                0x0000000008003dbc      0x1dc app/libapp.a(wasm_runtime_common.c.obj)
                0x0000000008003dbc                wasm_runtime_invoke_native
 .text.wasm_runtime_invoke_c_api_native
                0x0000000008003f98      0x214 app/libapp.a(wasm_runtime_common.c.obj)
                0x0000000008003f98                wasm_runtime_invoke_c_api_native
 .text.wasm_runtime_quick_invoke_c_api_native
                0x00000000080041ac       0x94 app/libapp.a(wasm_runtime_common.c.obj)
                0x00000000080041ac                wasm_runtime_quick_invoke_c_api_native
 .text.wasm_runtime_show_app_heap_corrupted_prompt
                0x0000000008004240       0x10 app/libapp.a(wasm_runtime_common.c.obj)
                0x0000000008004240                wasm_runtime_show_app_heap_corrupted_prompt
 .text.wasm_runtime_detect_native_stack_overflow
                0x0000000008004250       0x28 app/libapp.a(wasm_runtime_common.c.obj)
                0x0000000008004250                wasm_runtime_detect_native_stack_overflow
 .text.trunc_f32_to_int
                0x0000000008004278      0x110 app/libapp.a(wasm_interp_classic.c.obj)
 .text.trunc_f64_to_int
                0x0000000008004388      0x148 app/libapp.a(wasm_interp_classic.c.obj)
 .text.ALLOC_FRAME
                0x00000000080044d0       0x2c app/libapp.a(wasm_interp_classic.c.obj)
 .text.wasm_interp_call_func_native
                0x00000000080044fc      0x138 app/libapp.a(wasm_interp_classic.c.obj)
 .text.wasm_interp_call_func_bytecode
                0x0000000008004634     0x2e50 app/libapp.a(wasm_interp_classic.c.obj)
 .text.wasm_interp_call_wasm
                0x0000000008007484       0xf0 app/libapp.a(wasm_interp_classic.c.obj)
                0x0000000008007484                wasm_interp_call_wasm
 .text.loader_malloc
                0x0000000008007574       0x44 app/libapp.a(wasm_loader.c.obj)
 .text.check_buf
                0x00000000080075b8       0x24 app/libapp.a(wasm_loader.c.obj)
 .text.set_error_buf_v
                0x00000000080075dc       0x34 app/libapp.a(wasm_loader.c.obj)
 .text.load_memory
                0x0000000008007610      0x10c app/libapp.a(wasm_loader.c.obj)
 .text.load_export_section
                0x000000000800771c      0x21c app/libapp.a(wasm_loader.c.obj)
 .text.wasm_loader_push_frame_csp
                0x0000000008007938       0xa4 app/libapp.a(wasm_loader.c.obj)
 .text.load_type_section
                0x00000000080079dc      0x2d8 app/libapp.a(wasm_loader.c.obj)
 .text.wasm_loader_push_frame_ref
                0x0000000008007cb4       0x84 app/libapp.a(wasm_loader.c.obj)
 .text.check_stack_top_values.constprop.0
                0x0000000008007d38       0xa8 app/libapp.a(wasm_loader.c.obj)
 .text.check_branch_block
                0x0000000008007de0      0x1b8 app/libapp.a(wasm_loader.c.obj)
 .text.check_block_stack
                0x0000000008007f98       0xd8 app/libapp.a(wasm_loader.c.obj)
 .text.load_init_expr.constprop.0
                0x0000000008008070      0x234 app/libapp.a(wasm_loader.c.obj)
 .text.load_data_segment_section
                0x00000000080082a4      0x1d8 app/libapp.a(wasm_loader.c.obj)
 .text.load_table_segment_section
                0x000000000800847c      0x1d8 app/libapp.a(wasm_loader.c.obj)
 .text.load_global_section
                0x0000000008008654      0x108 app/libapp.a(wasm_loader.c.obj)
 .text.load_function_section
                0x000000000800875c      0x33c app/libapp.a(wasm_loader.c.obj)
 .text.load_import_section
                0x0000000008008a98      0x748 app/libapp.a(wasm_loader.c.obj)
 .text.load_from_sections
                0x00000000080091e0     0x22b0 app/libapp.a(wasm_loader.c.obj)
 .text.wasm_loader_load
                0x000000000800b490      0x19c app/libapp.a(wasm_loader.c.obj)
                0x000000000800b490                wasm_loader_load
 .text.wasm_loader_find_block_addr
                0x000000000800b62c      0x498 app/libapp.a(wasm_loader.c.obj)
                0x000000000800b62c                wasm_loader_find_block_addr
 .text.set_error_buf_v
                0x000000000800bac4       0x34 app/libapp.a(wasm_runtime.c.obj)
 .text.set_error_buf
                0x000000000800baf8       0x10 app/libapp.a(wasm_runtime.c.obj)
 .text.runtime_malloc
                0x000000000800bb08       0x44 app/libapp.a(wasm_runtime.c.obj)
 .text.get_init_value_recursive
                0x000000000800bb4c       0x68 app/libapp.a(wasm_runtime.c.obj)
 .text.memory_instantiate.constprop.0
                0x000000000800bbb4      0x270 app/libapp.a(wasm_runtime.c.obj)
 .text.wasm_lookup_function
                0x000000000800be24       0x30 app/libapp.a(wasm_runtime.c.obj)
                0x000000000800be24                wasm_lookup_function
 .text.wasm_instantiate
                0x000000000800be54      0xa6c app/libapp.a(wasm_runtime.c.obj)
                0x000000000800be54                wasm_instantiate
 .text.wasm_module_malloc_internal
                0x000000000800c8c0      0x118 app/libapp.a(wasm_runtime.c.obj)
                0x000000000800c8c0                wasm_module_malloc_internal
 .text.wasm_module_realloc_internal
                0x000000000800c9d8       0x6c app/libapp.a(wasm_runtime.c.obj)
                0x000000000800c9d8                wasm_module_realloc_internal
 .text.wasm_module_free_internal
                0x000000000800ca44       0x9c app/libapp.a(wasm_runtime.c.obj)
                0x000000000800ca44                wasm_module_free_internal
 .text.wasm_check_utf8_str
                0x000000000800cae0       0xcc app/libapp.a(wasm_runtime.c.obj)
                0x000000000800cae0                wasm_check_utf8_str
 .text.wasm_const_str_list_insert
                0x000000000800cbac       0xb4 app/libapp.a(wasm_runtime.c.obj)
                0x000000000800cbac                wasm_const_str_list_insert
 .text.aot_intrinsic_fmin_f32
                0x000000000800cc60       0x40 app/libapp.a(aot_intrinsic.c.obj)
                0x000000000800cc60                aot_intrinsic_fmin_f32
 .text.aot_intrinsic_fmin_f64
                0x000000000800cca0       0x58 app/libapp.a(aot_intrinsic.c.obj)
                0x000000000800cca0                aot_intrinsic_fmin_f64
 .text.aot_intrinsic_fmax_f32
                0x000000000800ccf8       0x40 app/libapp.a(aot_intrinsic.c.obj)
                0x000000000800ccf8                aot_intrinsic_fmax_f32
 .text.aot_intrinsic_fmax_f64
                0x000000000800cd38       0x58 app/libapp.a(aot_intrinsic.c.obj)
                0x000000000800cd38                aot_intrinsic_fmax_f64
 .text.is_text_section
                0x000000000800cd90       0x28 app/libapp.a(aot_loader.c.obj)
 .text.set_error_buf_v
                0x000000000800cdb8       0x34 app/libapp.a(aot_loader.c.obj)
 .text.set_error_buf
                0x000000000800cdec       0x10 app/libapp.a(aot_loader.c.obj)
 .text.loader_malloc
                0x000000000800cdfc       0x44 app/libapp.a(aot_loader.c.obj)
 .text.check_buf
                0x000000000800ce40       0x24 app/libapp.a(aot_loader.c.obj)
 .text.load_string
                0x000000000800ce64       0x88 app/libapp.a(aot_loader.c.obj)
 .text.loader_mmap
                0x000000000800ceec       0x34 app/libapp.a(aot_loader.c.obj)
 .text.load_native_symbol_section
                0x000000000800cf20      0x1e4 app/libapp.a(aot_loader.c.obj)
 .text.load_init_expr.constprop.0
                0x000000000800d104       0xe4 app/libapp.a(aot_loader.c.obj)
 .text.load_types
                0x000000000800d1e8      0x168 app/libapp.a(aot_loader.c.obj)
 .text.load_from_sections
                0x000000000800d350     0x18e0 app/libapp.a(aot_loader.c.obj)
 .text.aot_load_from_aot_file
                0x000000000800ec30      0x310 app/libapp.a(aot_loader.c.obj)
                0x000000000800ec30                aot_load_from_aot_file
 .text.set_error_buf_v
                0x000000000800ef40       0x34 app/libapp.a(aot_runtime.c.obj)
 .text.set_error_buf
                0x000000000800ef74       0x10 app/libapp.a(aot_runtime.c.obj)
 .text.runtime_malloc
                0x000000000800ef84       0x44 app/libapp.a(aot_runtime.c.obj)
 .text.check_global_init_expr
                0x000000000800efc8       0x50 app/libapp.a(aot_runtime.c.obj)
 .text.aot_lookup_function
                0x000000000800f018       0x38 app/libapp.a(aot_runtime.c.obj)
                0x000000000800f018                aot_lookup_function
 .text.aot_call_function
                0x000000000800f050      0x1a4 app/libapp.a(aot_runtime.c.obj)
                0x000000000800f050                aot_call_function
 .text.aot_instantiate
                0x000000000800f1f4      0xa58 app/libapp.a(aot_runtime.c.obj)
                0x000000000800f1f4                aot_instantiate
 .text.aot_module_malloc_internal
                0x000000000800fc4c      0x140 app/libapp.a(aot_runtime.c.obj)
                0x000000000800fc4c                aot_module_malloc_internal
 .text.aot_module_realloc_internal
                0x000000000800fd8c       0x60 app/libapp.a(aot_runtime.c.obj)
                0x000000000800fd8c                aot_module_realloc_internal
 .text.aot_module_free_internal
                0x000000000800fdec       0xd8 app/libapp.a(aot_runtime.c.obj)
                0x000000000800fdec                aot_module_free_internal
 .text.aot_invoke_native
                0x000000000800fec4       0xb0 app/libapp.a(aot_runtime.c.obj)
                0x000000000800fec4                aot_invoke_native
 .text.aot_call_indirect
                0x000000000800ff74      0x1e0 app/libapp.a(aot_runtime.c.obj)
                0x000000000800ff74                aot_call_indirect
 .text.aot_memory_init
                0x0000000008010154       0xac app/libapp.a(aot_runtime.c.obj)
                0x0000000008010154                aot_memory_init
 .text.aot_const_str_set_insert
                0x0000000008010200       0xac app/libapp.a(aot_runtime.c.obj)
                0x0000000008010200                aot_const_str_set_insert
 .text.set_error_buf
                0x00000000080102ac       0x10 app/libapp.a(aot_reloc_thumb.c.obj)
 .text.get_target_symbol_map
                0x00000000080102bc        0xc app/libapp.a(aot_reloc_thumb.c.obj)
                0x00000000080102bc                get_target_symbol_map
 .text.get_current_target
                0x00000000080102c8       0x38 app/libapp.a(aot_reloc_thumb.c.obj)
                0x00000000080102c8                get_current_target
 .text.init_plt_table
                0x0000000008010300       0x64 app/libapp.a(aot_reloc_thumb.c.obj)
                0x0000000008010300                init_plt_table
 .text.apply_relocation
                0x0000000008010364      0x1b4 app/libapp.a(aot_reloc_thumb.c.obj)
                0x0000000008010364                apply_relocation
 .text.copy_param_value
                0x0000000008010518       0x3c app/libapp.a(main.c.obj)
 .text.slot_find
                0x0000000008010554       0x40 app/libapp.a(main.c.obj)
 .text.agent_write_str
                0x0000000008010594       0x48 app/libapp.a(main.c.obj)
 .text.gpio_toggle_native
                0x00000000080105dc       0x38 app/libapp.a(main.c.obj)
 .text.module_worker.part.0
                0x0000000008010614      0x194 app/libapp.a(main.c.obj)
 .text.module_worker
                0x00000000080107a8       0x20 app/libapp.a(main.c.obj)
 .text.slot_ensure_worker
                0x00000000080107c8       0x60 app/libapp.a(main.c.obj)
 .text.comm_thread_entry.part.0
                0x0000000008010828      0x8b4 app/libapp.a(main.c.obj)
 .text.comm_thread_entry
                0x00000000080110dc       0x54 app/libapp.a(main.c.obj)
 .text.stop_dwork_handler
                0x0000000008011130       0xe0 app/libapp.a(main.c.obj)
 .text.serial_cb
                0x0000000008011210       0xd8 app/libapp.a(main.c.obj)
 .text.led_toggle_native
                0x00000000080112e8       0x74 app/libapp.a(main.c.obj)
 .text.uart_print_native
                0x000000000801135c       0x58 app/libapp.a(main.c.obj)
 .text.iwasm_init
                0x00000000080113b4       0x40 app/libapp.a(main.c.obj)
                0x00000000080113b4                iwasm_init
 .text.char_out
                0x00000000080113f4        0xc zephyr/libzephyr.a(printk.c.obj)
 .text.__printk_hook_install
                0x0000000008011400        0xc zephyr/libzephyr.a(printk.c.obj)
                0x0000000008011400                __printk_hook_install
 .text.vprintk  0x000000000801140c       0x30 zephyr/libzephyr.a(printk.c.obj)
                0x000000000801140c                vprintk
 .text.z_thread_entry
                0x000000000801143c       0x34 zephyr/libzephyr.a(thread_entry.c.obj)
                0x000000000801143c                z_thread_entry
 .text.st_stm32_common_config
                0x0000000008011470       0x14 zephyr/libzephyr.a(soc_config.c.obj)
 .text.stm32_backup_sram_init
                0x0000000008011484       0x4c zephyr/libzephyr.a(stm32_backup_sram.c.obj)
 .text.stm32_backup_domain_enable_access
                0x00000000080114d0       0x3c zephyr/libzephyr.a(stm32_backup_domain.c.obj)
                0x00000000080114d0                stm32_backup_domain_enable_access
 .text.soc_early_init_hook
                0x000000000801150c       0x30 zephyr/libzephyr.a(soc.c.obj)
                0x000000000801150c                soc_early_init_hook
 .text.mem_attr_get_regions
                0x000000000801153c        0xc zephyr/libzephyr.a(mem_attr.c.obj)
                0x000000000801153c                mem_attr_get_regions
 .text.arch_bss_zero
                0x0000000008011548       0x18 zephyr/arch/common/libarch__common.a(init.c.obj)
                0x0000000008011548                arch_bss_zero
 .text.arch_data_copy
                0x0000000008011560       0x38 zephyr/arch/common/libarch__common.a(xip.c.obj)
                0x0000000008011560                arch_data_copy
 .text.z_arm_fatal_error
                0x0000000008011598       0x60 zephyr/arch/arch/arm/core/libarch__arm__core.a(fatal.c.obj)
                0x0000000008011598                z_arm_fatal_error
 .text.z_SysNmiOnReset
                0x00000000080115f8        0x8 zephyr/arch/arch/arm/core/libarch__arm__core.a(nmi_on_reset.S.obj)
                0x00000000080115f8                z_SysNmiOnReset
 .text.arch_tls_stack_setup
                0x0000000008011600       0x40 zephyr/arch/arch/arm/core/libarch__arm__core.a(tls.c.obj)
                0x0000000008011600                arch_tls_stack_setup
 .text._HandlerModeExit
                0x0000000008011640       0x20 zephyr/arch/arch/arm/core/cortex_m/libarch__arm__core__cortex_m.a(exc_exit.c.obj)
                0x0000000008011640                z_arm_int_exit
                0x0000000008011640                z_arm_exc_exit
 .text.mem_manage_fault
                0x0000000008011660       0xf0 zephyr/arch/arch/arm/core/cortex_m/libarch__arm__core__cortex_m.a(fault.c.obj)
 .text.usage_fault.constprop.0
                0x0000000008011750       0x98 zephyr/arch/arch/arm/core/cortex_m/libarch__arm__core__cortex_m.a(fault.c.obj)
 .text.bus_fault.constprop.0
                0x00000000080117e8       0xb8 zephyr/arch/arch/arm/core/cortex_m/libarch__arm__core__cortex_m.a(fault.c.obj)
 .text.z_arm_fault
                0x00000000080118a0      0x1a0 zephyr/arch/arch/arm/core/cortex_m/libarch__arm__core__cortex_m.a(fault.c.obj)
                0x00000000080118a0                z_arm_fault
 .text.z_arm_fault_init
                0x0000000008011a40       0x18 zephyr/arch/arch/arm/core/cortex_m/libarch__arm__core__cortex_m.a(fault.c.obj)
                0x0000000008011a40                z_arm_fault_init
 .text.__fault  0x0000000008011a58       0x14 zephyr/arch/arch/arm/core/cortex_m/libarch__arm__core__cortex_m.a(fault_s.S.obj)
                0x0000000008011a58                z_arm_usage_fault
                0x0000000008011a58                z_arm_mpu_fault
                0x0000000008011a58                z_arm_exc_spurious
                0x0000000008011a58                z_arm_debug_monitor
                0x0000000008011a58                z_arm_hard_fault
                0x0000000008011a58                z_arm_bus_fault
 .text._reset_section
                0x0000000008011a6c       0x44 zephyr/arch/arch/arm/core/cortex_m/libarch__arm__core__cortex_m.a(reset.S.obj)
                0x0000000008011a6c                __start
                0x0000000008011a6c                z_arm_reset
 .text.z_impl_k_thread_abort
                0x0000000008011ab0       0x2c zephyr/arch/arch/arm/core/cortex_m/libarch__arm__core__cortex_m.a(thread_abort.c.obj)
                0x0000000008011ab0                z_impl_k_thread_abort
 .text.z_arm_pendsv
                0x0000000008011adc       0x60 zephyr/arch/arch/arm/core/cortex_m/libarch__arm__core__cortex_m.a(swap_helper.S.obj)
                0x0000000008011adc                z_arm_pendsv
 .text.z_arm_svc
                0x0000000008011b3c       0x24 zephyr/arch/arch/arm/core/cortex_m/libarch__arm__core__cortex_m.a(swap_helper.S.obj)
                0x0000000008011b3c                z_arm_svc
 .text.arm_irq_enable
                0x0000000008011b60       0x1c zephyr/arch/arch/arm/core/cortex_m/libarch__arm__core__cortex_m.a(irq_manage.c.obj)
                0x0000000008011b60                arm_irq_enable
 .text.arm_irq_priority_set
                0x0000000008011b7c       0x30 zephyr/arch/arch/arm/core/cortex_m/libarch__arm__core__cortex_m.a(irq_manage.c.obj)
                0x0000000008011b7c                arm_irq_priority_set
 .text.relocate_vector_table
                0x0000000008011bac       0x1c zephyr/arch/arch/arm/core/cortex_m/libarch__arm__core__cortex_m.a(prep_c.c.obj)
                0x0000000008011bac                relocate_vector_table
 .text.z_prep_c
                0x0000000008011bc8       0x38 zephyr/arch/arch/arm/core/cortex_m/libarch__arm__core__cortex_m.a(prep_c.c.obj)
                0x0000000008011bc8                z_prep_c
 .text.arch_new_thread
                0x0000000008011c00       0x38 zephyr/arch/arch/arm/core/cortex_m/libarch__arm__core__cortex_m.a(thread.c.obj)
                0x0000000008011c00                arch_new_thread
 .text.z_check_thread_stack_fail
                0x0000000008011c38       0x2c zephyr/arch/arch/arm/core/cortex_m/libarch__arm__core__cortex_m.a(thread.c.obj)
                0x0000000008011c38                z_check_thread_stack_fail
 .text.arch_switch_to_main_thread
                0x0000000008011c64       0x3c zephyr/arch/arch/arm/core/cortex_m/libarch__arm__core__cortex_m.a(thread.c.obj)
                0x0000000008011c64                arch_switch_to_main_thread
 .text.z_arm_cpu_idle_init
                0x0000000008011ca0        0xc zephyr/arch/arch/arm/core/cortex_m/libarch__arm__core__cortex_m.a(cpu_idle.c.obj)
                0x0000000008011ca0                z_arm_cpu_idle_init
 .text.z_arm_interrupt_init
                0x0000000008011cac       0x18 zephyr/arch/arch/arm/core/cortex_m/libarch__arm__core__cortex_m.a(irq_init.c.obj)
                0x0000000008011cac                z_arm_interrupt_init
 .text._isr_wrapper
                0x0000000008011cc4       0x24 zephyr/arch/arch/arm/core/cortex_m/libarch__arm__core__cortex_m.a(isr_wrapper.c.obj)
                0x0000000008011cc4                _isr_wrapper
 .text.z_arm_configure_static_mpu_regions
                0x0000000008011ce8       0x18 zephyr/arch/arch/arm/core/mpu/libarch__arm__core__mpu.a(arm_core_mpu.c.obj)
                0x0000000008011ce8                z_arm_configure_static_mpu_regions
 .text.z_arm_configure_dynamic_mpu_regions
                0x0000000008011d00       0x20 zephyr/arch/arch/arm/core/mpu/libarch__arm__core__mpu.a(arm_core_mpu.c.obj)
                0x0000000008011d00                z_arm_configure_dynamic_mpu_regions
 .text.region_init
                0x0000000008011d20       0x28 zephyr/arch/arch/arm/core/mpu/libarch__arm__core__mpu.a(arm_mpu.c.obj)
 .text.mpu_configure_regions
                0x0000000008011d48       0x6c zephyr/arch/arch/arm/core/mpu/libarch__arm__core__mpu.a(arm_mpu.c.obj)
 .text.arm_core_mpu_enable
                0x0000000008011db4       0x18 zephyr/arch/arch/arm/core/mpu/libarch__arm__core__mpu.a(arm_mpu.c.obj)
                0x0000000008011db4                arm_core_mpu_enable
 .text.arm_core_mpu_disable
                0x0000000008011dcc       0x14 zephyr/arch/arch/arm/core/mpu/libarch__arm__core__mpu.a(arm_mpu.c.obj)
                0x0000000008011dcc                arm_core_mpu_disable
 .text.arm_core_mpu_configure_static_mpu_regions
                0x0000000008011de0       0x14 zephyr/arch/arch/arm/core/mpu/libarch__arm__core__mpu.a(arm_mpu.c.obj)
                0x0000000008011de0                arm_core_mpu_configure_static_mpu_regions
 .text.arm_core_mpu_configure_dynamic_mpu_regions
                0x0000000008011df4       0x38 zephyr/arch/arch/arm/core/mpu/libarch__arm__core__mpu.a(arm_mpu.c.obj)
                0x0000000008011df4                arm_core_mpu_configure_dynamic_mpu_regions
 .text.z_arm_mpu_init
                0x0000000008011e2c      0x168 zephyr/arch/arch/arm/core/mpu/libarch__arm__core__mpu.a(arm_mpu.c.obj)
                0x0000000008011e2c                z_arm_mpu_init
 .text.z_impl_zephyr_fputc
                0x0000000008011f94       0x10 zephyr/lib/libc/picolibc/liblib__libc__picolibc.a(stdio.c.obj)
                0x0000000008011f94                z_impl_zephyr_fputc
 .text.__stdout_hook_install
                0x0000000008011fa4       0x18 zephyr/lib/libc/picolibc/liblib__libc__picolibc.a(stdio.c.obj)
                0x0000000008011fa4                __stdout_hook_install
 .text.malloc_prepare
                0x0000000008011fbc       0x24 zephyr/lib/libc/common/liblib__libc__common.a(malloc.c.obj)
 .text.malloc_lock
                0x0000000008011fe0       0x14 zephyr/lib/libc/common/liblib__libc__common.a(malloc.c.obj)
 .text.malloc_unlock
                0x0000000008011ff4        0xc zephyr/lib/libc/common/liblib__libc__common.a(malloc.c.obj)
 .text.malloc   0x0000000008012000       0x34 zephyr/lib/libc/common/liblib__libc__common.a(malloc.c.obj)
                0x0000000008012000                malloc
 .text.realloc  0x0000000008012034       0x38 zephyr/lib/libc/common/liblib__libc__common.a(malloc.c.obj)
                0x0000000008012034                realloc
 .text.free     0x000000000801206c       0x1c zephyr/lib/libc/common/liblib__libc__common.a(malloc.c.obj)
                0x000000000801206c                free
 .text.stm32_fill_irq_table
                0x0000000008012088       0x18 zephyr/drivers/interrupt_controller/libdrivers__interrupt_controller.a(intc_gpio_stm32.c.obj)
 .text.stm32_intc_gpio_isr
                0x00000000080120a0       0x4c zephyr/drivers/interrupt_controller/libdrivers__interrupt_controller.a(intc_gpio_stm32.c.obj)
 .text.stm32_gpio_intc_enable_line
                0x00000000080120ec       0x2c zephyr/drivers/interrupt_controller/libdrivers__interrupt_controller.a(intc_gpio_stm32.c.obj)
                0x00000000080120ec                stm32_gpio_intc_enable_line
 .text.stm32_gpio_intc_disable_line
                0x0000000008012118       0x10 zephyr/drivers/interrupt_controller/libdrivers__interrupt_controller.a(intc_gpio_stm32.c.obj)
                0x0000000008012118                stm32_gpio_intc_disable_line
 .text.stm32_gpio_intc_select_line_trigger
                0x0000000008012128       0x50 zephyr/drivers/interrupt_controller/libdrivers__interrupt_controller.a(intc_gpio_stm32.c.obj)
                0x0000000008012128                stm32_gpio_intc_select_line_trigger
 .text.stm32_gpio_intc_set_irq_callback
                0x0000000008012178       0x40 zephyr/drivers/interrupt_controller/libdrivers__interrupt_controller.a(intc_gpio_stm32.c.obj)
                0x0000000008012178                stm32_gpio_intc_set_irq_callback
 .text.stm32_gpio_intc_remove_irq_callback
                0x00000000080121b8       0x24 zephyr/drivers/interrupt_controller/libdrivers__interrupt_controller.a(intc_gpio_stm32.c.obj)
                0x00000000080121b8                stm32_gpio_intc_remove_irq_callback
 .text.stm32_exti_get_line_src_port
                0x00000000080121dc       0x30 zephyr/drivers/interrupt_controller/libdrivers__interrupt_controller.a(intc_gpio_stm32.c.obj)
                0x00000000080121dc                stm32_exti_get_line_src_port
 .text.stm32_exti_init
                0x000000000801220c       0x3c zephyr/drivers/interrupt_controller/libdrivers__interrupt_controller.a(intc_exti_stm32.c.obj)
 .text.stm32_exti_is_pending
                0x0000000008012248       0x20 zephyr/drivers/interrupt_controller/libdrivers__interrupt_controller.a(intc_exti_stm32.c.obj)
                0x0000000008012248                stm32_exti_is_pending
 .text.stm32_exti_clear_pending
                0x0000000008012268       0x20 zephyr/drivers/interrupt_controller/libdrivers__interrupt_controller.a(intc_exti_stm32.c.obj)
                0x0000000008012268                stm32_exti_clear_pending
 .text.stm32_clock_control_get_subsys_rate
                0x0000000008012288       0xd8 zephyr/drivers/clock_control/libdrivers__clock_control.a(clock_stm32_ll_common.c.obj)
 .text.stm32_clock_control_init
                0x0000000008012360      0x140 zephyr/drivers/clock_control/libdrivers__clock_control.a(clock_stm32_ll_common.c.obj)
                0x0000000008012360                stm32_clock_control_init
 .text.get_pllsrc_frequency
                0x00000000080124a0        0x8 zephyr/drivers/clock_control/libdrivers__clock_control.a(clock_stm32f2_f4_f7.c.obj)
                0x00000000080124a0                get_pllsrc_frequency
 .text.config_pll_sysclock
                0x00000000080124a8       0x48 zephyr/drivers/clock_control/libdrivers__clock_control.a(clock_stm32f2_f4_f7.c.obj)
                0x00000000080124a8                config_pll_sysclock
 .text.config_enable_default_clocks
                0x00000000080124f0       0x20 zephyr/drivers/clock_control/libdrivers__clock_control.a(clock_stm32f2_f4_f7.c.obj)
                0x00000000080124f0                config_enable_default_clocks
 .text.uart_console_init
                0x0000000008012510       0x28 zephyr/drivers/console/libdrivers__console.a(uart_console.c.obj)
 .text.console_out
                0x0000000008012538       0x28 zephyr/drivers/console/libdrivers__console.a(uart_console.c.obj)
 .text.gpio_stm32_pin_interrupt_configure
                0x0000000008012560       0xb0 zephyr/drivers/gpio/libdrivers__gpio.a(gpio_stm32.c.obj)
 .text.gpio_stm32_init
                0x0000000008012610       0x38 zephyr/drivers/gpio/libdrivers__gpio.a(gpio_stm32.c.obj)
 .text.pinctrl_configure_pins
                0x0000000008012648       0x84 zephyr/drivers/pinctrl/libdrivers__pinctrl.a(pinctrl_stm32.c.obj)
                0x0000000008012648                pinctrl_configure_pins
 .text.uart_stm32_irq_err_enable
                0x00000000080126cc       0x70 zephyr/drivers/serial/libdrivers__serial.a(uart_stm32.c.obj)
 .text.uart_stm32_irq_err_disable
                0x000000000801273c       0x70 zephyr/drivers/serial/libdrivers__serial.a(uart_stm32.c.obj)
 .text.uart_stm32_parameters_set
                0x00000000080127ac      0x100 zephyr/drivers/serial/libdrivers__serial.a(uart_stm32.c.obj)
 .text.uart_stm32_configure
                0x00000000080128ac      0x150 zephyr/drivers/serial/libdrivers__serial.a(uart_stm32.c.obj)
 .text.uart_stm32_init
                0x00000000080129fc       0xc8 zephyr/drivers/serial/libdrivers__serial.a(uart_stm32.c.obj)
 .text.elapsed  0x0000000008012ac4       0x4c zephyr/drivers/timer/libdrivers__timer.a(cortex_m_systick.c.obj)
 .text.sys_clock_driver_init
                0x0000000008012b10       0x38 zephyr/drivers/timer/libdrivers__timer.a(cortex_m_systick.c.obj)
 .text.sys_clock_isr
                0x0000000008012b48       0x60 zephyr/drivers/timer/libdrivers__timer.a(cortex_m_systick.c.obj)
                0x0000000008012b48                sys_clock_isr
 .text.sys_clock_set_timeout
                0x0000000008012ba8       0xf8 zephyr/drivers/timer/libdrivers__timer.a(cortex_m_systick.c.obj)
                0x0000000008012ba8                sys_clock_set_timeout
 .text.sys_clock_elapsed
                0x0000000008012ca0       0x3c zephyr/drivers/timer/libdrivers__timer.a(cortex_m_systick.c.obj)
                0x0000000008012ca0                sys_clock_elapsed
 .text.HAL_RCC_GetSysClockFreq
                0x0000000008012cdc       0x90 modules/hal_stm32/stm32cube/lib..__modules__hal__stm32__stm32cube.a(stm32f4xx_hal_rcc_ex.c.obj)
                0x0000000008012cdc                HAL_RCC_GetSysClockFreq
 .text.LL_SetFlashLatency
                0x0000000008012d6c      0x1bc modules/hal_stm32/stm32cube/lib..__modules__hal__stm32__stm32cube.a(stm32f4xx_ll_utils.c.obj)
                0x0000000008012d6c                LL_SetFlashLatency
 .text.z_fatal_error
                0x0000000008012f28       0x30 zephyr/kernel/libkernel.a(fatal.c.obj)
                0x0000000008012f28                z_fatal_error
 .text.z_sys_init_run_level
                0x0000000008012f58       0x30 zephyr/kernel/libkernel.a(init.c.obj)
 .text.bg_thread_main
                0x0000000008012f88       0xc0 zephyr/kernel/libkernel.a(init.c.obj)
 .text.z_init_cpu
                0x0000000008013048       0x70 zephyr/kernel/libkernel.a(init.c.obj)
                0x0000000008013048                z_init_cpu
 .text.z_cstart
                0x00000000080130b8       0xcc zephyr/kernel/libkernel.a(init.c.obj)
                0x00000000080130b8                z_cstart
 .text.put_msg_in_queue
                0x0000000008013184       0xd0 zephyr/kernel/libkernel.a(msg_q.c.obj)
 .text.z_impl_k_msgq_get
                0x0000000008013254       0xc4 zephyr/kernel/libkernel.a(msg_q.c.obj)
                0x0000000008013254                z_impl_k_msgq_get
 .text.z_impl_k_mutex_lock
                0x0000000008013318       0xf0 zephyr/kernel/libkernel.a(mutex.c.obj)
                0x0000000008013318                z_impl_k_mutex_lock
 .text.z_impl_k_mutex_unlock
                0x0000000008013408       0xa0 zephyr/kernel/libkernel.a(mutex.c.obj)
                0x0000000008013408                z_impl_k_mutex_unlock
 .text.z_impl_k_sem_give
                0x00000000080134a8       0x68 zephyr/kernel/libkernel.a(sem.c.obj)
                0x00000000080134a8                z_impl_k_sem_give
 .text.z_impl_k_sem_take
                0x0000000008013510       0x4c zephyr/kernel/libkernel.a(sem.c.obj)
                0x0000000008013510                z_impl_k_sem_take
 .text.z_impl_k_sem_reset
                0x000000000801355c       0x74 zephyr/kernel/libkernel.a(sem.c.obj)
                0x000000000801355c                z_impl_k_sem_reset
 .text.work_queue_main
                0x00000000080135d0      0x14c zephyr/kernel/libkernel.a(work.c.obj)
 .text.cancel_sync_locked
                0x000000000801371c       0x3c zephyr/kernel/libkernel.a(work.c.obj)
 .text.submit_to_queue_locked
                0x0000000008013758       0xb8 zephyr/kernel/libkernel.a(work.c.obj)
 .text.k_work_queue_start
                0x0000000008013810       0x80 zephyr/kernel/libkernel.a(work.c.obj)
                0x0000000008013810                k_work_queue_start
 .text.k_work_reschedule_for_queue
                0x0000000008013890       0x5c zephyr/kernel/libkernel.a(work.c.obj)
                0x0000000008013890                k_work_reschedule_for_queue
 .text.k_work_reschedule
                0x00000000080138ec        0xc zephyr/kernel/libkernel.a(work.c.obj)
                0x00000000080138ec                k_work_reschedule
 .text.z_setup_new_thread
                0x00000000080138f8       0xa4 zephyr/kernel/libkernel.a(thread.c.obj)
                0x00000000080138f8                z_setup_new_thread
 .text.z_impl_k_thread_create
                0x000000000801399c       0x58 zephyr/kernel/libkernel.a(thread.c.obj)
                0x000000000801399c                z_impl_k_thread_create
 .text.z_dummy_thread_init
                0x00000000080139f4       0x18 zephyr/kernel/libkernel.a(thread.c.obj)
                0x00000000080139f4                z_dummy_thread_init
 .text.z_swap_irqlock
                0x0000000008013a0c       0x30 zephyr/kernel/libkernel.a(sched.c.obj)
 .text.ready_thread
                0x0000000008013a3c       0x84 zephyr/kernel/libkernel.a(sched.c.obj)
 .text.unready_thread
                0x0000000008013ac0       0x54 zephyr/kernel/libkernel.a(sched.c.obj)
 .text.add_thread_timeout
                0x0000000008013b14       0x1c zephyr/kernel/libkernel.a(sched.c.obj)
 .text.move_thread_to_end_of_prio_q
                0x0000000008013b30       0x90 zephyr/kernel/libkernel.a(sched.c.obj)
                0x0000000008013b30                move_thread_to_end_of_prio_q
 .text.z_pend_curr
                0x0000000008013bc0       0x44 zephyr/kernel/libkernel.a(sched.c.obj)
                0x0000000008013bc0                z_pend_curr
 .text.z_thread_prio_set
                0x0000000008013c04       0xe4 zephyr/kernel/libkernel.a(sched.c.obj)
                0x0000000008013c04                z_thread_prio_set
 .text.z_reschedule
                0x0000000008013ce8       0x24 zephyr/kernel/libkernel.a(sched.c.obj)
                0x0000000008013ce8                z_reschedule
 .text.z_reschedule_irqlock
                0x0000000008013d0c       0x28 zephyr/kernel/libkernel.a(sched.c.obj)
                0x0000000008013d0c                z_reschedule_irqlock
 .text.k_sched_lock
                0x0000000008013d34       0x28 zephyr/kernel/libkernel.a(sched.c.obj)
                0x0000000008013d34                k_sched_lock
 .text.k_sched_unlock
                0x0000000008013d5c       0x68 zephyr/kernel/libkernel.a(sched.c.obj)
                0x0000000008013d5c                k_sched_unlock
 .text.z_sched_init
                0x0000000008013dc4       0x10 zephyr/kernel/libkernel.a(sched.c.obj)
                0x0000000008013dc4                z_sched_init
 .text.z_impl_k_yield
                0x0000000008013dd4       0x88 zephyr/kernel/libkernel.a(sched.c.obj)
                0x0000000008013dd4                z_impl_k_yield
 .text.z_tick_sleep
                0x0000000008013e5c       0x78 zephyr/kernel/libkernel.a(sched.c.obj)
 .text.z_impl_k_wakeup
                0x0000000008013ed4       0x48 zephyr/kernel/libkernel.a(sched.c.obj)
                0x0000000008013ed4                z_impl_k_wakeup
 .text.z_impl_k_sched_current_thread_query
                0x0000000008013f1c        0xc zephyr/kernel/libkernel.a(sched.c.obj)
                0x0000000008013f1c                z_impl_k_sched_current_thread_query
 .text.z_thread_abort
                0x0000000008013f28      0x140 zephyr/kernel/libkernel.a(sched.c.obj)
                0x0000000008013f28                z_thread_abort
 .text.z_sched_wait
                0x0000000008014068       0x24 zephyr/kernel/libkernel.a(sched.c.obj)
                0x0000000008014068                z_sched_wait
 .text.slice_timeout
                0x000000000801408c       0x20 zephyr/kernel/libkernel.a(timeslicing.c.obj)
 .text.thread_is_sliceable
                0x00000000080140ac       0x3c zephyr/kernel/libkernel.a(timeslicing.c.obj)
                0x00000000080140ac                thread_is_sliceable
 .text.z_reset_time_slice
                0x00000000080140e8       0x50 zephyr/kernel/libkernel.a(timeslicing.c.obj)
                0x00000000080140e8                z_reset_time_slice
 .text.z_time_slice
                0x0000000008014138       0x60 zephyr/kernel/libkernel.a(timeslicing.c.obj)
                0x0000000008014138                z_time_slice
 .text.first    0x0000000008014198       0x10 zephyr/kernel/libkernel.a(timeout.c.obj)
 .text.elapsed  0x00000000080141a8       0x14 zephyr/kernel/libkernel.a(timeout.c.obj)
 .text.remove_timeout
                0x00000000080141bc       0x38 zephyr/kernel/libkernel.a(timeout.c.obj)
 .text.z_add_timeout
                0x00000000080141f4      0x120 zephyr/kernel/libkernel.a(timeout.c.obj)
                0x00000000080141f4                z_add_timeout
 .text.sys_clock_announce
                0x0000000008014314       0xc0 zephyr/kernel/libkernel.a(timeout.c.obj)
                0x0000000008014314                sys_clock_announce
 .text.sys_clock_tick_get
                0x00000000080143d4       0x30 zephyr/kernel/libkernel.a(timeout.c.obj)
                0x00000000080143d4                sys_clock_tick_get
 .text.boot_banner
                0x0000000008014404        0xc zephyr/kernel/libkernel.a(banner.c.obj)
                0x0000000008014404                boot_banner
 .text.statics_init
                0x0000000008014410       0x24 zephyr/kernel/libkernel.a(kheap.c.obj)
 .text.k_sys_work_q_init
                0x0000000008014434       0x2c zephyr/kernel/libkernel.a(system_work_q.c.obj)
 .text.strtok   0x0000000008014460       0x1c c:\users\salvo\zephyr-sdk-0.17.4\arm-zephyr-eabi\bin\../lib/gcc/../../picolibc/arm-zephyr-eabi/lib/thumb/v7e-m/nofp\libc.a(libc_string_strtok.c.o)
                0x0000000008014460                strtok
 .text.snprintf
                0x000000000801447c       0x54 c:\users\salvo\zephyr-sdk-0.17.4\arm-zephyr-eabi\bin\../lib/gcc/../../picolibc/arm-zephyr-eabi/lib/thumb/v7e-m/nofp\libc.a(libc_tinystdio_snprintf.c.o)
                0x000000000801447c                snprintf
 .text.strtol   0x00000000080144d0       0xec c:\users\salvo\zephyr-sdk-0.17.4\arm-zephyr-eabi\bin\../lib/gcc/../../picolibc/arm-zephyr-eabi/lib/thumb/v7e-m/nofp\libc.a(libc_tinystdio_strtol.c.o)
                0x00000000080144d0                strtol
 .text.strtoul  0x00000000080145bc       0xcc c:\users\salvo\zephyr-sdk-0.17.4\arm-zephyr-eabi\bin\../lib/gcc/../../picolibc/arm-zephyr-eabi/lib/thumb/v7e-m/nofp\libc.a(libc_tinystdio_strtoul.c.o)
                0x00000000080145bc                strtoul
 .text.__l_vfprintf
                0x0000000008014688      0x4b8 c:\users\salvo\zephyr-sdk-0.17.4\arm-zephyr-eabi\bin\../lib/gcc/../../picolibc/arm-zephyr-eabi/lib/thumb/v7e-m/nofp\libc.a(libc_tinystdio_vflprintf.c.o)
                0x0000000008014688                __l_vfprintf
 .text.vprintf  0x0000000008014b40       0x10 c:\users\salvo\zephyr-sdk-0.17.4\arm-zephyr-eabi\bin\../lib/gcc/../../picolibc/arm-zephyr-eabi/lib/thumb/v7e-m/nofp\libc.a(libc_tinystdio_vprintf.c.o)
                0x0000000008014b40                vprintf
 .text.vsnprintf
                0x0000000008014b50       0x54 c:\users\salvo\zephyr-sdk-0.17.4\arm-zephyr-eabi\bin\../lib/gcc/../../picolibc/arm-zephyr-eabi/lib/thumb/v7e-m/nofp\libc.a(libc_tinystdio_vsnprintf.c.o)
                0x0000000008014b50                vsnprintf
 .text.ceil     0x0000000008014ba4       0xb0 c:\users\salvo\zephyr-sdk-0.17.4\arm-zephyr-eabi\bin\../lib/gcc/../../picolibc/arm-zephyr-eabi/lib/thumb/v7e-m/nofp\libc.a(libm_machine_arm_s_ceil.c.o)
                0x0000000008014ba4                ceill
                0x0000000008014ba4                ceil
 .text.ceilf    0x0000000008014c54       0x60 c:\users\salvo\zephyr-sdk-0.17.4\arm-zephyr-eabi\bin\../lib/gcc/../../picolibc/arm-zephyr-eabi/lib/thumb/v7e-m/nofp\libc.a(libm_machine_arm_sf_ceil.c.o)
                0x0000000008014c54                ceilf
 .text.floorf   0x0000000008014cb4       0x60 c:\users\salvo\zephyr-sdk-0.17.4\arm-zephyr-eabi\bin\../lib/gcc/../../picolibc/arm-zephyr-eabi/lib/thumb/v7e-m/nofp\libc.a(libm_machine_arm_sf_floor.c.o)
                0x0000000008014cb4                floorf
 .text.floor    0x0000000008014d14       0xac c:\users\salvo\zephyr-sdk-0.17.4\arm-zephyr-eabi\bin\../lib/gcc/../../picolibc/arm-zephyr-eabi/lib/thumb/v7e-m/nofp\libc.a(libm_machine_arm_s_floor.c.o)
                0x0000000008014d14                floorl
                0x0000000008014d14                floor
 .text.rintf    0x0000000008014dc0       0x9c c:\users\salvo\zephyr-sdk-0.17.4\arm-zephyr-eabi\bin\../lib/gcc/../../picolibc/arm-zephyr-eabi/lib/thumb/v7e-m/nofp\libc.a(libm_machine_arm_sf_rint.c.o)
                0x0000000008014dc0                rintf
 .text.sqrt     0x0000000008014e5c      0x170 c:\users\salvo\zephyr-sdk-0.17.4\arm-zephyr-eabi\bin\../lib/gcc/../../picolibc/arm-zephyr-eabi/lib/thumb/v7e-m/nofp\libc.a(libm_machine_arm_s_sqrt.c.o)
                0x0000000008014e5c                sqrtl
                0x0000000008014e5c                sqrt
 .text.truncf   0x0000000008014fcc       0x34 c:\users\salvo\zephyr-sdk-0.17.4\arm-zephyr-eabi\bin\../lib/gcc/../../picolibc/arm-zephyr-eabi/lib/thumb/v7e-m/nofp\libc.a(libm_machine_arm_sf_trunc.c.o)
                0x0000000008014fcc                truncf
 .text.rint     0x0000000008015000      0x114 c:\users\salvo\zephyr-sdk-0.17.4\arm-zephyr-eabi\bin\../lib/gcc/../../picolibc/arm-zephyr-eabi/lib/thumb/v7e-m/nofp\libc.a(libm_machine_arm_s_rint.c.o)
                0x0000000008015000                rint
                0x0000000008015000                rintl
 .text.trunc    0x0000000008015114       0x5c c:\users\salvo\zephyr-sdk-0.17.4\arm-zephyr-eabi\bin\../lib/gcc/../../picolibc/arm-zephyr-eabi/lib/thumb/v7e-m/nofp\libc.a(libm_machine_arm_s_trunc.c.o)
                0x0000000008015114                trunc
                0x0000000008015114                truncl
 .text.__math_invalid
                0x0000000008015170       0x10 c:\users\salvo\zephyr-sdk-0.17.4\arm-zephyr-eabi\bin\../lib/gcc/../../picolibc/arm-zephyr-eabi/lib/thumb/v7e-m/nofp\libc.a(libm_common_math_err_invalid.c.o)
                0x0000000008015170                __math_invalid
 .text.__math_invalidf
                0x0000000008015180       0x10 c:\users\salvo\zephyr-sdk-0.17.4\arm-zephyr-eabi\bin\../lib/gcc/../../picolibc/arm-zephyr-eabi/lib/thumb/v7e-m/nofp\libc.a(libm_common_math_errf_invalidf.c.o)
                0x0000000008015180                __math_invalidf
 .text.__issignaling
                0x0000000008015190       0x1c c:\users\salvo\zephyr-sdk-0.17.4\arm-zephyr-eabi\bin\../lib/gcc/../../picolibc/arm-zephyr-eabi/lib/thumb/v7e-m/nofp\libc.a(libm_common_s_issignaling.c.o)
                0x0000000008015190                __issignaling
                0x0000000008015190                __issignalingl
 .text._OffsetAbsSyms
                0x00000000080151ac        0x2 zephyr/CMakeFiles/offsets.dir/./arch/arm/core/offsets/offsets.c.obj
                0x00000000080151ac                _OffsetAbsSyms
 .text.bh_platform_destroy
                0x00000000080151ae        0x4 app/libapp.a(zephyr_platform.c.obj)
                0x00000000080151ae                bh_platform_destroy
 .text.os_malloc
                0x00000000080151b2        0x4 app/libapp.a(zephyr_platform.c.obj)
                0x00000000080151b2                os_malloc
 .text.os_realloc
                0x00000000080151b6        0x4 app/libapp.a(zephyr_platform.c.obj)
                0x00000000080151b6                os_realloc
 .text.os_free  0x00000000080151ba        0x4 app/libapp.a(zephyr_platform.c.obj)
                0x00000000080151ba                os_free
 .text.os_printf
                0x00000000080151be       0x1a app/libapp.a(zephyr_platform.c.obj)
                0x00000000080151be                os_printf
 .text.os_vprintf
                0x00000000080151d8        0x4 app/libapp.a(zephyr_platform.c.obj)
                0x00000000080151d8                os_vprintf
 .text.os_mremap
                0x00000000080151dc       0x36 app/libapp.a(zephyr_platform.c.obj)
                0x00000000080151dc                os_mremap
 .text.os_mprotect
                0x0000000008015212        0x4 app/libapp.a(zephyr_platform.c.obj)
                0x0000000008015212                os_mprotect
 .text.os_dcache_flush
                0x0000000008015216        0x2 app/libapp.a(zephyr_platform.c.obj)
                0x0000000008015216                os_dcache_flush
 .text.os_icache_flush
                0x0000000008015218        0x2 app/libapp.a(zephyr_platform.c.obj)
                0x0000000008015218                os_icache_flush
 .text.k_mutex_unlock
                0x000000000801521a        0x4 app/libapp.a(zephyr_thread.c.obj)
 .text.k_mutex_lock.constprop.0
                0x000000000801521e        0x4 app/libapp.a(zephyr_thread.c.obj)
 .text.k_mutex_init.isra.0
                0x0000000008015222        0x4 app/libapp.a(zephyr_thread.c.obj)
 .text.os_mutex_init
                0x0000000008015226        0xa app/libapp.a(zephyr_thread.c.obj)
                0x0000000008015226                os_mutex_init
 .text.os_mutex_destroy
                0x0000000008015230        0x4 app/libapp.a(zephyr_thread.c.obj)
                0x0000000008015230                os_mutex_destroy
 .text.os_mutex_lock
                0x0000000008015234        0xc app/libapp.a(zephyr_thread.c.obj)
                0x0000000008015234                os_mutex_lock
 .text.os_mutex_unlock
                0x0000000008015240        0x4 app/libapp.a(zephyr_thread.c.obj)
                0x0000000008015240                os_mutex_unlock
 .text.os_thread_jit_write_protect_np
                0x0000000008015244        0x2 app/libapp.a(zephyr_thread.c.obj)
                0x0000000008015244                os_thread_jit_write_protect_np
 .text.os_time_get_boot_us
                0x0000000008015246       0x1c app/libapp.a(zephyr_time.c.obj)
                0x0000000008015246                os_time_get_boot_us
 .text.remove_tree_node
                0x0000000008015262       0xd6 app/libapp.a(ems_alloc.c.obj)
 .text.alloc_hmu
                0x0000000008015338      0x162 app/libapp.a(ems_alloc.c.obj)
 .text.gci_is_heap_valid
                0x000000000801549a        0xc app/libapp.a(ems_alloc.c.obj)
                0x000000000801549a                gci_is_heap_valid
 .text.adjust_ptr
                0x00000000080154a6       0x1c app/libapp.a(ems_kfc.c.obj)
 .text.gc_destroy_with_pool
                0x00000000080154c2       0x22 app/libapp.a(ems_kfc.c.obj)
                0x00000000080154c2                gc_destroy_with_pool
 .text.gc_get_heap_struct_size
                0x00000000080154e4        0x4 app/libapp.a(ems_kfc.c.obj)
                0x00000000080154e4                gc_get_heap_struct_size
 .text.gc_is_heap_corrupted
                0x00000000080154e8        0x6 app/libapp.a(ems_kfc.c.obj)
                0x00000000080154e8                gc_is_heap_corrupted
 .text.gc_heap_stats
                0x00000000080154ee       0x50 app/libapp.a(ems_kfc.c.obj)
                0x00000000080154ee                gc_heap_stats
 .text.mem_allocator_create
                0x000000000801553e        0x4 app/libapp.a(mem_alloc.c.obj)
                0x000000000801553e                mem_allocator_create
 .text.mem_allocator_create_with_struct_and_pool
                0x0000000008015542        0x4 app/libapp.a(mem_alloc.c.obj)
                0x0000000008015542                mem_allocator_create_with_struct_and_pool
 .text.mem_allocator_destroy
                0x0000000008015546        0x4 app/libapp.a(mem_alloc.c.obj)
                0x0000000008015546                mem_allocator_destroy
 .text.mem_allocator_get_heap_struct_size
                0x000000000801554a        0x4 app/libapp.a(mem_alloc.c.obj)
                0x000000000801554a                mem_allocator_get_heap_struct_size
 .text.mem_allocator_malloc
                0x000000000801554e        0x4 app/libapp.a(mem_alloc.c.obj)
                0x000000000801554e                mem_allocator_malloc
 .text.mem_allocator_realloc
                0x0000000008015552        0x4 app/libapp.a(mem_alloc.c.obj)
                0x0000000008015552                mem_allocator_realloc
 .text.mem_allocator_free
                0x0000000008015556        0x8 app/libapp.a(mem_alloc.c.obj)
                0x0000000008015556                mem_allocator_free
 .text.mem_allocator_migrate
                0x000000000801555e        0x4 app/libapp.a(mem_alloc.c.obj)
                0x000000000801555e                mem_allocator_migrate
 .text.mem_allocator_is_heap_corrupted
                0x0000000008015562        0x4 app/libapp.a(mem_alloc.c.obj)
                0x0000000008015562                mem_allocator_is_heap_corrupted
 .text.mem_allocator_get_alloc_info
                0x0000000008015566        0xc app/libapp.a(mem_alloc.c.obj)
                0x0000000008015566                mem_allocator_get_alloc_info
 .text.bh_bitmap_new
                0x0000000008015572       0x34 app/libapp.a(bh_bitmap.c.obj)
                0x0000000008015572                bh_bitmap_new
 .text.b_memcpy_s
                0x00000000080155a6       0x2c app/libapp.a(bh_common.c.obj)
                0x00000000080155a6                b_memcpy_s
 .text.b_memmove_s
                0x00000000080155d2       0x2c app/libapp.a(bh_common.c.obj)
                0x00000000080155d2                b_memmove_s
 .text.b_strcpy_s
                0x00000000080155fe       0x2a app/libapp.a(bh_common.c.obj)
                0x00000000080155fe                b_strcpy_s
 .text.bh_leb_read
                0x0000000008015628       0xe0 app/libapp.a(bh_leb128.c.obj)
                0x0000000008015628                bh_leb_read
 .text.bh_list_init
                0x0000000008015708       0x12 app/libapp.a(bh_list.c.obj)
                0x0000000008015708                bh_list_init
 .text.bh_list_insert
                0x000000000801571a       0x1a app/libapp.a(bh_list.c.obj)
                0x000000000801571a                bh_list_insert
 .text.bh_list_first_elem
                0x0000000008015734        0x6 app/libapp.a(bh_list.c.obj)
                0x0000000008015734                bh_list_first_elem
 .text.bh_list_elem_next
                0x000000000801573a        0x6 app/libapp.a(bh_list.c.obj)
                0x000000000801573a                bh_list_elem_next
 .text.print_err
                0x0000000008015740       0x1c app/libapp.a(libc_builtin_wrapper.c.obj)
 .text.sprintf_out
                0x000000000801575c       0x26 app/libapp.a(libc_builtin_wrapper.c.obj)
 .text.isupper_wrapper
                0x0000000008015782        0xe app/libapp.a(libc_builtin_wrapper.c.obj)
 .text.isalpha_wrapper
                0x0000000008015790       0x10 app/libapp.a(libc_builtin_wrapper.c.obj)
 .text.isspace_wrapper
                0x00000000080157a0       0x16 app/libapp.a(libc_builtin_wrapper.c.obj)
 .text.isgraph_wrapper
                0x00000000080157b6        0xe app/libapp.a(libc_builtin_wrapper.c.obj)
 .text.isprint_wrapper
                0x00000000080157c4        0xe app/libapp.a(libc_builtin_wrapper.c.obj)
 .text.isdigit_wrapper
                0x00000000080157d2        0xe app/libapp.a(libc_builtin_wrapper.c.obj)
 .text.isxdigit_wrapper
                0x00000000080157e0       0x1c app/libapp.a(libc_builtin_wrapper.c.obj)
 .text.tolower_wrapper
                0x00000000080157fc        0xe app/libapp.a(libc_builtin_wrapper.c.obj)
 .text.toupper_wrapper
                0x000000000801580a       0x10 app/libapp.a(libc_builtin_wrapper.c.obj)
 .text.isalnum_wrapper
                0x000000000801581a       0x1c app/libapp.a(libc_builtin_wrapper.c.obj)
 .text.__cxa_begin_catch_wrapper
                0x0000000008015836        0x2 app/libapp.a(libc_builtin_wrapper.c.obj)
 .text.clock_wrapper
                0x0000000008015838       0x14 app/libapp.a(libc_builtin_wrapper.c.obj)
 .text.malloc_wrapper
                0x000000000801584c       0x16 app/libapp.a(libc_builtin_wrapper.c.obj)
 .text.__cxa_allocate_exception_wrapper
                0x0000000008015862        0x4 app/libapp.a(libc_builtin_wrapper.c.obj)
 .text.emscripten_memcpy_big_wrapper
                0x0000000008015866       0x38 app/libapp.a(libc_builtin_wrapper.c.obj)
 .text.memcpy_wrapper
                0x000000000801589e       0x3a app/libapp.a(libc_builtin_wrapper.c.obj)
 .text.strstr_wrapper
                0x00000000080158d8       0x1e app/libapp.a(libc_builtin_wrapper.c.obj)
 .text.strcspn_wrapper
                0x00000000080158f6        0x8 app/libapp.a(libc_builtin_wrapper.c.obj)
 .text.strspn_wrapper
                0x00000000080158fe        0x8 app/libapp.a(libc_builtin_wrapper.c.obj)
 .text.strncasecmp_wrapper
                0x0000000008015906        0xa app/libapp.a(libc_builtin_wrapper.c.obj)
 .text.memchr_wrapper
                0x0000000008015910       0x2e app/libapp.a(libc_builtin_wrapper.c.obj)
 .text.strtoul_wrapper
                0x000000000801593e       0x3a app/libapp.a(libc_builtin_wrapper.c.obj)
 .text.strtol_wrapper
                0x0000000008015978       0x3a app/libapp.a(libc_builtin_wrapper.c.obj)
 .text.atoi_wrapper
                0x00000000080159b2        0x6 app/libapp.a(libc_builtin_wrapper.c.obj)
 .text.free_wrapper
                0x00000000080159b8       0x2e app/libapp.a(libc_builtin_wrapper.c.obj)
 .text.strdup_wrapper
                0x00000000080159e6       0x3c app/libapp.a(libc_builtin_wrapper.c.obj)
 .text._strdup_wrapper
                0x0000000008015a22        0x4 app/libapp.a(libc_builtin_wrapper.c.obj)
 .text.strlen_wrapper
                0x0000000008015a26        0x6 app/libapp.a(libc_builtin_wrapper.c.obj)
 .text.calloc_wrapper
                0x0000000008015a2c       0x40 app/libapp.a(libc_builtin_wrapper.c.obj)
 .text.memset_wrapper
                0x0000000008015a6c       0x36 app/libapp.a(libc_builtin_wrapper.c.obj)
 .text.realloc_wrapper
                0x0000000008015aa2       0x1e app/libapp.a(libc_builtin_wrapper.c.obj)
 .text.strncpy_wrapper
                0x0000000008015ac0       0x2e app/libapp.a(libc_builtin_wrapper.c.obj)
 .text.strcpy_wrapper
                0x0000000008015aee       0x36 app/libapp.a(libc_builtin_wrapper.c.obj)
 .text.strncmp_wrapper
                0x0000000008015b24       0x28 app/libapp.a(libc_builtin_wrapper.c.obj)
 .text.strcmp_wrapper
                0x0000000008015b4c        0x8 app/libapp.a(libc_builtin_wrapper.c.obj)
 .text.strchr_wrapper
                0x0000000008015b54       0x20 app/libapp.a(libc_builtin_wrapper.c.obj)
 .text.memmove_wrapper
                0x0000000008015b74       0x38 app/libapp.a(libc_builtin_wrapper.c.obj)
 .text.memcmp_wrapper
                0x0000000008015bac       0x28 app/libapp.a(libc_builtin_wrapper.c.obj)
 .text.wasm_byte_vec_delete
                0x0000000008015bd4        0x8 app/libapp.a(wasm_c_api.c.obj)
                0x0000000008015bd4                wasm_byte_vec_delete
 .text.wasm_trap_delete
                0x0000000008015bdc       0x24 app/libapp.a(wasm_c_api.c.obj)
                0x0000000008015bdc                wasm_trap_delete
 .text.wasm_exec_env_create_internal
                0x0000000008015c00       0x6c app/libapp.a(wasm_exec_env.c.obj)
                0x0000000008015c00                wasm_exec_env_create_internal
 .text.wasm_exec_env_destroy_internal
                0x0000000008015c6c       0x14 app/libapp.a(wasm_exec_env.c.obj)
                0x0000000008015c6c                wasm_exec_env_destroy_internal
 .text.wasm_exec_env_create
                0x0000000008015c80       0x42 app/libapp.a(wasm_exec_env.c.obj)
                0x0000000008015c80                wasm_exec_env_create
 .text.wasm_exec_env_destroy
                0x0000000008015cc2        0x4 app/libapp.a(wasm_exec_env.c.obj)
                0x0000000008015cc2                wasm_exec_env_destroy
 .text.wasm_exec_env_get_module_inst
                0x0000000008015cc6        0x4 app/libapp.a(wasm_exec_env.c.obj)
                0x0000000008015cc6                wasm_exec_env_get_module_inst
 .text.wasm_exec_env_set_module_inst
                0x0000000008015cca        0x4 app/libapp.a(wasm_exec_env.c.obj)
                0x0000000008015cca                wasm_exec_env_set_module_inst
 .text.wasm_exec_env_restore_module_inst
                0x0000000008015cce       0x34 app/libapp.a(wasm_exec_env.c.obj)
                0x0000000008015cce                wasm_exec_env_restore_module_inst
 .text.wasm_exec_env_set_thread_info
                0x0000000008015d02       0x22 app/libapp.a(wasm_exec_env.c.obj)
                0x0000000008015d02                wasm_exec_env_set_thread_info
 .text.is_valid_value_type
                0x0000000008015d24        0xc app/libapp.a(wasm_loader_common.c.obj)
                0x0000000008015d24                is_valid_value_type
 .text.is_valid_value_type_for_interpreter
                0x0000000008015d30        0xc app/libapp.a(wasm_loader_common.c.obj)
                0x0000000008015d30                is_valid_value_type_for_interpreter
 .text.is_valid_func_type
                0x0000000008015d3c       0x22 app/libapp.a(wasm_loader_common.c.obj)
                0x0000000008015d3c                is_valid_func_type
 .text.wasm_get_default_memory
                0x0000000008015d5e        0x8 app/libapp.a(wasm_memory.c.obj)
                0x0000000008015d5e                wasm_get_default_memory
 .text.wasm_runtime_addr_app_to_native
                0x0000000008015d66       0x1e app/libapp.a(wasm_memory.c.obj)
                0x0000000008015d66                wasm_runtime_addr_app_to_native
 .text.wasm_runtime_addr_native_to_app
                0x0000000008015d84       0x20 app/libapp.a(wasm_memory.c.obj)
                0x0000000008015d84                wasm_runtime_addr_native_to_app
 .text.wasm_runtime_get_app_addr_range
                0x0000000008015da4       0x30 app/libapp.a(wasm_memory.c.obj)
                0x0000000008015da4                wasm_runtime_get_app_addr_range
 .text.wasm_runtime_get_native_addr_range
                0x0000000008015dd4       0x28 app/libapp.a(wasm_memory.c.obj)
                0x0000000008015dd4                wasm_runtime_get_native_addr_range
 .text.wasm_runtime_set_mem_bound_check_bytes
                0x0000000008015dfc       0x18 app/libapp.a(wasm_memory.c.obj)
                0x0000000008015dfc                wasm_runtime_set_mem_bound_check_bytes
 .text.wasm_enlarge_memory
                0x0000000008015e14       0x12 app/libapp.a(wasm_memory.c.obj)
                0x0000000008015e14                wasm_enlarge_memory
 .text.wasm_enlarge_memory_with_idx
                0x0000000008015e26       0x1e app/libapp.a(wasm_memory.c.obj)
                0x0000000008015e26                wasm_enlarge_memory_with_idx
 .text.wasm_deallocate_linear_memory
                0x0000000008015e44       0x18 app/libapp.a(wasm_memory.c.obj)
                0x0000000008015e44                wasm_deallocate_linear_memory
 .text.wasm_allocate_linear_memory
                0x0000000008015e5c       0x5c app/libapp.a(wasm_memory.c.obj)
                0x0000000008015e5c                wasm_allocate_linear_memory
 .text.GET_I64_FROM_ADDR
                0x0000000008015eb8        0x6 app/libapp.a(wasm_native.c.obj)
 .text.invoke_no_args_v
                0x0000000008015ebe        0x6 app/libapp.a(wasm_native.c.obj)
 .text.invoke_no_args_i
                0x0000000008015ec4        0xe app/libapp.a(wasm_native.c.obj)
 .text.invoke_no_args_I
                0x0000000008015ed2       0x10 app/libapp.a(wasm_native.c.obj)
 .text.invoke_i_v
                0x0000000008015ee2        0x8 app/libapp.a(wasm_native.c.obj)
 .text.invoke_i_i
                0x0000000008015eea       0x10 app/libapp.a(wasm_native.c.obj)
 .text.invoke_i_I
                0x0000000008015efa       0x12 app/libapp.a(wasm_native.c.obj)
 .text.invoke_I_v
                0x0000000008015f0c       0x1a app/libapp.a(wasm_native.c.obj)
 .text.invoke_I_i
                0x0000000008015f26       0x1a app/libapp.a(wasm_native.c.obj)
 .text.invoke_I_I
                0x0000000008015f40       0x1c app/libapp.a(wasm_native.c.obj)
 .text.invoke_ii_v
                0x0000000008015f5c       0x10 app/libapp.a(wasm_native.c.obj)
 .text.invoke_ii_i
                0x0000000008015f6c       0x12 app/libapp.a(wasm_native.c.obj)
 .text.invoke_ii_I
                0x0000000008015f7e       0x14 app/libapp.a(wasm_native.c.obj)
 .text.invoke_iI_v
                0x0000000008015f92       0x20 app/libapp.a(wasm_native.c.obj)
 .text.invoke_iI_i
                0x0000000008015fb2       0x20 app/libapp.a(wasm_native.c.obj)
 .text.invoke_iI_I
                0x0000000008015fd2       0x22 app/libapp.a(wasm_native.c.obj)
 .text.invoke_Ii_v
                0x0000000008015ff4       0x1c app/libapp.a(wasm_native.c.obj)
 .text.invoke_Ii_i
                0x0000000008016010       0x22 app/libapp.a(wasm_native.c.obj)
 .text.invoke_Ii_I
                0x0000000008016032       0x24 app/libapp.a(wasm_native.c.obj)
 .text.invoke_II_v
                0x0000000008016056       0x26 app/libapp.a(wasm_native.c.obj)
 .text.invoke_II_i
                0x000000000801607c       0x2a app/libapp.a(wasm_native.c.obj)
 .text.invoke_II_I
                0x00000000080160a6       0x2c app/libapp.a(wasm_native.c.obj)
 .text.invoke_iii_v
                0x00000000080160d2       0x14 app/libapp.a(wasm_native.c.obj)
 .text.invoke_iii_i
                0x00000000080160e6       0x16 app/libapp.a(wasm_native.c.obj)
 .text.invoke_iii_I
                0x00000000080160fc       0x18 app/libapp.a(wasm_native.c.obj)
 .text.invoke_iiI_v
                0x0000000008016114       0x20 app/libapp.a(wasm_native.c.obj)
 .text.invoke_iiI_i
                0x0000000008016134       0x24 app/libapp.a(wasm_native.c.obj)
 .text.invoke_iiI_I
                0x0000000008016158       0x26 app/libapp.a(wasm_native.c.obj)
 .text.invoke_iIi_v
                0x000000000801617e       0x22 app/libapp.a(wasm_native.c.obj)
 .text.invoke_iIi_i
                0x00000000080161a0       0x2c app/libapp.a(wasm_native.c.obj)
 .text.invoke_iIi_I
                0x00000000080161cc       0x2e app/libapp.a(wasm_native.c.obj)
 .text.invoke_iII_v
                0x00000000080161fa       0x2c app/libapp.a(wasm_native.c.obj)
 .text.invoke_iII_i
                0x0000000008016226       0x34 app/libapp.a(wasm_native.c.obj)
 .text.invoke_iII_I
                0x000000000801625a       0x36 app/libapp.a(wasm_native.c.obj)
 .text.invoke_Iii_v
                0x0000000008016290       0x20 app/libapp.a(wasm_native.c.obj)
 .text.invoke_Iii_i
                0x00000000080162b0       0x26 app/libapp.a(wasm_native.c.obj)
 .text.invoke_Iii_I
                0x00000000080162d6       0x28 app/libapp.a(wasm_native.c.obj)
 .text.invoke_IiI_v
                0x00000000080162fe       0x2c app/libapp.a(wasm_native.c.obj)
 .text.invoke_IiI_i
                0x000000000801632a       0x36 app/libapp.a(wasm_native.c.obj)
 .text.invoke_IiI_I
                0x0000000008016360       0x38 app/libapp.a(wasm_native.c.obj)
 .text.invoke_IIi_v
                0x0000000008016398       0x2a app/libapp.a(wasm_native.c.obj)
 .text.invoke_IIi_i
                0x00000000080163c2       0x30 app/libapp.a(wasm_native.c.obj)
 .text.invoke_IIi_I
                0x00000000080163f2       0x32 app/libapp.a(wasm_native.c.obj)
 .text.invoke_III_v
                0x0000000008016424       0x3a app/libapp.a(wasm_native.c.obj)
 .text.invoke_III_i
                0x000000000801645e       0x40 app/libapp.a(wasm_native.c.obj)
 .text.invoke_III_I
                0x000000000801649e       0x42 app/libapp.a(wasm_native.c.obj)
 .text.invoke_iiii_v
                0x00000000080164e0       0x18 app/libapp.a(wasm_native.c.obj)
 .text.invoke_iiii_i
                0x00000000080164f8       0x1c app/libapp.a(wasm_native.c.obj)
 .text.invoke_iiii_I
                0x0000000008016514       0x1e app/libapp.a(wasm_native.c.obj)
 .text.invoke_iiiI_v
                0x0000000008016532       0x24 app/libapp.a(wasm_native.c.obj)
 .text.invoke_iiiI_i
                0x0000000008016556       0x2c app/libapp.a(wasm_native.c.obj)
 .text.invoke_iiiI_I
                0x0000000008016582       0x2e app/libapp.a(wasm_native.c.obj)
 .text.invoke_iiIi_v
                0x00000000080165b0       0x26 app/libapp.a(wasm_native.c.obj)
 .text.invoke_iiIi_i
                0x00000000080165d6       0x2c app/libapp.a(wasm_native.c.obj)
 .text.invoke_iiIi_I
                0x0000000008016602       0x2e app/libapp.a(wasm_native.c.obj)