Archive member included to satisfy reference by file (symbol)

app/libapp.a(zephyr_platform.c.obj)
                              (--whole-archive)
app/libapp.a(zephyr_thread.c.obj)
                              (--whole-archive)
app/libapp.a(zephyr_time.c.obj)
                              (--whole-archive)
app/libapp.a(ems_alloc.c.obj)
                              (--whole-archive)
app/libapp.a(ems_gc.c.obj)    (--whole-archive)
app/libapp.a(ems_hmu.c.obj)   (--whole-archive)
app/libapp.a(ems_kfc.c.obj)   (--whole-archive)
app/libapp.a(mem_alloc.c.obj)
                              (--whole-archive)
app/libapp.a(bh_assert.c.obj)
                              (--whole-archive)
app/libapp.a(bh_bitmap.c.obj)
                              (--whole-archive)
app/libapp.a(bh_common.c.obj)
                              (--whole-archive)
app/libapp.a(bh_hashmap.c.obj)
                              (--whole-archive)
app/libapp.a(bh_leb128.c.obj)
                              (--whole-archive)
app/libapp.a(bh_list.c.obj)   (--whole-archive)
app/libapp.a(bh_log.c.obj)    (--whole-archive)
app/libapp.a(bh_queue.c.obj)  (--whole-archive)
app/libapp.a(bh_vector.c.obj)
                              (--whole-archive)
app/libapp.a(runtime_timer.c.obj)
                              (--whole-archive)
app/libapp.a(libc_builtin_wrapper.c.obj)
                              (--whole-archive)
app/libapp.a(wasm_application.c.obj)
                              (--whole-archive)
app/libapp.a(wasm_blocking_op.c.obj)
                              (--whole-archive)
app/libapp.a(wasm_c_api.c.obj)
                              (--whole-archive)
app/libapp.a(wasm_exec_env.c.obj)
                              (--whole-archive)
app/libapp.a(wasm_loader_common.c.obj)
                              (--whole-archive)
app/libapp.a(wasm_memory.c.obj)
                              (--whole-archive)
app/libapp.a(wasm_native.c.obj)
                              (--whole-archive)
app/libapp.a(wasm_runtime_common.c.obj)
                              (--whole-archive)
app/libapp.a(wasm_shared_memory.c.obj)
                              (--whole-archive)
app/libapp.a(invokeNative_thumb.s.obj)
                              (--whole-archive)
app/libapp.a(wasm_interp_classic.c.obj)
                              (--whole-archive)
app/libapp.a(wasm_loader.c.obj)
                              (--whole-archive)
app/libapp.a(wasm_runtime.c.obj)
                              (--whole-archive)
app/libapp.a(aot_intrinsic.c.obj)
                              (--whole-archive)
app/libapp.a(aot_loader.c.obj)
                              (--whole-archive)
app/libapp.a(aot_runtime.c.obj)
                              (--whole-archive)
app/libapp.a(aot_reloc_thumb.c.obj)
                              (--whole-archive)
app/libapp.a(main.c.obj)      (--whole-archive)
zephyr/libzephyr.a(validate_libc.c.obj)
                              (--whole-archive)
zephyr/libzephyr.a(heap.c.obj)
                              (--whole-archive)
zephyr/libzephyr.a(heap_stats.c.obj)
                              (--whole-archive)
zephyr/libzephyr.a(cbprintf_packaged.c.obj)
                              (--whole-archive)
zephyr/libzephyr.a(clock.c.obj)
                              (--whole-archive)
zephyr/libzephyr.a(printk.c.obj)
                              (--whole-archive)
zephyr/libzephyr.a(sem.c.obj)
                              (--whole-archive)
zephyr/libzephyr.a(thread_entry.c.obj)
                              (--whole-archive)
zephyr/libzephyr.a(cbprintf_complete.c.obj)
                              (--whole-archive)
zephyr/libzephyr.a(assert.c.obj)
                              (--whole-archive)
zephyr/libzephyr.a(dec.c.obj)
                              (--whole-archive)
zephyr/libzephyr.a(hex.c.obj)
                              (--whole-archive)
zephyr/libzephyr.a(rb.c.obj)  (--whole-archive)
zephyr/libzephyr.a(timeutil.c.obj)
                              (--whole-archive)
zephyr/libzephyr.a(bitarray.c.obj)
                              (--whole-archive)
zephyr/libzephyr.a(bitmask.c.obj)
                              (--whole-archive)
zephyr/libzephyr.a(onoff.c.obj)
                              (--whole-archive)
zephyr/libzephyr.a(notify.c.obj)
                              (--whole-archive)
zephyr/libzephyr.a(ring_buffer.c.obj)
                              (--whole-archive)
zephyr/libzephyr.a(last_section_id.c.obj)
                              (--whole-archive)
zephyr/libzephyr.a(configs.c.obj)
                              (--whole-archive)
zephyr/libzephyr.a(mem_attr.c.obj)
                              (--whole-archive)
zephyr/libzephyr.a(tracing_none.c.obj)
                              (--whole-archive)
zephyr/arch/common/libarch__common.a(sw_isr_common.c.obj)
                              (--whole-archive)
zephyr/arch/common/libarch__common.a(init.c.obj)
                              (--whole-archive)
zephyr/arch/common/libarch__common.a(xip.c.obj)
[...]
Memory Configuration

Name             Origin             Length             Attributes
FLASH            0x0000000000000000 0x0000000000100000 xr
RAM              0x0000000020000000 0x0000000000040000 xw
IDT_LIST         0x00000000ffff7fff 0x0000000000008000 xw
*default*        0x0000000000000000 0xffffffffffffffff

Linker script and memory map

                0x00000000000153d8                vfprintf = __l_vfprintf
                0x0000000000000000                vfscanf = __l_vfscanf
LOAD zephyr/CMakeFiles/zephyr_pre0.dir/misc/empty_file.c.obj
LOAD zephyr/CMakeFiles/offsets.dir/./arch/arm/core/offsets/offsets.c.obj
LOAD app/libapp.a
LOAD zephyr/libzephyr.a
LOAD zephyr/arch/common/libarch__common.a
LOAD zephyr/arch/arch/arm/core/libarch__arm__core.a
LOAD zephyr/arch/arch/arm/core/cortex_m/libarch__arm__core__cortex_m.a
LOAD zephyr/arch/arch/arm/core/mpu/libarch__arm__core__mpu.a
LOAD zephyr/lib/libc/picolibc/liblib__libc__picolibc.a
LOAD zephyr/lib/libc/common/liblib__libc__common.a
LOAD zephyr/lib/posix/c_lib_ext/liblib__posix__c_lib_ext.a
LOAD zephyr/soc/soc/nrf52840/libsoc__nordic.a
LOAD zephyr/drivers/clock_control/libdrivers__clock_control.a
LOAD zephyr/drivers/console/libdrivers__console.a
LOAD zephyr/drivers/gpio/libdrivers__gpio.a
LOAD zephyr/drivers/pinctrl/libdrivers__pinctrl.a
LOAD zephyr/drivers/serial/libdrivers__serial.a
LOAD zephyr/drivers/timer/libdrivers__timer.a
LOAD modules/hal_nordic/nrfx/libnrfx.a
LOAD zephyr/kernel/libkernel.a
LOAD zephyr/arch/common/libisr_tables.a
LOAD c:\users\salvo\zephyr-sdk-0.17.4\arm-zephyr-eabi\bin\../lib/gcc/../../picolibc/arm-zephyr-eabi/lib/thumb/v7e-m/nofp\libc.a
LOAD c:/users/salvo/zephyr-sdk-0.17.4/arm-zephyr-eabi/bin/../lib/gcc/arm-zephyr-eabi/12.2.0/thumb/v7e-m/nofp\libgcc.a
                0x0000000000000020                _region_min_align = 0x20

.rel.plt        0x0000000000000000        0x0
 *(SORT_BY_ALIGNMENT(.rel.plt))
                [!provide]                        PROVIDE (__rel_iplt_start = .)
 *(SORT_BY_ALIGNMENT(.rel.iplt))
 .rel.iplt      0x0000000000000000        0x0 app/libapp.a(zephyr_platform.c.obj)
                [!provide]                        PROVIDE (__rel_iplt_end = .)

.rela.plt       0x0000000000000000        0x0
 *(SORT_BY_ALIGNMENT(.rela.plt))
                [!provide]                        PROVIDE (__rela_iplt_start = .)
 *(SORT_BY_ALIGNMENT(.rela.iplt))
                [!provide]                        PROVIDE (__rela_iplt_end = .)

.rel.dyn
 *(SORT_BY_ALIGNMENT(.rel.*))

.rela.dyn
 *(SORT_BY_ALIGNMENT(.rela.*))

/DISCARD/
 *(SORT_BY_ALIGNMENT(.plt))

/DISCARD/
 *(SORT_BY_ALIGNMENT(.iplt))
                0x0000000000000000                __rom_region_start = 0x0

rom_start       0x0000000000000000      0x100
                0x0000000000000000                __rom_start_address = .
 FILL mask 0x00
                0x0000000000000000                . = (. + (0x0 - (. - __rom_start_address)))
                0x0000000000000000                . = ALIGN (0x4)
                0x0000000000000000                . = ALIGN (0x80)
                0x0000000000000000                . = ALIGN (0x100)
                0x0000000000000000                _vector_start = .
 *(SORT_BY_ALIGNMENT(.exc_vector_table))
 *(SORT_BY_ALIGNMENT(.exc_vector_table.*))
 .exc_vector_table._vector_table_section
                0x0000000000000000       0x40 zephyr/arch/arch/arm/core/cortex_m/libarch__arm__core__cortex_m.a(vector_table.S.obj)
                0x0000000000000000                _vector_table
 *(SORT_BY_ALIGNMENT(.vectors))
                0x0000000000000100                _vector_end = .
                0x0000000000000040                . = ALIGN (0x4)
 *(SORT_BY_ALIGNMENT(.gnu.linkonce.irq_vector_table*))
 .gnu.linkonce.irq_vector_table
                0x0000000000000040       0xc0 zephyr/arch/common/libisr_tables.a(isr_tables.c.obj)
                0x0000000000000040                _irq_vector_table
                0x0000000000000100                _vector_end = .

text            0x0000000000000100    0x1add0
                0x0000000000000100                __text_region_start = .
 *(SORT_BY_ALIGNMENT(.text))
 .text          0x0000000000000100       0xa0 c:\users\salvo\zephyr-sdk-0.17.4\arm-zephyr-eabi\bin\../lib/gcc/../../picolibc/arm-zephyr-eabi/lib/thumb/v7e-m/nofp\libc.a(memchr.S.o)
                0x0000000000000100                memchr
 .text          0x00000000000001a0       0x68 app/libapp.a(invokeNative_thumb.s.obj)
                0x00000000000001a0                invokeNative
 .text          0x0000000000000208       0x24 c:/users/salvo/zephyr-sdk-0.17.4/arm-zephyr-eabi/bin/../lib/gcc/arm-zephyr-eabi/12.2.0/thumb/v7e-m/nofp\libgcc.a(_udivsi3.o)
                0x0000000000000208                __aeabi_uidiv
                0x0000000000000208                __udivsi3
                0x000000000000021c                __aeabi_uidivmod
 .text          0x000000000000022c       0x2c c:/users/salvo/zephyr-sdk-0.17.4/arm-zephyr-eabi/bin/../lib/gcc/arm-zephyr-eabi/12.2.0/thumb/v7e-m/nofp\libgcc.a(_divsi3.o)
                0x000000000000022c                __divsi3
                0x000000000000022c                __aeabi_idiv
                0x0000000000000248                __aeabi_idivmod
 .text          0x0000000000000258       0x18 c:/users/salvo/zephyr-sdk-0.17.4/arm-zephyr-eabi/bin/../lib/gcc/arm-zephyr-eabi/12.2.0/thumb/v7e-m/nofp\libgcc.a(_umodsi3.o)
                0x0000000000000258                __umodsi3
 .text          0x0000000000000270       0x20 c:/users/salvo/zephyr-sdk-0.17.4/arm-zephyr-eabi/bin/../lib/gcc/arm-zephyr-eabi/12.2.0/thumb/v7e-m/nofp\libgcc.a(_modsi3.o)
                0x0000000000000270                __modsi3
 .text          0x0000000000000290        0x4 c:/users/salvo/zephyr-sdk-0.17.4/arm-zephyr-eabi/bin/../lib/gcc/arm-zephyr-eabi/12.2.0/thumb/v7e-m/nofp\libgcc.a(_dvmd_tls.o)
                0x0000000000000290                __aeabi_idiv0
                0x0000000000000290                __aeabi_ldiv0
 .text          0x0000000000000294       0x18 c:/users/salvo/zephyr-sdk-0.17.4/arm-zephyr-eabi/bin/../lib/gcc/arm-zephyr-eabi/12.2.0/thumb/v7e-m/nofp\libgcc.a(_lshrdi3.o)
                0x0000000000000294                __lshrdi3
                0x0000000000000294                __aeabi_llsr
 .text          0x00000000000002ac       0x18 c:/users/salvo/zephyr-sdk-0.17.4/arm-zephyr-eabi/bin/../lib/gcc/arm-zephyr-eabi/12.2.0/thumb/v7e-m/nofp\libgcc.a(_ashldi3.o)
                0x00000000000002ac                __aeabi_llsl
                0x00000000000002ac                __ashldi3
 .text          0x00000000000002c4      0x378 c:/users/salvo/zephyr-sdk-0.17.4/arm-zephyr-eabi/bin/../lib/gcc/arm-zephyr-eabi/12.2.0/thumb/v7e-m/nofp\libgcc.a(_arm_addsubdf3.o)
                0x00000000000002c4                __aeabi_drsub
                0x00000000000002cc                __aeabi_dsub
                0x00000000000002cc                __subdf3
                0x00000000000002d0                __aeabi_dadd
                0x00000000000002d0                __adddf3
                0x0000000000000548                __floatunsidf
                0x0000000000000548                __aeabi_ui2d
                0x0000000000000568                __floatsidf
                0x0000000000000568                __aeabi_i2d
                0x000000000000058c                __aeabi_f2d
                0x000000000000058c                __extendsfdf2
                0x00000000000005d0                __floatundidf
                0x00000000000005d0                __aeabi_ul2d
                0x00000000000005e0                __floatdidf
                0x00000000000005e0                __aeabi_l2d
 .text          0x000000000000063c      0x424 c:/users/salvo/zephyr-sdk-0.17.4/arm-zephyr-eabi/bin/../lib/gcc/arm-zephyr-eabi/12.2.0/thumb/v7e-m/nofp\libgcc.a(_arm_muldivdf3.o)
                0x000000000000063c                __aeabi_dmul
                0x000000000000063c                __muldf3
                0x0000000000000890                __divdf3
                0x0000000000000890                __aeabi_ddiv
 .text          0x0000000000000a60      0x110 c:/users/salvo/zephyr-sdk-0.17.4/arm-zephyr-eabi/bin/../lib/gcc/arm-zephyr-eabi/12.2.0/thumb/v7e-m/nofp\libgcc.a(_arm_cmpdf2.o)
                0x0000000000000a60                __gtdf2
                0x0000000000000a60                __gedf2
                0x0000000000000a68                __ltdf2
                0x0000000000000a68                __ledf2
                0x0000000000000a70                __nedf2
                0x0000000000000a70                __eqdf2
                0x0000000000000a70                __cmpdf2
                0x0000000000000aec                __aeabi_cdrcmple
                0x0000000000000afc                __aeabi_cdcmpeq
                0x0000000000000afc                __aeabi_cdcmple
                0x0000000000000b0c                __aeabi_dcmpeq
                0x0000000000000b20                __aeabi_dcmplt
                0x0000000000000b34                __aeabi_dcmple
                0x0000000000000b48                __aeabi_dcmpge
                0x0000000000000b5c                __aeabi_dcmpgt
 .text          0x0000000000000b70       0x2c c:/users/salvo/zephyr-sdk-0.17.4/arm-zephyr-eabi/bin/../lib/gcc/arm-zephyr-eabi/12.2.0/thumb/v7e-m/nofp\libgcc.a(_arm_unorddf2.o)
                0x0000000000000b70                __unorddf2
                0x0000000000000b70                __aeabi_dcmpun
 .text          0x0000000000000b9c       0x50 c:/users/salvo/zephyr-sdk-0.17.4/arm-zephyr-eabi/bin/../lib/gcc/arm-zephyr-eabi/12.2.0/thumb/v7e-m/nofp\libgcc.a(_arm_fixdfsi.o)
                0x0000000000000b9c                __aeabi_d2iz
                0x0000000000000b9c                __fixdfsi
 .text          0x0000000000000bec       0x40 c:/users/salvo/zephyr-sdk-0.17.4/arm-zephyr-eabi/bin/../lib/gcc/arm-zephyr-eabi/12.2.0/thumb/v7e-m/nofp\libgcc.a(_arm_fixunsdfsi.o)
                0x0000000000000bec                __aeabi_d2uiz
                0x0000000000000bec                __fixunsdfsi
 .text          0x0000000000000c2c       0xa0 c:/users/salvo/zephyr-sdk-0.17.4/arm-zephyr-eabi/bin/../lib/gcc/arm-zephyr-eabi/12.2.0/thumb/v7e-m/nofp\libgcc.a(_arm_truncdfsf2.o)
                0x0000000000000c2c                __truncdfsf2
                0x0000000000000c2c                __aeabi_d2f
 .text          0x0000000000000ccc      0x21c c:/users/salvo/zephyr-sdk-0.17.4/arm-zephyr-eabi/bin/../lib/gcc/arm-zephyr-eabi/12.2.0/thumb/v7e-m/nofp\libgcc.a(_arm_addsubsf3.o)
                0x0000000000000ccc                __aeabi_frsub
                0x0000000000000cd4                __subsf3
                0x0000000000000cd4                __aeabi_fsub
                0x0000000000000cd8                __aeabi_fadd
                0x0000000000000cd8                __addsf3
                0x0000000000000e38                __aeabi_ui2f
                0x0000000000000e38                __floatunsisf
                0x0000000000000e40                __aeabi_i2f
                0x0000000000000e40                __floatsisf
                0x0000000000000e5c                __aeabi_ul2f
                0x0000000000000e5c                __floatundisf
                0x0000000000000e6c                __aeabi_l2f
                0x0000000000000e6c                __floatdisf
 .text          0x0000000000000ee8      0x2a0 c:/users/salvo/zephyr-sdk-0.17.4/arm-zephyr-eabi/bin/../lib/gcc/arm-zephyr-eabi/12.2.0/thumb/v7e-m/nofp\libgcc.a(_arm_muldivsf3.o)
                0x0000000000000ee8                __mulsf3
                0x0000000000000ee8                __aeabi_fmul
                0x0000000000001050                __aeabi_fdiv
                0x0000000000001050                __divsf3
 .text          0x0000000000001188       0xec c:/users/salvo/zephyr-sdk-0.17.4/arm-zephyr-eabi/bin/../lib/gcc/arm-zephyr-eabi/12.2.0/thumb/v7e-m/nofp\libgcc.a(_arm_cmpsf2.o)
                0x0000000000001188                __gesf2
                0x0000000000001188                __gtsf2
                0x0000000000001190                __lesf2
                0x0000000000001190                __ltsf2
                0x0000000000001198                __nesf2
                0x0000000000001198                __eqsf2
                0x0000000000001198                __cmpsf2
                0x00000000000011f8                __aeabi_cfrcmple
                0x0000000000001200                __aeabi_cfcmpeq
                0x0000000000001200                __aeabi_cfcmple
                0x0000000000001210                __aeabi_fcmpeq
                0x0000000000001224                __aeabi_fcmplt
                0x0000000000001238                __aeabi_fcmple
                0x000000000000124c                __aeabi_fcmpge
                0x0000000000001260                __aeabi_fcmpgt
 .text          0x0000000000001274       0x2c c:/users/salvo/zephyr-sdk-0.17.4/arm-zephyr-eabi/bin/../lib/gcc/arm-zephyr-eabi/12.2.0/thumb/v7e-m/nofp\libgcc.a(_arm_unordsf2.o)
                0x0000000000001274                __unordsf2
                0x0000000000001274                __aeabi_fcmpun
 .text          0x00000000000012a0       0x4c c:/users/salvo/zephyr-sdk-0.17.4/arm-zephyr-eabi/bin/../lib/gcc/arm-zephyr-eabi/12.2.0/thumb/v7e-m/nofp\libgcc.a(_arm_fixsfsi.o)
                0x00000000000012a0                __aeabi_f2iz
                0x00000000000012a0                __fixsfsi
 .text          0x00000000000012ec       0x40 c:/users/salvo/zephyr-sdk-0.17.4/arm-zephyr-eabi/bin/../lib/gcc/arm-zephyr-eabi/12.2.0/thumb/v7e-m/nofp\libgcc.a(_arm_fixunssfsi.o)
                0x00000000000012ec                __fixunssfsi
                0x00000000000012ec                __aeabi_f2uiz
 .text          0x000000000000132c        0x8 c:/users/salvo/zephyr-sdk-0.17.4/arm-zephyr-eabi/bin/../lib/gcc/arm-zephyr-eabi/12.2.0/thumb/v7e-m/nofp\libgcc.a(_clzsi2.o)
                0x000000000000132c                __clzsi2
 .text          0x0000000000001334       0xa0 c:/users/salvo/zephyr-sdk-0.17.4/arm-zephyr-eabi/bin/../lib/gcc/arm-zephyr-eabi/12.2.0/thumb/v7e-m/nofp\libgcc.a(_aeabi_ldivmod.o)
                0x0000000000001334                __aeabi_ldivmod
 .text          0x00000000000013d4       0x30 c:/users/salvo/zephyr-sdk-0.17.4/arm-zephyr-eabi/bin/../lib/gcc/arm-zephyr-eabi/12.2.0/thumb/v7e-m/nofp\libgcc.a(_aeabi_uldivmod.o)
                0x00000000000013d4                __aeabi_uldivmod
 .text          0x0000000000001404       0x40 c:/users/salvo/zephyr-sdk-0.17.4/arm-zephyr-eabi/bin/../lib/gcc/arm-zephyr-eabi/12.2.0/thumb/v7e-m/nofp\libgcc.a(_fixunssfdi.o)
                0x0000000000001404                __fixunssfdi
                0x0000000000001404                __aeabi_f2ulz
 .text          0x0000000000001444       0x3c c:/users/salvo/zephyr-sdk-0.17.4/arm-zephyr-eabi/bin/../lib/gcc/arm-zephyr-eabi/12.2.0/thumb/v7e-m/nofp\libgcc.a(_fixunsdfdi.o)
                0x0000000000001444                __fixunsdfdi
                0x0000000000001444                __aeabi_d2ulz
 .text          0x0000000000001480       0x14 c:\users\salvo\zephyr-sdk-0.17.4\arm-zephyr-eabi\bin\../lib/gcc/../../picolibc/arm-zephyr-eabi/lib/thumb/v7e-m/nofp\libc.a(strcmp.S.o)
                0x0000000000001480                strcmp
 .text          0x0000000000001494       0x10 c:\users\salvo\zephyr-sdk-0.17.4\arm-zephyr-eabi\bin\../lib/gcc/../../picolibc/arm-zephyr-eabi/lib/thumb/v7e-m/nofp\libc.a(strcpy.S.o)
                0x0000000000001494                strcpy
 .text          0x00000000000014a4       0x10 c:\users\salvo\zephyr-sdk-0.17.4\arm-zephyr-eabi\bin\../lib/gcc/../../picolibc/arm-zephyr-eabi/lib/thumb/v7e-m/nofp\libc.a(strlen.S.o)
                0x00000000000014a4                strlen
 .text          0x00000000000014b4       0x12 c:/users/salvo/zephyr-sdk-0.17.4/arm-zephyr-eabi/bin/../lib/gcc/arm-zephyr-eabi/12.2.0/thumb/v7e-m/nofp\libgcc.a(_muldi3.o)
                0x00000000000014b4                __muldi3
                0x00000000000014b4                __aeabi_lmul
 .text          0x00000000000014c6       0x26 c:/users/salvo/zephyr-sdk-0.17.4/arm-zephyr-eabi/bin/../lib/gcc/arm-zephyr-eabi/12.2.0/thumb/v7e-m/nofp\libgcc.a(_fixsfdi.o)
                0x00000000000014c6                __fixsfdi
                0x00000000000014c6                __aeabi_f2lz
 .text          0x00000000000014ec       0x2e c:/users/salvo/zephyr-sdk-0.17.4/arm-zephyr-eabi/bin/../lib/gcc/arm-zephyr-eabi/12.2.0/thumb/v7e-m/nofp\libgcc.a(_fixdfdi.o)
                0x00000000000014ec                __fixdfdi
                0x00000000000014ec                __aeabi_d2lz
 .text          0x000000000000151a      0x254 c:/users/salvo/zephyr-sdk-0.17.4/arm-zephyr-eabi/bin/../lib/gcc/arm-zephyr-eabi/12.2.0/thumb/v7e-m/nofp\libgcc.a(_divdi3.o)
                0x000000000000151a                __divdi3
 .text          0x000000000000176e      0x206 c:/users/salvo/zephyr-sdk-0.17.4/arm-zephyr-eabi/bin/../lib/gcc/arm-zephyr-eabi/12.2.0/thumb/v7e-m/nofp\libgcc.a(_moddi3.o)
                0x000000000000176e                __moddi3
 .text          0x0000000000001974      0x21e c:/users/salvo/zephyr-sdk-0.17.4/arm-zephyr-eabi/bin/../lib/gcc/arm-zephyr-eabi/12.2.0/thumb/v7e-m/nofp\libgcc.a(_udivdi3.o)
                0x0000000000001974                __udivdi3
 .text          0x0000000000001b92      0x1ec c:/users/salvo/zephyr-sdk-0.17.4/arm-zephyr-eabi/bin/../lib/gcc/arm-zephyr-eabi/12.2.0/thumb/v7e-m/nofp\libgcc.a(_umoddi3.o)
                0x0000000000001b92                __umoddi3
 .text          0x0000000000001d7e      0x2a0 c:/users/salvo/zephyr-sdk-0.17.4/arm-zephyr-eabi/bin/../lib/gcc/arm-zephyr-eabi/12.2.0/thumb/v7e-m/nofp\libgcc.a(_udivmoddi4.o)
                0x0000000000001d7e                __udivmoddi4
 *(SORT_BY_ALIGNMENT(.text.*))
 *fill*         0x000000000000201e        0x2 
 .text._stdout_hook_iwasm
                0x0000000000002020       0x14 app/libapp.a(zephyr_platform.c.obj)
 .text.bh_platform_init
                0x0000000000002034       0x40 app/libapp.a(zephyr_platform.c.obj)
                0x0000000000002034                bh_platform_init
 .text.os_mmap  0x0000000000002074       0x34 app/libapp.a(zephyr_platform.c.obj)
                0x0000000000002074                os_mmap
 .text.os_munmap
                0x00000000000020a8       0x10 app/libapp.a(zephyr_platform.c.obj)
                0x00000000000020a8                os_munmap
 .text.os_thread_sys_init
                0x00000000000020b8       0x5c app/libapp.a(zephyr_thread.c.obj)
                0x00000000000020b8                os_thread_sys_init
 .text.os_thread_sys_destroy
                0x0000000000002114       0x10 app/libapp.a(zephyr_thread.c.obj)
                0x0000000000002114                os_thread_sys_destroy
 .text.os_self_thread
                0x0000000000002124       0x14 app/libapp.a(zephyr_thread.c.obj)
                0x0000000000002124                os_self_thread
 .text.os_thread_get_stack_boundary
                0x0000000000002138       0x14 app/libapp.a(zephyr_thread.c.obj)
                0x0000000000002138                os_thread_get_stack_boundary
 .text.unlink_hmu
                0x000000000000214c       0x84 app/libapp.a(ems_alloc.c.obj)
 .text.gci_add_fc
                0x00000000000021d0       0x88 app/libapp.a(ems_alloc.c.obj)
                0x00000000000021d0                gci_add_fc
 .text.gc_alloc_vo
                0x0000000000002258       0x78 app/libapp.a(ems_alloc.c.obj)
                0x0000000000002258                gc_alloc_vo
 .text.gc_free_vo
                0x00000000000022d0       0xfc app/libapp.a(ems_alloc.c.obj)
                0x00000000000022d0                gc_free_vo
 .text.gc_realloc_vo
                0x00000000000023cc      0x14c app/libapp.a(ems_alloc.c.obj)
                0x00000000000023cc                gc_realloc_vo
 .text.gc_init_internal
                0x0000000000002518       0xa0 app/libapp.a(ems_kfc.c.obj)
 .text.gc_init_with_pool
                0x00000000000025b8       0x48 app/libapp.a(ems_kfc.c.obj)
                0x00000000000025b8                gc_init_with_pool
 .text.gc_init_with_struct_and_pool
                0x0000000000002600       0x70 app/libapp.a(ems_kfc.c.obj)
                0x0000000000002600                gc_init_with_struct_and_pool
 .text.gc_migrate
                0x0000000000002670       0xe4 app/libapp.a(ems_kfc.c.obj)
                0x0000000000002670                gc_migrate
 .text.bh_hash_map_create
                0x0000000000002754       0xac app/libapp.a(bh_hashmap.c.obj)
                0x0000000000002754                bh_hash_map_create
 .text.bh_hash_map_insert
                0x0000000000002800       0xa0 app/libapp.a(bh_hashmap.c.obj)
                0x0000000000002800                bh_hash_map_insert
 .text.bh_hash_map_find
                0x00000000000028a0       0x68 app/libapp.a(bh_hashmap.c.obj)
                0x00000000000028a0                bh_hash_map_find
 .text.bh_hash_map_destroy
                0x0000000000002908       0x74 app/libapp.a(bh_hashmap.c.obj)
                0x0000000000002908                bh_hash_map_destroy
 .text.bh_log_set_verbose_level
                0x000000000000297c        0xc app/libapp.a(bh_log.c.obj)
                0x000000000000297c                bh_log_set_verbose_level
 .text.bh_log   0x0000000000002988       0xc4 app/libapp.a(bh_log.c.obj)
                0x0000000000002988                bh_log
 .text.bh_vector_destroy
                0x0000000000002a4c       0x40 app/libapp.a(bh_vector.c.obj)
                0x0000000000002a4c                bh_vector_destroy
 .text.__cxa_throw_wrapper
                0x0000000000002a8c       0x24 app/libapp.a(libc_builtin_wrapper.c.obj)
 .text.nullFunc_X_wrapper
                0x0000000000002ab0       0x28 app/libapp.a(libc_builtin_wrapper.c.obj)
 .text.abortStackOverflow_wrapper
                0x0000000000002ad8       0x28 app/libapp.a(libc_builtin_wrapper.c.obj)
 .text.abort_wrapper
                0x0000000000002b00       0x28 app/libapp.a(libc_builtin_wrapper.c.obj)
 .text.exit_wrapper
                0x0000000000002b28       0x28 app/libapp.a(libc_builtin_wrapper.c.obj)
 .text.putchar_wrapper
                0x0000000000002b50       0x10 app/libapp.a(libc_builtin_wrapper.c.obj)
 .text.puts_wrapper
                0x0000000000002b60        0xc app/libapp.a(libc_builtin_wrapper.c.obj)
 .text.printf_out
                0x0000000000002b6c       0x1c app/libapp.a(libc_builtin_wrapper.c.obj)
 .text._vprintf_wa
                0x0000000000002b88      0x3d8 app/libapp.a(libc_builtin_wrapper.c.obj)
 .text.snprintf_wrapper
                0x0000000000002f60       0x54 app/libapp.a(libc_builtin_wrapper.c.obj)
 .text.sprintf_wrapper
                0x0000000000002fb4       0x74 app/libapp.a(libc_builtin_wrapper.c.obj)
 .text.printf_wrapper
                0x0000000000003028       0x44 app/libapp.a(libc_builtin_wrapper.c.obj)
 .text.clock_gettime_wrapper
                0x000000000000306c       0x3c app/libapp.a(libc_builtin_wrapper.c.obj)
 .text.get_libc_builtin_export_apis
                0x00000000000030a8        0xc app/libapp.a(libc_builtin_wrapper.c.obj)
                0x00000000000030a8                get_libc_builtin_export_apis
 .text.wasm_native_lookup_libc_builtin_global
                0x00000000000030b4       0x60 app/libapp.a(libc_builtin_wrapper.c.obj)
                0x00000000000030b4                wasm_native_lookup_libc_builtin_global
 .text.wasm_loader_set_error_buf
                0x0000000000003114       0x28 app/libapp.a(wasm_loader_common.c.obj)
                0x0000000000003114                wasm_loader_set_error_buf
 .text.wasm_memory_check_flags
                0x000000000000313c       0x5c app/libapp.a(wasm_loader_common.c.obj)
                0x000000000000313c                wasm_memory_check_flags
 .text.wasm_table_check_flags
                0x0000000000003198       0x4c app/libapp.a(wasm_loader_common.c.obj)
                0x0000000000003198                wasm_table_check_flags
 .text.is_indices_overflow
                0x00000000000031e4       0x28 app/libapp.a(wasm_loader_common.c.obj)
                0x00000000000031e4                is_indices_overflow
 .text.read_leb
                0x000000000000320c       0x5c app/libapp.a(wasm_loader_common.c.obj)
                0x000000000000320c                read_leb
 .text.wasm_mremap_linear_memory
                0x0000000000003268       0x5c app/libapp.a(wasm_memory.c.obj)
 .text.wasm_runtime_memory_init
                0x00000000000032c4       0xa4 app/libapp.a(wasm_memory.c.obj)
                0x00000000000032c4                wasm_runtime_memory_init
 .text.wasm_runtime_memory_destroy
                0x0000000000003368       0x20 app/libapp.a(wasm_memory.c.obj)
                0x0000000000003368                wasm_runtime_memory_destroy
 .text.wasm_runtime_malloc
                0x0000000000003388       0x64 app/libapp.a(wasm_memory.c.obj)
                0x0000000000003388                wasm_runtime_malloc
 .text.wasm_runtime_realloc
                0x00000000000033ec       0x58 app/libapp.a(wasm_memory.c.obj)
                0x00000000000033ec                wasm_runtime_realloc
 .text.wasm_runtime_free
                0x0000000000003444       0x48 app/libapp.a(wasm_memory.c.obj)
                0x0000000000003444                wasm_runtime_free
 .text.wasm_runtime_get_mem_alloc_info
                0x000000000000348c       0x20 app/libapp.a(wasm_memory.c.obj)
                0x000000000000348c                wasm_runtime_get_mem_alloc_info
 .text.wasm_runtime_validate_app_addr
                0x00000000000034ac       0x4c app/libapp.a(wasm_memory.c.obj)
                0x00000000000034ac                wasm_runtime_validate_app_addr
 .text.wasm_runtime_validate_native_addr
                0x00000000000034f8       0x44 app/libapp.a(wasm_memory.c.obj)
                0x00000000000034f8                wasm_runtime_validate_native_addr
 .text.wasm_runtime_validate_app_str_addr
                0x000000000000353c       0x74 app/libapp.a(wasm_memory.c.obj)
                0x000000000000353c                wasm_runtime_validate_app_str_addr
 .text.wasm_check_app_addr_and_convert
                0x00000000000035b0       0x68 app/libapp.a(wasm_memory.c.obj)
                0x00000000000035b0                wasm_check_app_addr_and_convert
 .text.wasm_enlarge_memory_internal
                0x0000000000003618      0x110 app/libapp.a(wasm_memory.c.obj)
 .text.register_natives
                0x0000000000003728       0x3c app/libapp.a(wasm_native.c.obj)
 .text.wasm_native_resolve_symbol
                0x0000000000003764      0x1e0 app/libapp.a(wasm_native.c.obj)
                0x0000000000003764                wasm_native_resolve_symbol
 .text.wasm_native_destroy
                0x0000000000003944       0x1c app/libapp.a(wasm_native.c.obj)
                0x0000000000003944                wasm_native_destroy
 .text.wasm_native_init
                0x0000000000003960       0x3c app/libapp.a(wasm_native.c.obj)
                0x0000000000003960                wasm_native_init
 .text.wasm_native_lookup_quick_aot_entry
                0x000000000000399c       0xa4 app/libapp.a(wasm_native.c.obj)
                0x000000000000399c                wasm_native_lookup_quick_aot_entry
 .text.wasm_set_exception_local
                0x0000000000003a40       0x18 app/libapp.a(wasm_runtime_common.c.obj)
 .text.set_error_buf
                0x0000000000003a58       0x10 app/libapp.a(wasm_runtime_common.c.obj)
 .text.runtime_malloc.constprop.0
                0x0000000000003a68       0x2c app/libapp.a(wasm_runtime_common.c.obj)
 .text.wasm_runtime_destroy
                0x0000000000003a94       0x24 app/libapp.a(wasm_runtime_common.c.obj)
                0x0000000000003a94                wasm_runtime_destroy
 .text.wasm_runtime_get_default_running_mode
                0x0000000000003ab8        0xc app/libapp.a(wasm_runtime_common.c.obj)
                0x0000000000003ab8                wasm_runtime_get_default_running_mode
 .text.wasm_runtime_set_default_running_mode
                0x0000000000003ac4       0x14 app/libapp.a(wasm_runtime_common.c.obj)
                0x0000000000003ac4                wasm_runtime_set_default_running_mode
 .text.wasm_runtime_full_init
                0x0000000000003ad8       0x6c app/libapp.a(wasm_runtime_common.c.obj)
                0x0000000000003ad8                wasm_runtime_full_init
 .text.wasm_runtime_is_built_in_module
                0x0000000000003b44       0x3c app/libapp.a(wasm_runtime_common.c.obj)
                0x0000000000003b44                wasm_runtime_is_built_in_module
 .text.wasm_runtime_load_ex
                0x0000000000003b80       0x6c app/libapp.a(wasm_runtime_common.c.obj)
                0x0000000000003b80                wasm_runtime_load_ex
 .text.wasm_runtime_load
                0x0000000000003bec       0x1c app/libapp.a(wasm_runtime_common.c.obj)
                0x0000000000003bec                wasm_runtime_load
 .text.wasm_runtime_get_max_mem
                0x0000000000003c08       0x38 app/libapp.a(wasm_runtime_common.c.obj)
                0x0000000000003c08                wasm_runtime_get_max_mem
 .text.wasm_runtime_instantiate_internal
                0x0000000000003c40       0x30 app/libapp.a(wasm_runtime_common.c.obj)
                0x0000000000003c40                wasm_runtime_instantiate_internal
 .text.wasm_runtime_call_wasm
                0x0000000000003c70       0x58 app/libapp.a(wasm_runtime_common.c.obj)
                0x0000000000003c70                wasm_runtime_call_wasm
 .text.wasm_set_exception_with_id
                0x0000000000003cc8       0x18 app/libapp.a(wasm_runtime_common.c.obj)
                0x0000000000003cc8                wasm_set_exception_with_id
 .text.wasm_runtime_terminate
                0x0000000000003ce0        0xc app/libapp.a(wasm_runtime_common.c.obj)
                0x0000000000003ce0                wasm_runtime_terminate
 .text.wasm_runtime_invoke_native
                0x0000000000003cec      0x1dc app/libapp.a(wasm_runtime_common.c.obj)
                0x0000000000003cec                wasm_runtime_invoke_native
 .text.wasm_runtime_invoke_c_api_native
                0x0000000000003ec8      0x214 app/libapp.a(wasm_runtime_common.c.obj)
                0x0000000000003ec8                wasm_runtime_invoke_c_api_native
 .text.wasm_runtime_quick_invoke_c_api_native
                0x00000000000040dc       0x94 app/libapp.a(wasm_runtime_common.c.obj)
                0x00000000000040dc                wasm_runtime_quick_invoke_c_api_native
 .text.wasm_runtime_show_app_heap_corrupted_prompt
                0x0000000000004170       0x10 app/libapp.a(wasm_runtime_common.c.obj)
                0x0000000000004170                wasm_runtime_show_app_heap_corrupted_prompt
 .text.wasm_runtime_detect_native_stack_overflow
                0x0000000000004180       0x28 app/libapp.a(wasm_runtime_common.c.obj)
                0x0000000000004180                wasm_runtime_detect_native_stack_overflow
 .text.trunc_f32_to_int
                0x00000000000041a8      0x110 app/libapp.a(wasm_interp_classic.c.obj)
 .text.trunc_f64_to_int
                0x00000000000042b8      0x148 app/libapp.a(wasm_interp_classic.c.obj)
 .text.ALLOC_FRAME
                0x0000000000004400       0x2c app/libapp.a(wasm_interp_classic.c.obj)
 .text.wasm_interp_call_func_native
                0x000000000000442c      0x138 app/libapp.a(wasm_interp_classic.c.obj)
 .text.wasm_interp_call_func_bytecode
                0x0000000000004564     0x2e50 app/libapp.a(wasm_interp_classic.c.obj)
 .text.wasm_interp_call_wasm
                0x00000000000073b4       0xf0 app/libapp.a(wasm_interp_classic.c.obj)
                0x00000000000073b4                wasm_interp_call_wasm
 .text.loader_malloc
                0x00000000000074a4       0x44 app/libapp.a(wasm_loader.c.obj)
 .text.check_buf
                0x00000000000074e8       0x24 app/libapp.a(wasm_loader.c.obj)
 .text.set_error_buf_v
                0x000000000000750c       0x34 app/libapp.a(wasm_loader.c.obj)
 .text.load_memory
                0x0000000000007540      0x10c app/libapp.a(wasm_loader.c.obj)
 .text.load_export_section
                0x000000000000764c      0x21c app/libapp.a(wasm_loader.c.obj)
 .text.wasm_loader_push_frame_csp
                0x0000000000007868       0xa4 app/libapp.a(wasm_loader.c.obj)
 .text.load_type_section
                0x000000000000790c      0x2d8 app/libapp.a(wasm_loader.c.obj)
 .text.wasm_loader_push_frame_ref
                0x0000000000007be4       0x84 app/libapp.a(wasm_loader.c.obj)
 .text.check_stack_top_values.constprop.0
                0x0000000000007c68       0xa8 app/libapp.a(wasm_loader.c.obj)
 .text.check_branch_block
                0x0000000000007d10      0x1b8 app/libapp.a(wasm_loader.c.obj)
 .text.check_block_stack
                0x0000000000007ec8       0xd8 app/libapp.a(wasm_loader.c.obj)
 .text.load_init_expr.constprop.0
                0x0000000000007fa0      0x234 app/libapp.a(wasm_loader.c.obj)
 .text.load_data_segment_section
                0x00000000000081d4      0x1d8 app/libapp.a(wasm_loader.c.obj)
 .text.load_table_segment_section
                0x00000000000083ac      0x1d8 app/libapp.a(wasm_loader.c.obj)
 .text.load_global_section
                0x0000000000008584      0x108 app/libapp.a(wasm_loader.c.obj)
 .text.load_function_section
                0x000000000000868c      0x33c app/libapp.a(wasm_loader.c.obj)
 .text.load_import_section
                0x00000000000089c8      0x748 app/libapp.a(wasm_loader.c.obj)
 .text.load_from_sections
                0x0000000000009110     0x22b0 app/libapp.a(wasm_loader.c.obj)
 .text.wasm_loader_load
                0x000000000000b3c0      0x19c app/libapp.a(wasm_loader.c.obj)
                0x000000000000b3c0                wasm_loader_load
 .text.wasm_loader_find_block_addr
                0x000000000000b55c      0x498 app/libapp.a(wasm_loader.c.obj)
                0x000000000000b55c                wasm_loader_find_block_addr
 .text.set_error_buf_v
                0x000000000000b9f4       0x34 app/libapp.a(wasm_runtime.c.obj)
 .text.set_error_buf
                0x000000000000ba28       0x10 app/libapp.a(wasm_runtime.c.obj)
 .text.runtime_malloc
                0x000000000000ba38       0x44 app/libapp.a(wasm_runtime.c.obj)
 .text.get_init_value_recursive
                0x000000000000ba7c       0x68 app/libapp.a(wasm_runtime.c.obj)
 .text.memory_instantiate.constprop.0
                0x000000000000bae4      0x270 app/libapp.a(wasm_runtime.c.obj)
 .text.wasm_lookup_function
                0x000000000000bd54       0x30 app/libapp.a(wasm_runtime.c.obj)
                0x000000000000bd54                wasm_lookup_function
 .text.wasm_instantiate
                0x000000000000bd84      0xa6c app/libapp.a(wasm_runtime.c.obj)
                0x000000000000bd84                wasm_instantiate
 .text.wasm_module_malloc_internal
                0x000000000000c7f0      0x118 app/libapp.a(wasm_runtime.c.obj)
                0x000000000000c7f0                wasm_module_malloc_internal
 .text.wasm_module_realloc_internal
                0x000000000000c908       0x6c app/libapp.a(wasm_runtime.c.obj)
                0x000000000000c908                wasm_module_realloc_internal
 .text.wasm_module_free_internal
                0x000000000000c974       0x9c app/libapp.a(wasm_runtime.c.obj)
                0x000000000000c974                wasm_module_free_internal
 .text.wasm_check_utf8_str
                0x000000000000ca10       0xcc app/libapp.a(wasm_runtime.c.obj)
                0x000000000000ca10                wasm_check_utf8_str
 .text.wasm_const_str_list_insert
                0x000000000000cadc       0xb4 app/libapp.a(wasm_runtime.c.obj)
                0x000000000000cadc                wasm_const_str_list_insert
 .text.aot_intrinsic_fmin_f32
                0x000000000000cb90       0x40 app/libapp.a(aot_intrinsic.c.obj)
                0x000000000000cb90                aot_intrinsic_fmin_f32
 .text.aot_intrinsic_fmin_f64
                0x000000000000cbd0       0x58 app/libapp.a(aot_intrinsic.c.obj)
                0x000000000000cbd0                aot_intrinsic_fmin_f64
 .text.aot_intrinsic_fmax_f32
                0x000000000000cc28       0x40 app/libapp.a(aot_intrinsic.c.obj)
                0x000000000000cc28                aot_intrinsic_fmax_f32
 .text.aot_intrinsic_fmax_f64
                0x000000000000cc68       0x58 app/libapp.a(aot_intrinsic.c.obj)
                0x000000000000cc68                aot_intrinsic_fmax_f64
 .text.is_text_section
                0x000000000000ccc0       0x28 app/libapp.a(aot_loader.c.obj)
 .text.set_error_buf_v
                0x000000000000cce8       0x34 app/libapp.a(aot_loader.c.obj)
 .text.set_error_buf
                0x000000000000cd1c       0x10 app/libapp.a(aot_loader.c.obj)
 .text.loader_malloc
                0x000000000000cd2c       0x44 app/libapp.a(aot_loader.c.obj)
 .text.check_buf
                0x000000000000cd70       0x24 app/libapp.a(aot_loader.c.obj)
 .text.load_string
                0x000000000000cd94       0x88 app/libapp.a(aot_loader.c.obj)
 .text.loader_mmap
                0x000000000000ce1c       0x34 app/libapp.a(aot_loader.c.obj)
 .text.load_native_symbol_section
                0x000000000000ce50      0x1e4 app/libapp.a(aot_loader.c.obj)
 .text.load_init_expr.constprop.0
                0x000000000000d034       0xe4 app/libapp.a(aot_loader.c.obj)
 .text.load_types
                0x000000000000d118      0x168 app/libapp.a(aot_loader.c.obj)
 .text.load_from_sections
                0x000000000000d280     0x18e0 app/libapp.a(aot_loader.c.obj)
 .text.aot_load_from_aot_file
                0x000000000000eb60      0x310 app/libapp.a(aot_loader.c.obj)
                0x000000000000eb60                aot_load_from_aot_file
 .text.set_error_buf_v
                0x000000000000ee70       0x34 app/libapp.a(aot_runtime.c.obj)
 .text.set_error_buf
                0x000000000000eea4       0x10 app/libapp.a(aot_runtime.c.obj)
 .text.runtime_malloc
                0x000000000000eeb4       0x44 app/libapp.a(aot_runtime.c.obj)
 .text.check_global_init_expr
                0x000000000000eef8       0x50 app/libapp.a(aot_runtime.c.obj)
 .text.aot_lookup_function
                0x000000000000ef48       0x38 app/libapp.a(aot_runtime.c.obj)
                0x000000000000ef48                aot_lookup_function
 .text.aot_call_function
                0x000000000000ef80      0x1a4 app/libapp.a(aot_runtime.c.obj)
                0x000000000000ef80                aot_call_function
 .text.aot_instantiate
                0x000000000000f124      0xa58 app/libapp.a(aot_runtime.c.obj)
                0x000000000000f124                aot_instantiate
 .text.aot_module_malloc_internal
                0x000000000000fb7c      0x140 app/libapp.a(aot_runtime.c.obj)
                0x000000000000fb7c                aot_module_malloc_internal
 .text.aot_module_realloc_internal
                0x000000000000fcbc       0x60 app/libapp.a(aot_runtime.c.obj)
                0x000000000000fcbc                aot_module_realloc_internal
 .text.aot_module_free_internal
                0x000000000000fd1c       0xd8 app/libapp.a(aot_runtime.c.obj)
                0x000000000000fd1c                aot_module_free_internal
 .text.aot_invoke_native
                0x000000000000fdf4       0xb0 app/libapp.a(aot_runtime.c.obj)
                0x000000000000fdf4                aot_invoke_native
 .text.aot_call_indirect
                0x000000000000fea4      0x1e0 app/libapp.a(aot_runtime.c.obj)
                0x000000000000fea4                aot_call_indirect
 .text.aot_memory_init
                0x0000000000010084       0xac app/libapp.a(aot_runtime.c.obj)
                0x0000000000010084                aot_memory_init
 .text.aot_const_str_set_insert
                0x0000000000010130       0xac app/libapp.a(aot_runtime.c.obj)
                0x0000000000010130                aot_const_str_set_insert
 .text.set_error_buf
                0x00000000000101dc       0x10 app/libapp.a(aot_reloc_thumb.c.obj)
 .text.get_target_symbol_map
                0x00000000000101ec        0xc app/libapp.a(aot_reloc_thumb.c.obj)
                0x00000000000101ec                get_target_symbol_map
 .text.get_current_target
                0x00000000000101f8       0x38 app/libapp.a(aot_reloc_thumb.c.obj)
                0x00000000000101f8                get_current_target
 .text.init_plt_table
                0x0000000000010230       0x64 app/libapp.a(aot_reloc_thumb.c.obj)
                0x0000000000010230                init_plt_table
 .text.apply_relocation
                0x0000000000010294      0x1b4 app/libapp.a(aot_reloc_thumb.c.obj)
                0x0000000000010294                apply_relocation
 .text.copy_param_value
                0x0000000000010448       0x3c app/libapp.a(main.c.obj)
 .text.slot_find
                0x0000000000010484       0x40 app/libapp.a(main.c.obj)
 .text.agent_write_str
                0x00000000000104c4       0x48 app/libapp.a(main.c.obj)
 .text.gpio_toggle_native
                0x000000000001050c       0x3c app/libapp.a(main.c.obj)
 .text.module_worker.part.0
                0x0000000000010548      0x194 app/libapp.a(main.c.obj)
 .text.module_worker
                0x00000000000106dc       0x20 app/libapp.a(main.c.obj)
 .text.slot_ensure_worker
                0x00000000000106fc       0x60 app/libapp.a(main.c.obj)
 .text.comm_thread_entry.part.0
                0x000000000001075c      0x8b8 app/libapp.a(main.c.obj)
 .text.comm_thread_entry
                0x0000000000011014       0x54 app/libapp.a(main.c.obj)
 .text.stop_dwork_handler
                0x0000000000011068       0xe0 app/libapp.a(main.c.obj)
 .text.serial_cb
                0x0000000000011148       0xd8 app/libapp.a(main.c.obj)
 .text.led_toggle_native
                0x0000000000011220       0x88 app/libapp.a(main.c.obj)
 .text.uart_print_native
                0x00000000000112a8       0x58 app/libapp.a(main.c.obj)
 .text.iwasm_init
                0x0000000000011300       0x40 app/libapp.a(main.c.obj)
                0x0000000000011300                iwasm_init
 .text.char_out
                0x0000000000011340        0xc zephyr/libzephyr.a(printk.c.obj)
 .text.__printk_hook_install
                0x000000000001134c        0xc zephyr/libzephyr.a(printk.c.obj)
                0x000000000001134c                __printk_hook_install
 .text.vprintk  0x0000000000011358       0x30 zephyr/libzephyr.a(printk.c.obj)
                0x0000000000011358                vprintk
 .text.z_thread_entry
                0x0000000000011388       0x34 zephyr/libzephyr.a(thread_entry.c.obj)
                0x0000000000011388                z_thread_entry
 .text.process_event
                0x00000000000113bc      0x21c zephyr/libzephyr.a(onoff.c.obj)
 .text.mem_attr_get_regions
                0x00000000000115d8        0xc zephyr/libzephyr.a(mem_attr.c.obj)
                0x00000000000115d8                mem_attr_get_regions
 .text.arch_bss_zero
                0x00000000000115e4       0x18 zephyr/arch/common/libarch__common.a(init.c.obj)
                0x00000000000115e4                arch_bss_zero
 .text.arch_data_copy
                0x00000000000115fc       0x38 zephyr/arch/common/libarch__common.a(xip.c.obj)
                0x00000000000115fc                arch_data_copy
 .text.z_arm_fatal_error
                0x0000000000011634       0x60 zephyr/arch/arch/arm/core/libarch__arm__core.a(fatal.c.obj)
                0x0000000000011634                z_arm_fatal_error
 .text.z_SysNmiOnReset
                0x0000000000011694        0x8 zephyr/arch/arch/arm/core/libarch__arm__core.a(nmi_on_reset.S.obj)
                0x0000000000011694                z_SysNmiOnReset
 .text.arch_tls_stack_setup
                0x000000000001169c       0x40 zephyr/arch/arch/arm/core/libarch__arm__core.a(tls.c.obj)
                0x000000000001169c                arch_tls_stack_setup
 .text._HandlerModeExit
                0x00000000000116dc       0x20 zephyr/arch/arch/arm/core/cortex_m/libarch__arm__core__cortex_m.a(exc_exit.c.obj)
                0x00000000000116dc                z_arm_int_exit
                0x00000000000116dc                z_arm_exc_exit
 .text.mem_manage_fault
                0x00000000000116fc       0xf0 zephyr/arch/arch/arm/core/cortex_m/libarch__arm__core__cortex_m.a(fault.c.obj)
 .text.usage_fault.constprop.0
                0x00000000000117ec       0x98 zephyr/arch/arch/arm/core/cortex_m/libarch__arm__core__cortex_m.a(fault.c.obj)
 .text.bus_fault.constprop.0
                0x0000000000011884       0xb8 zephyr/arch/arch/arm/core/cortex_m/libarch__arm__core__cortex_m.a(fault.c.obj)
 .text.z_arm_fault
                0x000000000001193c      0x1a0 zephyr/arch/arch/arm/core/cortex_m/libarch__arm__core__cortex_m.a(fault.c.obj)
                0x000000000001193c                z_arm_fault
 .text.z_arm_fault_init
                0x0000000000011adc       0x18 zephyr/arch/arch/arm/core/cortex_m/libarch__arm__core__cortex_m.a(fault.c.obj)
                0x0000000000011adc                z_arm_fault_init
 .text.__fault  0x0000000000011af4       0x14 zephyr/arch/arch/arm/core/cortex_m/libarch__arm__core__cortex_m.a(fault_s.S.obj)
                0x0000000000011af4                z_arm_usage_fault
                0x0000000000011af4                z_arm_mpu_fault
                0x0000000000011af4                z_arm_exc_spurious
                0x0000000000011af4                z_arm_debug_monitor
                0x0000000000011af4                z_arm_hard_fault
                0x0000000000011af4                z_arm_bus_fault
 .text._reset_section
                0x0000000000011b08       0x48 zephyr/arch/arch/arm/core/cortex_m/libarch__arm__core__cortex_m.a(reset.S.obj)
                0x0000000000011b08                __start
                0x0000000000011b08                z_arm_reset
 .text.z_impl_k_thread_abort
                0x0000000000011b50       0x2c zephyr/arch/arch/arm/core/cortex_m/libarch__arm__core__cortex_m.a(thread_abort.c.obj)
                0x0000000000011b50                z_impl_k_thread_abort
 .text.z_arm_pendsv
                0x0000000000011b7c       0x60 zephyr/arch/arch/arm/core/cortex_m/libarch__arm__core__cortex_m.a(swap_helper.S.obj)
                0x0000000000011b7c                z_arm_pendsv
 .text.z_arm_svc
                0x0000000000011bdc       0x24 zephyr/arch/arch/arm/core/cortex_m/libarch__arm__core__cortex_m.a(swap_helper.S.obj)
                0x0000000000011bdc                z_arm_svc
 .text.arm_irq_enable
                0x0000000000011c00       0x1c zephyr/arch/arch/arm/core/cortex_m/libarch__arm__core__cortex_m.a(irq_manage.c.obj)
                0x0000000000011c00                arm_irq_enable
 .text.arm_irq_is_enabled
                0x0000000000011c1c       0x1c zephyr/arch/arch/arm/core/cortex_m/libarch__arm__core__cortex_m.a(irq_manage.c.obj)
                0x0000000000011c1c                arm_irq_is_enabled
 .text.arm_irq_priority_set
                0x0000000000011c38       0x30 zephyr/arch/arch/arm/core/cortex_m/libarch__arm__core__cortex_m.a(irq_manage.c.obj)
                0x0000000000011c38                arm_irq_priority_set
 .text.relocate_vector_table
                0x0000000000011c68       0x1c zephyr/arch/arch/arm/core/cortex_m/libarch__arm__core__cortex_m.a(prep_c.c.obj)
                0x0000000000011c68                relocate_vector_table
 .text.z_prep_c
                0x0000000000011c84       0x38 zephyr/arch/arch/arm/core/cortex_m/libarch__arm__core__cortex_m.a(prep_c.c.obj)
                0x0000000000011c84                z_prep_c
 .text.arch_new_thread
                0x0000000000011cbc       0x38 zephyr/arch/arch/arm/core/cortex_m/libarch__arm__core__cortex_m.a(thread.c.obj)
                0x0000000000011cbc                arch_new_thread
 .text.z_check_thread_stack_fail
                0x0000000000011cf4       0x2c zephyr/arch/arch/arm/core/cortex_m/libarch__arm__core__cortex_m.a(thread.c.obj)
                0x0000000000011cf4                z_check_thread_stack_fail
 .text.arch_switch_to_main_thread
                0x0000000000011d20       0x3c zephyr/arch/arch/arm/core/cortex_m/libarch__arm__core__cortex_m.a(thread.c.obj)
                0x0000000000011d20                arch_switch_to_main_thread
 .text.z_arm_cpu_idle_init
                0x0000000000011d5c        0xc zephyr/arch/arch/arm/core/cortex_m/libarch__arm__core__cortex_m.a(cpu_idle.c.obj)
                0x0000000000011d5c                z_arm_cpu_idle_init
 .text.z_arm_interrupt_init
                0x0000000000011d68       0x18 zephyr/arch/arch/arm/core/cortex_m/libarch__arm__core__cortex_m.a(irq_init.c.obj)
                0x0000000000011d68                z_arm_interrupt_init
 .text._isr_wrapper
                0x0000000000011d80       0x24 zephyr/arch/arch/arm/core/cortex_m/libarch__arm__core__cortex_m.a(isr_wrapper.c.obj)
                0x0000000000011d80                _isr_wrapper
 .text.z_arm_configure_static_mpu_regions
                0x0000000000011da4       0x18 zephyr/arch/arch/arm/core/mpu/libarch__arm__core__mpu.a(arm_core_mpu.c.obj)
                0x0000000000011da4                z_arm_configure_static_mpu_regions
 .text.z_arm_configure_dynamic_mpu_regions
                0x0000000000011dbc       0x20 zephyr/arch/arch/arm/core/mpu/libarch__arm__core__mpu.a(arm_core_mpu.c.obj)
                0x0000000000011dbc                z_arm_configure_dynamic_mpu_regions
 .text.region_init
                0x0000000000011ddc       0x28 zephyr/arch/arch/arm/core/mpu/libarch__arm__core__mpu.a(arm_mpu.c.obj)
 .text.mpu_configure_regions
                0x0000000000011e04       0x6c zephyr/arch/arch/arm/core/mpu/libarch__arm__core__mpu.a(arm_mpu.c.obj)
 .text.arm_core_mpu_enable
                0x0000000000011e70       0x18 zephyr/arch/arch/arm/core/mpu/libarch__arm__core__mpu.a(arm_mpu.c.obj)
                0x0000000000011e70                arm_core_mpu_enable
 .text.arm_core_mpu_disable
                0x0000000000011e88       0x14 zephyr/arch/arch/arm/core/mpu/libarch__arm__core__mpu.a(arm_mpu.c.obj)
                0x0000000000011e88                arm_core_mpu_disable
 .text.arm_core_mpu_configure_static_mpu_regions
                0x0000000000011e9c       0x14 zephyr/arch/arch/arm/core/mpu/libarch__arm__core__mpu.a(arm_mpu.c.obj)
                0x0000000000011e9c                arm_core_mpu_configure_static_mpu_regions
 .text.arm_core_mpu_configure_dynamic_mpu_regions
                0x0000000000011eb0       0x38 zephyr/arch/arch/arm/core/mpu/libarch__arm__core__mpu.a(arm_mpu.c.obj)
                0x0000000000011eb0                arm_core_mpu_configure_dynamic_mpu_regions
 .text.z_arm_mpu_init
                0x0000000000011ee8      0x168 zephyr/arch/arch/arm/core/mpu/libarch__arm__core__mpu.a(arm_mpu.c.obj)
                0x0000000000011ee8                z_arm_mpu_init
 .text.z_impl_zephyr_fputc
                0x0000000000012050       0x10 zephyr/lib/libc/picolibc/liblib__libc__picolibc.a(stdio.c.obj)
                0x0000000000012050                z_impl_zephyr_fputc
 .text.__stdout_hook_install
                0x0000000000012060       0x18 zephyr/lib/libc/picolibc/liblib__libc__picolibc.a(stdio.c.obj)
                0x0000000000012060                __stdout_hook_install
 .text.malloc_prepare
                0x0000000000012078       0x24 zephyr/lib/libc/common/liblib__libc__common.a(malloc.c.obj)
 .text.malloc_lock
                0x000000000001209c       0x14 zephyr/lib/libc/common/liblib__libc__common.a(malloc.c.obj)
 .text.malloc_unlock
                0x00000000000120b0        0xc zephyr/lib/libc/common/liblib__libc__common.a(malloc.c.obj)
 .text.malloc   0x00000000000120bc       0x34 zephyr/lib/libc/common/liblib__libc__common.a(malloc.c.obj)
                0x00000000000120bc                malloc
 .text.realloc  0x00000000000120f0       0x38 zephyr/lib/libc/common/liblib__libc__common.a(malloc.c.obj)
                0x00000000000120f0                realloc
 .text.free     0x0000000000012128       0x1c zephyr/lib/libc/common/liblib__libc__common.a(malloc.c.obj)
                0x0000000000012128                free
 .text.nordicsemi_nrf52_init
                0x0000000000012144       0x44 zephyr/soc/soc/nrf52840/libsoc__nordic.a(soc.c.obj)
 .text.arch_busy_wait
                0x0000000000012188       0x14 zephyr/soc/soc/nrf52840/libsoc__nordic.a(soc.c.obj)
                0x0000000000012188                arch_busy_wait
 .text.onoff_stop
                0x000000000001219c       0x30 zephyr/drivers/clock_control/libdrivers__clock_control.a(clock_control_nrf.c.obj)
 .text.onoff_start
                0x00000000000121cc       0x44 zephyr/drivers/clock_control/libdrivers__clock_control.a(clock_control_nrf.c.obj)
 .text.generic_hfclk_stop
                0x0000000000012210       0x34 zephyr/drivers/clock_control/libdrivers__clock_control.a(clock_control_nrf.c.obj)
 .text.clk_init
                0x0000000000012244       0x58 zephyr/drivers/clock_control/libdrivers__clock_control.a(clock_control_nrf.c.obj)
 .text.api_blocking_start
                0x000000000001229c       0x34 zephyr/drivers/clock_control/libdrivers__clock_control.a(clock_control_nrf.c.obj)
 .text.clkstarted_handle.constprop.0
                0x00000000000122d0       0x4c zephyr/drivers/clock_control/libdrivers__clock_control.a(clock_control_nrf.c.obj)
 .text.generic_hfclk_start
                0x000000000001231c       0x78 zephyr/drivers/clock_control/libdrivers__clock_control.a(clock_control_nrf.c.obj)
 .text.clock_event_handler
                0x0000000000012394       0x1c zephyr/drivers/clock_control/libdrivers__clock_control.a(clock_control_nrf.c.obj)
 .text.z_nrf_clock_control_lf_on
                0x00000000000123b0       0xfc zephyr/drivers/clock_control/libdrivers__clock_control.a(clock_control_nrf.c.obj)
                0x00000000000123b0                z_nrf_clock_control_lf_on
 .text.uart_console_init
                0x00000000000124ac       0x28 zephyr/drivers/console/libdrivers__console.a(uart_console.c.obj)
 .text.console_out
                0x00000000000124d4       0x28 zephyr/drivers/console/libdrivers__console.a(uart_console.c.obj)
 .text.gpio_nrfx_pin_interrupt_configure
                0x00000000000124fc      0x11c zephyr/drivers/gpio/libdrivers__gpio.a(gpio_nrfx.c.obj)
 .text.nrfx_gpio_handler
                0x0000000000012618       0x4c zephyr/drivers/gpio/libdrivers__gpio.a(gpio_nrfx.c.obj)
 .text.gpio_nrfx_init
                0x0000000000012664       0x48 zephyr/drivers/gpio/libdrivers__gpio.a(gpio_nrfx.c.obj)
 .text.gpio_nrfx_pin_configure
                0x00000000000126ac      0x18c zephyr/drivers/gpio/libdrivers__gpio.a(gpio_nrfx.c.obj)
 .text.nrf_gpio_pin_port_decode
                0x0000000000012838       0x20 zephyr/drivers/pinctrl/libdrivers__pinctrl.a(pinctrl_nrf.c.obj)
 .text.pinctrl_configure_pins
                0x0000000000012858      0x1c4 zephyr/drivers/pinctrl/libdrivers__pinctrl.a(pinctrl_nrf.c.obj)
                0x0000000000012858                pinctrl_configure_pins
 .text.uarte_nrfx_poll_out
                0x0000000000012a1c       0xb8 zephyr/drivers/serial/libdrivers__serial.a(uart_nrfx_uarte.c.obj)
 .text.uarte_0_init
                0x0000000000012ad4       0xfc zephyr/drivers/serial/libdrivers__serial.a(uart_nrfx_uarte.c.obj)
 .text.compare_int_lock
                0x0000000000012bd0       0x48 zephyr/drivers/timer/libdrivers__timer.a(nrf_rtc_timer.c.obj)
 .text.sys_clock_timeout_handler
                0x0000000000012c18       0x48 zephyr/drivers/timer/libdrivers__timer.a(nrf_rtc_timer.c.obj)
 .text.compare_int_unlock
                0x0000000000012c60       0x5c zephyr/drivers/timer/libdrivers__timer.a(nrf_rtc_timer.c.obj)
 .text.z_nrf_rtc_timer_read
                0x0000000000012cbc       0x44 zephyr/drivers/timer/libdrivers__timer.a(nrf_rtc_timer.c.obj)
                0x0000000000012cbc                z_nrf_rtc_timer_read
 .text.compare_set
                0x0000000000012d00      0x130 zephyr/drivers/timer/libdrivers__timer.a(nrf_rtc_timer.c.obj)
 .text.sys_clock_driver_init
                0x0000000000012e30       0x90 zephyr/drivers/timer/libdrivers__timer.a(nrf_rtc_timer.c.obj)
 .text.rtc_nrf_isr
                0x0000000000012ec0       0xd4 zephyr/drivers/timer/libdrivers__timer.a(nrf_rtc_timer.c.obj)
                0x0000000000012ec0                rtc_nrf_isr
 .text.sys_clock_set_timeout
                0x0000000000012f94       0x5c zephyr/drivers/timer/libdrivers__timer.a(nrf_rtc_timer.c.obj)
                0x0000000000012f94                sys_clock_set_timeout
 .text.sys_clock_elapsed
                0x0000000000012ff0       0x14 zephyr/drivers/timer/libdrivers__timer.a(nrf_rtc_timer.c.obj)
                0x0000000000012ff0                sys_clock_elapsed
 .text.nrf52_errata_98
                0x0000000000013004       0x24 modules/hal_nordic/nrfx/libnrfx.a(system_nrf52840.c.obj)
 .text.nvmc_wait
                0x0000000000013028       0x10 modules/hal_nordic/nrfx/libnrfx.a(system_nrf52840.c.obj)
                0x0000000000013028                nvmc_wait
 .text.SystemInit
                0x0000000000013038      0x1bc modules/hal_nordic/nrfx/libnrfx.a(system_nrf52840.c.obj)
                0x0000000000013038                SystemInit
 .text.nrfx_flag32_alloc
                0x00000000000131f4       0x48 modules/hal_nordic/nrfx/libnrfx.a(nrfx_flag32_allocator.c.obj)
                0x00000000000131f4                nrfx_flag32_alloc
 .text.nrfx_flag32_free
                0x000000000001323c       0x40 modules/hal_nordic/nrfx/libnrfx.a(nrfx_flag32_allocator.c.obj)
                0x000000000001323c                nrfx_flag32_free
 .text.nrfx_gppi_channels_enable
                0x000000000001327c        0xc modules/hal_nordic/nrfx/libnrfx.a(nrfx_gppi_ppi.c.obj)
                0x000000000001327c                nrfx_gppi_channels_enable
 .text.clock_stop
                0x0000000000013288       0xc4 modules/hal_nordic/nrfx/libnrfx.a(nrfx_clock.c.obj)
 .text.nrfx_clock_init
                0x000000000001334c       0x20 modules/hal_nordic/nrfx/libnrfx.a(nrfx_clock.c.obj)
                0x000000000001334c                nrfx_clock_init
 .text.nrfx_clock_enable
                0x000000000001336c       0x24 modules/hal_nordic/nrfx/libnrfx.a(nrfx_clock.c.obj)
                0x000000000001336c                nrfx_clock_enable
 .text.nrfx_clock_start
                0x0000000000013390       0xa8 modules/hal_nordic/nrfx/libnrfx.a(nrfx_clock.c.obj)
                0x0000000000013390                nrfx_clock_start
 .text.nrfx_power_clock_irq_handler
                0x0000000000013438       0x7c modules/hal_nordic/nrfx/libnrfx.a(nrfx_clock.c.obj)
                0x0000000000013438                nrfx_power_clock_irq_handler
 .text.nrf_gpio_pin_port_decode
                0x00000000000134b4       0x20 modules/hal_nordic/nrfx/libnrfx.a(nrfx_gpiote.c.obj)
 .text.get_pin_idx
                0x00000000000134d4       0x14 modules/hal_nordic/nrfx/libnrfx.a(nrfx_gpiote.c.obj)
 .text.call_handler.constprop.0
                0x00000000000134e8       0x40 modules/hal_nordic/nrfx/libnrfx.a(nrfx_gpiote.c.obj)
 .text.pin_te_get.constprop.0
                0x0000000000013528       0x18 modules/hal_nordic/nrfx/libnrfx.a(nrfx_gpiote.c.obj)
 .text.pin_is_output.constprop.0
                0x0000000000013540       0x18 modules/hal_nordic/nrfx/libnrfx.a(nrfx_gpiote.c.obj)
 .text.pin_in_use_by_te.constprop.0
                0x0000000000013558       0x18 modules/hal_nordic/nrfx/libnrfx.a(nrfx_gpiote.c.obj)
 .text.latch_pending_read_and_check
                0x0000000000013570       0x40 modules/hal_nordic/nrfx/libnrfx.a(nrfx_gpiote.c.obj)
 .text.release_handler.isra.0
                0x00000000000135b0       0x58 modules/hal_nordic/nrfx/libnrfx.a(nrfx_gpiote.c.obj)
 .text.__nrfy_internal_gpiote_events_process.constprop.0
                0x0000000000013608       0x5c modules/hal_nordic/nrfx/libnrfx.a(nrfx_gpiote.c.obj)
 .text.pin_uninit
                0x0000000000013664       0x80 modules/hal_nordic/nrfx/libnrfx.a(nrfx_gpiote.c.obj)
 .text.nrfx_gpiote_input_configure
                0x00000000000136e4      0x178 modules/hal_nordic/nrfx/libnrfx.a(nrfx_gpiote.c.obj)
                0x00000000000136e4                nrfx_gpiote_input_configure
 .text.nrfx_gpiote_output_configure
                0x000000000001385c       0xfc modules/hal_nordic/nrfx/libnrfx.a(nrfx_gpiote.c.obj)
                0x000000000001385c                nrfx_gpiote_output_configure
 .text.nrfx_gpiote_global_callback_set
                0x0000000000013958        0xc modules/hal_nordic/nrfx/libnrfx.a(nrfx_gpiote.c.obj)
                0x0000000000013958                nrfx_gpiote_global_callback_set
 .text.nrfx_gpiote_channel_get
                0x0000000000013964       0x34 modules/hal_nordic/nrfx/libnrfx.a(nrfx_gpiote.c.obj)
                0x0000000000013964                nrfx_gpiote_channel_get
 .text.nrfx_gpiote_init
                0x0000000000013998       0x48 modules/hal_nordic/nrfx/libnrfx.a(nrfx_gpiote.c.obj)
                0x0000000000013998                nrfx_gpiote_init
 .text.nrfx_gpiote_init_check
                0x00000000000139e0       0x14 modules/hal_nordic/nrfx/libnrfx.a(nrfx_gpiote.c.obj)
                0x00000000000139e0                nrfx_gpiote_init_check
 .text.nrfx_gpiote_channel_free
                0x00000000000139f4       0x10 modules/hal_nordic/nrfx/libnrfx.a(nrfx_gpiote.c.obj)
                0x00000000000139f4                nrfx_gpiote_channel_free
 .text.nrfx_gpiote_channel_alloc
                0x0000000000013a04       0x10 modules/hal_nordic/nrfx/libnrfx.a(nrfx_gpiote.c.obj)
                0x0000000000013a04                nrfx_gpiote_channel_alloc
 .text.nrfx_gpiote_trigger_enable
                0x0000000000013a14       0xa8 modules/hal_nordic/nrfx/libnrfx.a(nrfx_gpiote.c.obj)
                0x0000000000013a14                nrfx_gpiote_trigger_enable
 .text.nrfx_gpiote_0_irq_handler
                0x0000000000013abc      0x1b0 modules/hal_nordic/nrfx/libnrfx.a(nrfx_gpiote.c.obj)
                0x0000000000013abc                nrfx_gpiote_0_irq_handler
 .text.nrfx_ppi_channel_alloc
                0x0000000000013c6c        0xc modules/hal_nordic/nrfx/libnrfx.a(nrfx_ppi.c.obj)
                0x0000000000013c6c                nrfx_ppi_channel_alloc
 .text.z_fatal_error
                0x0000000000013c78       0x30 zephyr/kernel/libkernel.a(fatal.c.obj)
                0x0000000000013c78                z_fatal_error
 .text.z_sys_init_run_level
                0x0000000000013ca8       0x30 zephyr/kernel/libkernel.a(init.c.obj)
 .text.bg_thread_main
                0x0000000000013cd8       0xc0 zephyr/kernel/libkernel.a(init.c.obj)
 .text.z_init_cpu
                0x0000000000013d98       0x70 zephyr/kernel/libkernel.a(init.c.obj)
                0x0000000000013d98                z_init_cpu
 .text.z_cstart
                0x0000000000013e08       0xcc zephyr/kernel/libkernel.a(init.c.obj)
                0x0000000000013e08                z_cstart
 .text.put_msg_in_queue
                0x0000000000013ed4       0xd0 zephyr/kernel/libkernel.a(msg_q.c.obj)
 .text.z_impl_k_msgq_get
                0x0000000000013fa4       0xc4 zephyr/kernel/libkernel.a(msg_q.c.obj)
                0x0000000000013fa4                z_impl_k_msgq_get
 .text.z_impl_k_mutex_lock
                0x0000000000014068       0xf0 zephyr/kernel/libkernel.a(mutex.c.obj)
                0x0000000000014068                z_impl_k_mutex_lock
 .text.z_impl_k_mutex_unlock
                0x0000000000014158       0xa0 zephyr/kernel/libkernel.a(mutex.c.obj)
                0x0000000000014158                z_impl_k_mutex_unlock
 .text.z_impl_k_sem_give
                0x00000000000141f8       0x68 zephyr/kernel/libkernel.a(sem.c.obj)
                0x00000000000141f8                z_impl_k_sem_give
 .text.z_impl_k_sem_take
                0x0000000000014260       0x4c zephyr/kernel/libkernel.a(sem.c.obj)
                0x0000000000014260                z_impl_k_sem_take
 .text.z_impl_k_sem_reset
                0x00000000000142ac       0x74 zephyr/kernel/libkernel.a(sem.c.obj)
                0x00000000000142ac                z_impl_k_sem_reset
 .text.work_queue_main
                0x0000000000014320      0x14c zephyr/kernel/libkernel.a(work.c.obj)
 .text.cancel_sync_locked
                0x000000000001446c       0x3c zephyr/kernel/libkernel.a(work.c.obj)
 .text.submit_to_queue_locked
                0x00000000000144a8       0xb8 zephyr/kernel/libkernel.a(work.c.obj)
 .text.k_work_queue_start
                0x0000000000014560       0x80 zephyr/kernel/libkernel.a(work.c.obj)
                0x0000000000014560                k_work_queue_start
 .text.k_work_reschedule_for_queue
                0x00000000000145e0       0x5c zephyr/kernel/libkernel.a(work.c.obj)
                0x00000000000145e0                k_work_reschedule_for_queue
 .text.k_work_reschedule
                0x000000000001463c        0xc zephyr/kernel/libkernel.a(work.c.obj)
                0x000000000001463c                k_work_reschedule
 .text.z_setup_new_thread
                0x0000000000014648       0xa4 zephyr/kernel/libkernel.a(thread.c.obj)
                0x0000000000014648                z_setup_new_thread
 .text.z_impl_k_thread_create
                0x00000000000146ec       0x58 zephyr/kernel/libkernel.a(thread.c.obj)
                0x00000000000146ec                z_impl_k_thread_create
 .text.z_dummy_thread_init
                0x0000000000014744       0x18 zephyr/kernel/libkernel.a(thread.c.obj)
                0x0000000000014744                z_dummy_thread_init
 .text.z_swap_irqlock
                0x000000000001475c       0x30 zephyr/kernel/libkernel.a(sched.c.obj)
 .text.ready_thread
                0x000000000001478c       0x84 zephyr/kernel/libkernel.a(sched.c.obj)
 .text.unready_thread
                0x0000000000014810       0x54 zephyr/kernel/libkernel.a(sched.c.obj)
 .text.add_thread_timeout
                0x0000000000014864       0x1c zephyr/kernel/libkernel.a(sched.c.obj)
 .text.move_thread_to_end_of_prio_q
                0x0000000000014880       0x90 zephyr/kernel/libkernel.a(sched.c.obj)
                0x0000000000014880                move_thread_to_end_of_prio_q
 .text.z_pend_curr
                0x0000000000014910       0x44 zephyr/kernel/libkernel.a(sched.c.obj)
                0x0000000000014910                z_pend_curr
 .text.z_thread_prio_set
                0x0000000000014954       0xe4 zephyr/kernel/libkernel.a(sched.c.obj)
                0x0000000000014954                z_thread_prio_set
 .text.z_reschedule
                0x0000000000014a38       0x24 zephyr/kernel/libkernel.a(sched.c.obj)
                0x0000000000014a38                z_reschedule
 .text.z_reschedule_irqlock
                0x0000000000014a5c       0x28 zephyr/kernel/libkernel.a(sched.c.obj)
                0x0000000000014a5c                z_reschedule_irqlock
 .text.k_sched_lock
                0x0000000000014a84       0x28 zephyr/kernel/libkernel.a(sched.c.obj)
                0x0000000000014a84                k_sched_lock
 .text.k_sched_unlock
                0x0000000000014aac       0x68 zephyr/kernel/libkernel.a(sched.c.obj)
                0x0000000000014aac                k_sched_unlock
 .text.z_sched_init
                0x0000000000014b14       0x10 zephyr/kernel/libkernel.a(sched.c.obj)
                0x0000000000014b14                z_sched_init
 .text.z_impl_k_yield
                0x0000000000014b24       0x88 zephyr/kernel/libkernel.a(sched.c.obj)
                0x0000000000014b24                z_impl_k_yield
 .text.z_tick_sleep
                0x0000000000014bac       0x78 zephyr/kernel/libkernel.a(sched.c.obj)
 .text.z_impl_k_wakeup
                0x0000000000014c24       0x48 zephyr/kernel/libkernel.a(sched.c.obj)
                0x0000000000014c24                z_impl_k_wakeup
 .text.z_impl_k_sched_current_thread_query
                0x0000000000014c6c        0xc zephyr/kernel/libkernel.a(sched.c.obj)
                0x0000000000014c6c                z_impl_k_sched_current_thread_query
 .text.z_thread_abort
                0x0000000000014c78      0x140 zephyr/kernel/libkernel.a(sched.c.obj)
                0x0000000000014c78                z_thread_abort
 .text.z_sched_wait
                0x0000000000014db8       0x24 zephyr/kernel/libkernel.a(sched.c.obj)
                0x0000000000014db8                z_sched_wait
 .text.slice_timeout
                0x0000000000014ddc       0x20 zephyr/kernel/libkernel.a(timeslicing.c.obj)
 .text.thread_is_sliceable
                0x0000000000014dfc       0x3c zephyr/kernel/libkernel.a(timeslicing.c.obj)
                0x0000000000014dfc                thread_is_sliceable
 .text.z_reset_time_slice
                0x0000000000014e38       0x50 zephyr/kernel/libkernel.a(timeslicing.c.obj)
                0x0000000000014e38                z_reset_time_slice
 .text.z_time_slice
                0x0000000000014e88       0x60 zephyr/kernel/libkernel.a(timeslicing.c.obj)
                0x0000000000014e88                z_time_slice
 .text.first    0x0000000000014ee8       0x10 zephyr/kernel/libkernel.a(timeout.c.obj)
 .text.elapsed  0x0000000000014ef8       0x14 zephyr/kernel/libkernel.a(timeout.c.obj)
 .text.remove_timeout
                0x0000000000014f0c       0x38 zephyr/kernel/libkernel.a(timeout.c.obj)
 .text.z_add_timeout
                0x0000000000014f44      0x120 zephyr/kernel/libkernel.a(timeout.c.obj)
                0x0000000000014f44                z_add_timeout
 .text.sys_clock_announce
                0x0000000000015064       0xc0 zephyr/kernel/libkernel.a(timeout.c.obj)
                0x0000000000015064                sys_clock_announce
 .text.sys_clock_tick_get
                0x0000000000015124       0x30 zephyr/kernel/libkernel.a(timeout.c.obj)
                0x0000000000015124                sys_clock_tick_get
 .text.boot_banner
                0x0000000000015154        0xc zephyr/kernel/libkernel.a(banner.c.obj)
                0x0000000000015154                boot_banner
 .text.statics_init
                0x0000000000015160       0x24 zephyr/kernel/libkernel.a(kheap.c.obj)
 .text.k_sys_work_q_init
                0x0000000000015184       0x2c zephyr/kernel/libkernel.a(system_work_q.c.obj)
 .text.strtok   0x00000000000151b0       0x1c c:\users\salvo\zephyr-sdk-0.17.4\arm-zephyr-eabi\bin\../lib/gcc/../../picolibc/arm-zephyr-eabi/lib/thumb/v7e-m/nofp\libc.a(libc_string_strtok.c.o)
                0x00000000000151b0                strtok
 .text.snprintf
                0x00000000000151cc       0x54 c:\users\salvo\zephyr-sdk-0.17.4\arm-zephyr-eabi\bin\../lib/gcc/../../picolibc/arm-zephyr-eabi/lib/thumb/v7e-m/nofp\libc.a(libc_tinystdio_snprintf.c.o)
                0x00000000000151cc                snprintf
 .text.strtol   0x0000000000015220       0xec c:\users\salvo\zephyr-sdk-0.17.4\arm-zephyr-eabi\bin\../lib/gcc/../../picolibc/arm-zephyr-eabi/lib/thumb/v7e-m/nofp\libc.a(libc_tinystdio_strtol.c.o)
                0x0000000000015220                strtol
 .text.strtoul  0x000000000001530c       0xcc c:\users\salvo\zephyr-sdk-0.17.4\arm-zephyr-eabi\bin\../lib/gcc/../../picolibc/arm-zephyr-eabi/lib/thumb/v7e-m/nofp\libc.a(libc_tinystdio_strtoul.c.o)
                0x000000000001530c                strtoul
 .text.__l_vfprintf
                0x00000000000153d8      0x4b8 c:\users\salvo\zephyr-sdk-0.17.4\arm-zephyr-eabi\bin\../lib/gcc/../../picolibc/arm-zephyr-eabi/lib/thumb/v7e-m/nofp\libc.a(libc_tinystdio_vflprintf.c.o)
                0x00000000000153d8                __l_vfprintf
 .text.vprintf  0x0000000000015890       0x10 c:\users\salvo\zephyr-sdk-0.17.4\arm-zephyr-eabi\bin\../lib/gcc/../../picolibc/arm-zephyr-eabi/lib/thumb/v7e-m/nofp\libc.a(libc_tinystdio_vprintf.c.o)
                0x0000000000015890                vprintf
 .text.vsnprintf
                0x00000000000158a0       0x54 c:\users\salvo\zephyr-sdk-0.17.4\arm-zephyr-eabi\bin\../lib/gcc/../../picolibc/arm-zephyr-eabi/lib/thumb/v7e-m/nofp\libc.a(libc_tinystdio_vsnprintf.c.o)
                0x00000000000158a0                vsnprintf
 .text.ceil     0x00000000000158f4       0xb0 c:\users\salvo\zephyr-sdk-0.17.4\arm-zephyr-eabi\bin\../lib/gcc/../../picolibc/arm-zephyr-eabi/lib/thumb/v7e-m/nofp\libc.a(libm_machine_arm_s_ceil.c.o)
                0x00000000000158f4                ceill
                0x00000000000158f4                ceil
 .text.ceilf    0x00000000000159a4       0x60 c:\users\salvo\zephyr-sdk-0.17.4\arm-zephyr-eabi\bin\../lib/gcc/../../picolibc/arm-zephyr-eabi/lib/thumb/v7e-m/nofp\libc.a(libm_machine_arm_sf_ceil.c.o)
                0x00000000000159a4                ceilf
 .text.floorf   0x0000000000015a04       0x60 c:\users\salvo\zephyr-sdk-0.17.4\arm-zephyr-eabi\bin\../lib/gcc/../../picolibc/arm-zephyr-eabi/lib/thumb/v7e-m/nofp\libc.a(libm_machine_arm_sf_floor.c.o)
                0x0000000000015a04                floorf
 .text.floor    0x0000000000015a64       0xac c:\users\salvo\zephyr-sdk-0.17.4\arm-zephyr-eabi\bin\../lib/gcc/../../picolibc/arm-zephyr-eabi/lib/thumb/v7e-m/nofp\libc.a(libm_machine_arm_s_floor.c.o)
                0x0000000000015a64                floorl
                0x0000000000015a64                floor
 .text.rintf    0x0000000000015b10       0x9c c:\users\salvo\zephyr-sdk-0.17.4\arm-zephyr-eabi\bin\../lib/gcc/../../picolibc/arm-zephyr-eabi/lib/thumb/v7e-m/nofp\libc.a(libm_machine_arm_sf_rint.c.o)
                0x0000000000015b10                rintf
 .text.sqrt     0x0000000000015bac      0x170 c:\users\salvo\zephyr-sdk-0.17.4\arm-zephyr-eabi\bin\../lib/gcc/../../picolibc/arm-zephyr-eabi/lib/thumb/v7e-m/nofp\libc.a(libm_machine_arm_s_sqrt.c.o)
                0x0000000000015bac                sqrtl
                0x0000000000015bac                sqrt
 .text.truncf   0x0000000000015d1c       0x34 c:\users\salvo\zephyr-sdk-0.17.4\arm-zephyr-eabi\bin\../lib/gcc/../../picolibc/arm-zephyr-eabi/lib/thumb/v7e-m/nofp\libc.a(libm_machine_arm_sf_trunc.c.o)
                0x0000000000015d1c                truncf
 .text.rint     0x0000000000015d50      0x114 c:\users\salvo\zephyr-sdk-0.17.4\arm-zephyr-eabi\bin\../lib/gcc/../../picolibc/arm-zephyr-eabi/lib/thumb/v7e-m/nofp\libc.a(libm_machine_arm_s_rint.c.o)
                0x0000000000015d50                rint
                0x0000000000015d50                rintl
 .text.trunc    0x0000000000015e64       0x5c c:\users\salvo\zephyr-sdk-0.17.4\arm-zephyr-eabi\bin\../lib/gcc/../../picolibc/arm-zephyr-eabi/lib/thumb/v7e-m/nofp\libc.a(libm_machine_arm_s_trunc.c.o)
                0x0000000000015e64                trunc
                0x0000000000015e64                truncl
 .text.__math_invalid
                0x0000000000015ec0       0x10 c:\users\salvo\zephyr-sdk-0.17.4\arm-zephyr-eabi\bin\../lib/gcc/../../picolibc/arm-zephyr-eabi/lib/thumb/v7e-m/nofp\libc.a(libm_common_math_err_invalid.c.o)
                0x0000000000015ec0                __math_invalid
 .text.__math_invalidf
                0x0000000000015ed0       0x10 c:\users\salvo\zephyr-sdk-0.17.4\arm-zephyr-eabi\bin\../lib/gcc/../../picolibc/arm-zephyr-eabi/lib/thumb/v7e-m/nofp\libc.a(libm_common_math_errf_invalidf.c.o)
                0x0000000000015ed0                __math_invalidf
 .text.__issignaling
                0x0000000000015ee0       0x1c c:\users\salvo\zephyr-sdk-0.17.4\arm-zephyr-eabi\bin\../lib/gcc/../../picolibc/arm-zephyr-eabi/lib/thumb/v7e-m/nofp\libc.a(libm_common_s_issignaling.c.o)
                0x0000000000015ee0                __issignaling
                0x0000000000015ee0                __issignalingl
 .text._OffsetAbsSyms
                0x0000000000015efc        0x2 zephyr/CMakeFiles/offsets.dir/./arch/arm/core/offsets/offsets.c.obj
                0x0000000000015efc                _OffsetAbsSyms
 .text.bh_platform_destroy
                0x0000000000015efe        0x4 app/libapp.a(zephyr_platform.c.obj)
                0x0000000000015efe                bh_platform_destroy
 .text.os_malloc
                0x0000000000015f02        0x4 app/libapp.a(zephyr_platform.c.obj)
                0x0000000000015f02                os_malloc
 .text.os_realloc
                0x0000000000015f06        0x4 app/libapp.a(zephyr_platform.c.obj)
                0x0000000000015f06                os_realloc
 .text.os_free  0x0000000000015f0a        0x4 app/libapp.a(zephyr_platform.c.obj)
                0x0000000000015f0a                os_free
 .text.os_printf
                0x0000000000015f0e       0x1a app/libapp.a(zephyr_platform.c.obj)
                0x0000000000015f0e                os_printf
 .text.os_vprintf
                0x0000000000015f28        0x4 app/libapp.a(zephyr_platform.c.obj)
                0x0000000000015f28                os_vprintf
 .text.os_mremap
                0x0000000000015f2c       0x36 app/libapp.a(zephyr_platform.c.obj)
                0x0000000000015f2c                os_mremap
 .text.os_mprotect
                0x0000000000015f62        0x4 app/libapp.a(zephyr_platform.c.obj)
                0x0000000000015f62                os_mprotect
 .text.os_dcache_flush
                0x0000000000015f66        0x2 app/libapp.a(zephyr_platform.c.obj)
                0x0000000000015f66                os_dcache_flush
 .text.os_icache_flush
                0x0000000000015f68        0x2 app/libapp.a(zephyr_platform.c.obj)
                0x0000000000015f68                os_icache_flush
 .text.k_mutex_unlock
                0x0000000000015f6a        0x4 app/libapp.a(zephyr_thread.c.obj)
 .text.k_mutex_lock.constprop.0
                0x0000000000015f6e        0x4 app/libapp.a(zephyr_thread.c.obj)
 .text.k_mutex_init.isra.0
                0x0000000000015f72        0x4 app/libapp.a(zephyr_thread.c.obj)
 .text.os_mutex_init
                0x0000000000015f76        0xa app/libapp.a(zephyr_thread.c.obj)
                0x0000000000015f76                os_mutex_init
 .text.os_mutex_destroy
                0x0000000000015f80        0x4 app/libapp.a(zephyr_thread.c.obj)
                0x0000000000015f80                os_mutex_destroy
 .text.os_mutex_lock
                0x0000000000015f84        0xc app/libapp.a(zephyr_thread.c.obj)
                0x0000000000015f84                os_mutex_lock
 .text.os_mutex_unlock
                0x0000000000015f90        0x4 app/libapp.a(zephyr_thread.c.obj)
                0x0000000000015f90                os_mutex_unlock
 .text.os_thread_jit_write_protect_np
                0x0000000000015f94        0x2 app/libapp.a(zephyr_thread.c.obj)
                0x0000000000015f94                os_thread_jit_write_protect_np
 .text.os_time_get_boot_us
                0x0000000000015f96       0x24 app/libapp.a(zephyr_time.c.obj)
                0x0000000000015f96                os_time_get_boot_us
 .text.remove_tree_node
                0x0000000000015fba       0xd6 app/libapp.a(ems_alloc.c.obj)
 .text.alloc_hmu
                0x0000000000016090      0x162 app/libapp.a(ems_alloc.c.obj)
 .text.gci_is_heap_valid
                0x00000000000161f2        0xc app/libapp.a(ems_alloc.c.obj)
                0x00000000000161f2                gci_is_heap_valid
 .text.adjust_ptr
                0x00000000000161fe       0x1c app/libapp.a(ems_kfc.c.obj)
 .text.gc_destroy_with_pool
                0x000000000001621a       0x22 app/libapp.a(ems_kfc.c.obj)
                0x000000000001621a                gc_destroy_with_pool
 .text.gc_get_heap_struct_size
                0x000000000001623c        0x4 app/libapp.a(ems_kfc.c.obj)
                0x000000000001623c                gc_get_heap_struct_size
 .text.gc_is_heap_corrupted
                0x0000000000016240        0x6 app/libapp.a(ems_kfc.c.obj)
                0x0000000000016240                gc_is_heap_corrupted
 .text.gc_heap_stats
                0x0000000000016246       0x50 app/libapp.a(ems_kfc.c.obj)
                0x0000000000016246                gc_heap_stats
 .text.mem_allocator_create
                0x0000000000016296        0x4 app/libapp.a(mem_alloc.c.obj)
                0x0000000000016296                mem_allocator_create
 .text.mem_allocator_create_with_struct_and_pool
                0x000000000001629a        0x4 app/libapp.a(mem_alloc.c.obj)
                0x000000000001629a                mem_allocator_create_with_struct_and_pool
 .text.mem_allocator_destroy
                0x000000000001629e        0x4 app/libapp.a(mem_alloc.c.obj)
                0x000000000001629e                mem_allocator_destroy
 .text.mem_allocator_get_heap_struct_size
                0x00000000000162a2        0x4 app/libapp.a(mem_alloc.c.obj)
                0x00000000000162a2                mem_allocator_get_heap_struct_size
 .text.mem_allocator_malloc
                0x00000000000162a6        0x4 app/libapp.a(mem_alloc.c.obj)
                0x00000000000162a6                mem_allocator_malloc
 .text.mem_allocator_realloc
                0x00000000000162aa        0x4 app/libapp.a(mem_alloc.c.obj)
                0x00000000000162aa                mem_allocator_realloc
 .text.mem_allocator_free
                0x00000000000162ae        0x8 app/libapp.a(mem_alloc.c.obj)
                0x00000000000162ae                mem_allocator_free
 .text.mem_allocator_migrate
                0x00000000000162b6        0x4 app/libapp.a(mem_alloc.c.obj)
                0x00000000000162b6                mem_allocator_migrate
 .text.mem_allocator_is_heap_corrupted
                0x00000000000162ba        0x4 app/libapp.a(mem_alloc.c.obj)
                0x00000000000162ba                mem_allocator_is_heap_corrupted
 .text.mem_allocator_get_alloc_info
                0x00000000000162be        0xc app/libapp.a(mem_alloc.c.obj)
                0x00000000000162be                mem_allocator_get_alloc_info
 .text.bh_bitmap_new
                0x00000000000162ca       0x34 app/libapp.a(bh_bitmap.c.obj)
                0x00000000000162ca                bh_bitmap_new
 .text.b_memcpy_s
                0x00000000000162fe       0x2c app/libapp.a(bh_common.c.obj)
                0x00000000000162fe                b_memcpy_s
 .text.b_memmove_s
                0x000000000001632a       0x2c app/libapp.a(bh_common.c.obj)
                0x000000000001632a                b_memmove_s
 .text.b_strcpy_s
                0x0000000000016356       0x2a app/libapp.a(bh_common.c.obj)
                0x0000000000016356                b_strcpy_s
 .text.bh_leb_read
                0x0000000000016380       0xe0 app/libapp.a(bh_leb128.c.obj)
                0x0000000000016380                bh_leb_read
 .text.bh_list_init
                0x0000000000016460       0x12 app/libapp.a(bh_list.c.obj)
                0x0000000000016460                bh_list_init
 .text.bh_list_insert
                0x0000000000016472       0x1a app/libapp.a(bh_list.c.obj)
                0x0000000000016472                bh_list_insert
 .text.bh_list_first_elem
                0x000000000001648c        0x6 app/libapp.a(bh_list.c.obj)
                0x000000000001648c                bh_list_first_elem
 .text.bh_list_elem_next
                0x0000000000016492        0x6 app/libapp.a(bh_list.c.obj)
                0x0000000000016492                bh_list_elem_next
 .text.print_err
                0x0000000000016498       0x1c app/libapp.a(libc_builtin_wrapper.c.obj)
 .text.sprintf_out
                0x00000000000164b4       0x26 app/libapp.a(libc_builtin_wrapper.c.obj)
 .text.isupper_wrapper
                0x00000000000164da        0xe app/libapp.a(libc_builtin_wrapper.c.obj)
 .text.isalpha_wrapper
                0x00000000000164e8       0x10 app/libapp.a(libc_builtin_wrapper.c.obj)
 .text.isspace_wrapper
                0x00000000000164f8       0x16 app/libapp.a(libc_builtin_wrapper.c.obj)
 .text.isgraph_wrapper
                0x000000000001650e        0xe app/libapp.a(libc_builtin_wrapper.c.obj)
 .text.isprint_wrapper
                0x000000000001651c        0xe app/libapp.a(libc_builtin_wrapper.c.obj)
 .text.isdigit_wrapper
                0x000000000001652a        0xe app/libapp.a(libc_builtin_wrapper.c.obj)
 .text.isxdigit_wrapper
                0x0000000000016538       0x1c app/libapp.a(libc_builtin_wrapper.c.obj)
 .text.tolower_wrapper
                0x0000000000016554        0xe app/libapp.a(libc_builtin_wrapper.c.obj)
 .text.toupper_wrapper
                0x0000000000016562       0x10 app/libapp.a(libc_builtin_wrapper.c.obj)
 .text.isalnum_wrapper
                0x0000000000016572       0x1c app/libapp.a(libc_builtin_wrapper.c.obj)
 .text.__cxa_begin_catch_wrapper
                0x000000000001658e        0x2 app/libapp.a(libc_builtin_wrapper.c.obj)
 .text.clock_wrapper
                0x0000000000016590       0x14 app/libapp.a(libc_builtin_wrapper.c.obj)
 .text.malloc_wrapper
                0x00000000000165a4       0x16 app/libapp.a(libc_builtin_wrapper.c.obj)
 .text.__cxa_allocate_exception_wrapper
                0x00000000000165ba        0x4 app/libapp.a(libc_builtin_wrapper.c.obj)
 .text.emscripten_memcpy_big_wrapper
                0x00000000000165be       0x38 app/libapp.a(libc_builtin_wrapper.c.obj)
 .text.memcpy_wrapper
                0x00000000000165f6       0x3a app/libapp.a(libc_builtin_wrapper.c.obj)
 .text.strstr_wrapper
                0x0000000000016630       0x1e app/libapp.a(libc_builtin_wrapper.c.obj)
 .text.strcspn_wrapper
                0x000000000001664e        0x8 app/libapp.a(libc_builtin_wrapper.c.obj)
 .text.strspn_wrapper
                0x0000000000016656        0x8 app/libapp.a(libc_builtin_wrapper.c.obj)
 .text.strncasecmp_wrapper
                0x000000000001665e        0xa app/libapp.a(libc_builtin_wrapper.c.obj)
 .text.memchr_wrapper
                0x0000000000016668       0x2e app/libapp.a(libc_builtin_wrapper.c.obj)
 .text.strtoul_wrapper
                0x0000000000016696       0x3a app/libapp.a(libc_builtin_wrapper.c.obj)
 .text.strtol_wrapper
                0x00000000000166d0       0x3a app/libapp.a(libc_builtin_wrapper.c.obj)
 .text.atoi_wrapper
                0x000000000001670a        0x6 app/libapp.a(libc_builtin_wrapper.c.obj)
 .text.free_wrapper
                0x0000000000016710       0x2e app/libapp.a(libc_builtin_wrapper.c.obj)
 .text.strdup_wrapper
                0x000000000001673e       0x3c app/libapp.a(libc_builtin_wrapper.c.obj)
 .text._strdup_wrapper
                0x000000000001677a        0x4 app/libapp.a(libc_builtin_wrapper.c.obj)
 .text.strlen_wrapper
                0x000000000001677e        0x6 app/libapp.a(libc_builtin_wrapper.c.obj)
 .text.calloc_wrapper
                0x0000000000016784       0x40 app/libapp.a(libc_builtin_wrapper.c.obj)
 .text.memset_wrapper
                0x00000000000167c4       0x36 app/libapp.a(libc_builtin_wrapper.c.obj)
 .text.realloc_wrapper
                0x00000000000167fa       0x1e app/libapp.a(libc_builtin_wrapper.c.obj)
 .text.strncpy_wrapper
                0x0000000000016818       0x2e app/libapp.a(libc_builtin_wrapper.c.obj)
 .text.strcpy_wrapper
                0x0000000000016846       0x36 app/libapp.a(libc_builtin_wrapper.c.obj)
 .text.strncmp_wrapper
                0x000000000001687c       0x28 app/libapp.a(libc_builtin_wrapper.c.obj)
 .text.strcmp_wrapper
                0x00000000000168a4        0x8 app/libapp.a(libc_builtin_wrapper.c.obj)
 .text.strchr_wrapper
                0x00000000000168ac       0x20 app/libapp.a(libc_builtin_wrapper.c.obj)
 .text.memmove_wrapper
                0x00000000000168cc       0x38 app/libapp.a(libc_builtin_wrapper.c.obj)
 .text.memcmp_wrapper
                0x0000000000016904       0x28 app/libapp.a(libc_builtin_wrapper.c.obj)
 .text.wasm_byte_vec_delete
                0x000000000001692c        0x8 app/libapp.a(wasm_c_api.c.obj)
                0x000000000001692c                wasm_byte_vec_delete
 .text.wasm_trap_delete
                0x0000000000016934       0x24 app/libapp.a(wasm_c_api.c.obj)
                0x0000000000016934                wasm_trap_delete
 .text.wasm_exec_env_create_internal
                0x0000000000016958       0x6c app/libapp.a(wasm_exec_env.c.obj)
                0x0000000000016958                wasm_exec_env_create_internal
 .text.wasm_exec_env_destroy_internal
                0x00000000000169c4       0x14 app/libapp.a(wasm_exec_env.c.obj)
                0x00000000000169c4                wasm_exec_env_destroy_internal
 .text.wasm_exec_env_create
                0x00000000000169d8       0x42 app/libapp.a(wasm_exec_env.c.obj)
                0x00000000000169d8                wasm_exec_env_create
 .text.wasm_exec_env_destroy
                0x0000000000016a1a        0x4 app/libapp.a(wasm_exec_env.c.obj)
                0x0000000000016a1a                wasm_exec_env_destroy
 .text.wasm_exec_env_get_module_inst
                0x0000000000016a1e        0x4 app/libapp.a(wasm_exec_env.c.obj)
                0x0000000000016a1e                wasm_exec_env_get_module_inst
 .text.wasm_exec_env_set_module_inst
                0x0000000000016a22        0x4 app/libapp.a(wasm_exec_env.c.obj)
                0x0000000000016a22                wasm_exec_env_set_module_inst
 .text.wasm_exec_env_restore_module_inst
                0x0000000000016a26       0x34 app/libapp.a(wasm_exec_env.c.obj)
                0x0000000000016a26                wasm_exec_env_restore_module_inst
 .text.wasm_exec_env_set_thread_info
                0x0000000000016a5a       0x22 app/libapp.a(wasm_exec_env.c.obj)
                0x0000000000016a5a                wasm_exec_env_set_thread_info
 .text.is_valid_value_type
                0x0000000000016a7c        0xc app/libapp.a(wasm_loader_common.c.obj)
                0x0000000000016a7c                is_valid_value_type
 .text.is_valid_value_type_for_interpreter
                0x0000000000016a88        0xc app/libapp.a(wasm_loader_common.c.obj)
                0x0000000000016a88                is_valid_value_type_for_interpreter
 .text.is_valid_func_type
                0x0000000000016a94       0x22 app/libapp.a(wasm_loader_common.c.obj)
                0x0000000000016a94                is_valid_func_type
 .text.wasm_get_default_memory
                0x0000000000016ab6        0x8 app/libapp.a(wasm_memory.c.obj)
                0x0000000000016ab6                wasm_get_default_memory
 .text.wasm_runtime_addr_app_to_native
                0x0000000000016abe       0x1e app/libapp.a(wasm_memory.c.obj)
                0x0000000000016abe                wasm_runtime_addr_app_to_native
 .text.wasm_runtime_addr_native_to_app
                0x0000000000016adc       0x20 app/libapp.a(wasm_memory.c.obj)
                0x0000000000016adc                wasm_runtime_addr_native_to_app
 .text.wasm_runtime_get_app_addr_range
                0x0000000000016afc       0x30 app/libapp.a(wasm_memory.c.obj)
                0x0000000000016afc                wasm_runtime_get_app_addr_range
 .text.wasm_runtime_get_native_addr_range
                0x0000000000016b2c       0x28 app/libapp.a(wasm_memory.c.obj)
                0x0000000000016b2c                wasm_runtime_get_native_addr_range
 .text.wasm_runtime_set_mem_bound_check_bytes
                0x0000000000016b54       0x18 app/libapp.a(wasm_memory.c.obj)
                0x0000000000016b54                wasm_runtime_set_mem_bound_check_bytes
 .text.wasm_enlarge_memory
                0x0000000000016b6c       0x12 app/libapp.a(wasm_memory.c.obj)
                0x0000000000016b6c                wasm_enlarge_memory
 .text.wasm_enlarge_memory_with_idx
                0x0000000000016b7e       0x1e app/libapp.a(wasm_memory.c.obj)
                0x0000000000016b7e                wasm_enlarge_memory_with_idx
 .text.wasm_deallocate_linear_memory
                0x0000000000016b9c       0x18 app/libapp.a(wasm_memory.c.obj)
                0x0000000000016b9c                wasm_deallocate_linear_memory
 .text.wasm_allocate_linear_memory
                0x0000000000016bb4       0x5c app/libapp.a(wasm_memory.c.obj)
                0x0000000000016bb4                wasm_allocate_linear_memory
 .text.GET_I64_FROM_ADDR
                0x0000000000016c10        0x6 app/libapp.a(wasm_native.c.obj)
 .text.invoke_no_args_v
                0x0000000000016c16        0x6 app/libapp.a(wasm_native.c.obj)
 .text.invoke_no_args_i
                0x0000000000016c1c        0xe app/libapp.a(wasm_native.c.obj)
 .text.invoke_no_args_I
                0x0000000000016c2a       0x10 app/libapp.a(wasm_native.c.obj)
 .text.invoke_i_v
                0x0000000000016c3a        0x8 app/libapp.a(wasm_native.c.obj)
 .text.invoke_i_i
                0x0000000000016c42       0x10 app/libapp.a(wasm_native.c.obj)
 .text.invoke_i_I
                0x0000000000016c52       0x12 app/libapp.a(wasm_native.c.obj)
 .text.invoke_I_v
                0x0000000000016c64       0x1a app/libapp.a(wasm_native.c.obj)
 .text.invoke_I_i
                0x0000000000016c7e       0x1a app/libapp.a(wasm_native.c.obj)
 .text.invoke_I_I
                0x0000000000016c98       0x1c app/libapp.a(wasm_native.c.obj)
 .text.invoke_ii_v
                0x0000000000016cb4       0x10 app/libapp.a(wasm_native.c.obj)
 .text.invoke_ii_i
                0x0000000000016cc4       0x12 app/libapp.a(wasm_native.c.obj)
 .text.invoke_ii_I
                0x0000000000016cd6       0x14 app/libapp.a(wasm_native.c.obj)
 .text.invoke_iI_v
                0x0000000000016cea       0x20 app/libapp.a(wasm_native.c.obj)
 .text.invoke_iI_i
                0x0000000000016d0a       0x20 app/libapp.a(wasm_native.c.obj)
 .text.invoke_iI_I
                0x0000000000016d2a       0x22 app/libapp.a(wasm_native.c.obj)
 .text.invoke_Ii_v
                0x0000000000016d4c       0x1c app/libapp.a(wasm_native.c.obj)
 .text.invoke_Ii_i
                0x0000000000016d68       0x22 app/libapp.a(wasm_native.c.obj)
 .text.invoke_Ii_I
                0x0000000000016d8a       0x24 app/libapp.a(wasm_native.c.obj)
 .text.invoke_II_v
                0x0000000000016dae       0x26 app/libapp.a(wasm_native.c.obj)
 .text.invoke_II_i
                0x0000000000016dd4       0x2a app/libapp.a(wasm_native.c.obj)
 .text.invoke_II_I
                0x0000000000016dfe       0x2c app/libapp.a(wasm_native.c.obj)
 .text.invoke_iii_v